Archive member included to satisfy reference by file (symbol)

build/cooja/contiki-ng-cooja.a(simEnvChange.o)
                              build/cooja/mtype568383937.o (simDontFallAsleep)
build/cooja/contiki-ng-cooja.a(cooja_mt.o)
                              build/cooja/mtype568383937.o (cooja_mt_start)
build/cooja/contiki-ng-cooja.a(cooja_mtarch.o)
                              build/cooja/contiki-ng-cooja.a(cooja_mt.o) (cooja_mtarch_start)
build/cooja/contiki-ng-cooja.a(rtimer-arch.o)
                              build/cooja/mtype568383937.o (rtimer_arch_check)
build/cooja/contiki-ng-cooja.a(beep.o)
                              build/cooja/mtype568383937.o (beep_interface)
build/cooja/contiki-ng-cooja.a(leds-arch.o)
                              build/cooja/mtype568383937.o (leds_interface)
build/cooja/contiki-ng-cooja.a(moteid.o)
                              build/cooja/mtype568383937.o (moteid_interface)
build/cooja/contiki-ng-cooja.a(pir-sensor.o)
                              build/cooja/mtype568383937.o (pir_interface)
build/cooja/contiki-ng-cooja.a(rs232.o)
                              build/cooja/mtype568383937.o (rs232_interface)
build/cooja/contiki-ng-cooja.a(vib-sensor.o)
                              build/cooja/mtype568383937.o (vib_interface)
build/cooja/contiki-ng-cooja.a(clock.o)
                              build/cooja/mtype568383937.o (clock_interface)
build/cooja/contiki-ng-cooja.a(cooja-log.o)
                              build/cooja/mtype568383937.o (simlog_interface)
build/cooja/contiki-ng-cooja.a(cfs-cooja.o)
                              build/cooja/mtype568383937.o (cfs_interface)
build/cooja/contiki-ng-cooja.a(cooja-radio.o)
                              build/cooja/mtype568383937.o (radio_interface)
build/cooja/contiki-ng-cooja.a(eeprom.o)
                              build/cooja/mtype568383937.o (eeprom_interface)
build/cooja/contiki-ng-cooja.a(random.o)
                              build/cooja/contiki-ng-cooja.a(moteid.o) (random_init)
build/cooja/contiki-ng-cooja.a(sensors.o)
                              build/cooja/contiki-ng-cooja.a(pir-sensor.o) (sensors_changed)
build/cooja/contiki-ng-cooja.a(leds.o)
                              build/cooja/contiki-ng-cooja.a(leds-arch.o) (leds_get)
build/cooja/contiki-ng-cooja.a(gpio-hal-arch.o)
                              build/cooja/contiki-ng-cooja.a(leds-arch.o) (gpio_hal_arch_register_pin_callback)
build/cooja/contiki-ng-cooja.a(buttons.o)
                              build/cooja/mtype568383937.o (button_interface)
build/cooja/contiki-ng-cooja.a(mqtt.o)
                              soil_humidity_server.o (mqtt_register)
build/cooja/contiki-ng-cooja.a(contiki-main.o)
                              build/cooja/mtype568383937.o (main)
build/cooja/contiki-ng-cooja.a(autostart.o)
                              build/cooja/contiki-ng-cooja.a(contiki-main.o) (autostart_start)
build/cooja/contiki-ng-cooja.a(ctimer.o)
                              build/cooja/contiki-ng-cooja.a(contiki-main.o) (ctimer_init)
build/cooja/contiki-ng-cooja.a(energest.o)
                              build/cooja/contiki-ng-cooja.a(contiki-main.o) (energest_init)
build/cooja/contiki-ng-cooja.a(etimer.o)
                              build/cooja/contiki-ng-cooja.a(contiki-main.o) (etimer_process)
build/cooja/contiki-ng-cooja.a(log.o)
                              build/cooja/contiki-ng-cooja.a(contiki-main.o) (curr_log_level_main)
build/cooja/contiki-ng-cooja.a(node-id.o)
                              build/cooja/contiki-ng-cooja.a(contiki-main.o) (node_id)
build/cooja/contiki-ng-cooja.a(process.o)
                              build/cooja/contiki-ng-cooja.a(mqtt.o) (process_current)
build/cooja/contiki-ng-cooja.a(rtimer.o)
                              build/cooja/contiki-ng-cooja.a(contiki-main.o) (rtimer_init)
build/cooja/contiki-ng-cooja.a(timer.o)
                              build/cooja/contiki-ng-cooja.a(mqtt.o) (timer_set)
build/cooja/contiki-ng-cooja.a(list.o)
                              build/cooja/contiki-ng-cooja.a(mqtt.o) (list_init)
build/cooja/contiki-ng-cooja.a(button-hal.o)
                              build/cooja/mtype568383937.o (button_hal_init)
build/cooja/contiki-ng-cooja.a(gpio-hal.o)
                              build/cooja/contiki-ng-cooja.a(button-hal.o) (gpio_hal_register_handler)
build/cooja/contiki-ng-cooja.a(serial-line.o)
                              build/cooja/contiki-ng-cooja.a(rs232.o) (serial_line_input_byte)
build/cooja/contiki-ng-cooja.a(linkaddr.o)
                              soil_humidity_server.o (linkaddr_node_addr)
build/cooja/contiki-ng-cooja.a(netstack.o)
                              build/cooja/contiki-ng-cooja.a(contiki-main.o) (netstack_init)
build/cooja/contiki-ng-cooja.a(packetbuf.o)
                              build/cooja/contiki-ng-cooja.a(cooja-radio.o) (packetbuf_clear)
build/cooja/contiki-ng-cooja.a(queuebuf.o)
[...]
Memory Configuration

Name             Origin             Length             Attributes
*default*        0x0000000000000000 0xffffffffffffffff

Linker script and memory map

LOAD /usr/lib/gcc/x86_64-linux-gnu/11/../../../x86_64-linux-gnu/crti.o
LOAD /usr/lib/gcc/x86_64-linux-gnu/11/crtbeginS.o
LOAD soil_humidity_server.o
LOAD build/cooja/mtype568383937.o
LOAD build/cooja/contiki-ng-cooja.a
LOAD /usr/lib/gcc/x86_64-linux-gnu/11/libgcc.a
LOAD /usr/lib/gcc/x86_64-linux-gnu/11/libgcc_s.so
START GROUP
LOAD /usr/lib/gcc/x86_64-linux-gnu/11/../../../x86_64-linux-gnu/libgcc_s.so.1
LOAD /usr/lib/gcc/x86_64-linux-gnu/11/libgcc.a
END GROUP
LOAD /usr/lib/gcc/x86_64-linux-gnu/11/../../../x86_64-linux-gnu/libc.so
START GROUP
LOAD /lib/x86_64-linux-gnu/libc.so.6
LOAD /usr/lib/x86_64-linux-gnu/libc_nonshared.a
LOAD /lib64/ld-linux-x86-64.so.2
END GROUP
LOAD /usr/lib/gcc/x86_64-linux-gnu/11/libgcc.a
LOAD /usr/lib/gcc/x86_64-linux-gnu/11/libgcc_s.so
START GROUP
LOAD /usr/lib/gcc/x86_64-linux-gnu/11/../../../x86_64-linux-gnu/libgcc_s.so.1
LOAD /usr/lib/gcc/x86_64-linux-gnu/11/libgcc.a
END GROUP
LOAD /usr/lib/gcc/x86_64-linux-gnu/11/crtendS.o
LOAD /usr/lib/gcc/x86_64-linux-gnu/11/../../../x86_64-linux-gnu/crtn.o
                0x00000000000002a8                . = (SEGMENT_START ("text-segment", 0x0) + SIZEOF_HEADERS)

.note.gnu.property
                0x00000000000002a8       0x20
 .note.gnu.property
                0x00000000000002a8       0x20 /usr/lib/gcc/x86_64-linux-gnu/11/../../../x86_64-linux-gnu/crti.o

.note.gnu.build-id
                0x00000000000002c8       0x24
 *(.note.gnu.build-id)
 .note.gnu.build-id
                0x00000000000002c8       0x24 /usr/lib/gcc/x86_64-linux-gnu/11/../../../x86_64-linux-gnu/crti.o

.hash
 *(.hash)

.gnu.hash       0x00000000000002f0     0x14c4
 *(.gnu.hash)
 .gnu.hash      0x00000000000002f0     0x14c4 /usr/lib/gcc/x86_64-linux-gnu/11/../../../x86_64-linux-gnu/crti.o

.dynsym         0x00000000000017b8     0x40c8
 *(.dynsym)
 .dynsym        0x00000000000017b8     0x40c8 /usr/lib/gcc/x86_64-linux-gnu/11/../../../x86_64-linux-gnu/crti.o

.dynstr         0x0000000000005880     0x30e3
 *(.dynstr)
 .dynstr        0x0000000000005880     0x30e3 /usr/lib/gcc/x86_64-linux-gnu/11/../../../x86_64-linux-gnu/crti.o

.gnu.version    0x0000000000008964      0x566
 *(.gnu.version)
 .gnu.version   0x0000000000008964      0x566 /usr/lib/gcc/x86_64-linux-gnu/11/../../../x86_64-linux-gnu/crti.o

.gnu.version_d  0x0000000000008ed0        0x0
 *(.gnu.version_d)
 .gnu.version_d
                0x0000000000008ed0        0x0 /usr/lib/gcc/x86_64-linux-gnu/11/../../../x86_64-linux-gnu/crti.o

.gnu.version_r  0x0000000000008ed0       0x40
 *(.gnu.version_r)
 .gnu.version_r
                0x0000000000008ed0       0x40 /usr/lib/gcc/x86_64-linux-gnu/11/../../../x86_64-linux-gnu/crti.o

.rela.dyn       0x0000000000008f10     0x1f20
 *(.rela.init)
 *(.rela.text .rela.text.* .rela.gnu.linkonce.t.*)
 .rela.text     0x0000000000008f10        0x0 /usr/lib/gcc/x86_64-linux-gnu/11/../../../x86_64-linux-gnu/crti.o
 *(.rela.fini)
 *(.rela.rodata .rela.rodata.* .rela.gnu.linkonce.r.*)
 *(.rela.data .rela.data.* .rela.gnu.linkonce.d.*)
 .rela.data.rel.local
                0x0000000000008f10      0x720 /usr/lib/gcc/x86_64-linux-gnu/11/../../../x86_64-linux-gnu/crti.o
 .rela.data.rel.ro
                0x0000000000009630      0x288 /usr/lib/gcc/x86_64-linux-gnu/11/../../../x86_64-linux-gnu/crti.o
 .rela.data.rel
                0x00000000000098b8      0x3a8 /usr/lib/gcc/x86_64-linux-gnu/11/../../../x86_64-linux-gnu/crti.o
 .rela.data.rel.ro.local
                0x0000000000009c60      0x5a0 /usr/lib/gcc/x86_64-linux-gnu/11/../../../x86_64-linux-gnu/crti.o
 *(.rela.tdata .rela.tdata.* .rela.gnu.linkonce.td.*)
 *(.rela.tbss .rela.tbss.* .rela.gnu.linkonce.tb.*)
 *(.rela.ctors)
 *(.rela.dtors)
 *(.rela.got)
 .rela.got      0x000000000000a200      0xc00 /usr/lib/gcc/x86_64-linux-gnu/11/../../../x86_64-linux-gnu/crti.o
 *(.rela.bss .rela.bss.* .rela.gnu.linkonce.b.*)
 *(.rela.ldata .rela.ldata.* .rela.gnu.linkonce.l.*)
 *(.rela.lbss .rela.lbss.* .rela.gnu.linkonce.lb.*)
 *(.rela.lrodata .rela.lrodata.* .rela.gnu.linkonce.lr.*)
 *(.rela.ifunc)
 .rela.ifunc    0x000000000000ae00        0x0 /usr/lib/gcc/x86_64-linux-gnu/11/../../../x86_64-linux-gnu/crti.o
 .rela.fini_array
                0x000000000000ae00       0x18 /usr/lib/gcc/x86_64-linux-gnu/11/../../../x86_64-linux-gnu/crti.o
 .rela.init_array
                0x000000000000ae18       0x18 /usr/lib/gcc/x86_64-linux-gnu/11/../../../x86_64-linux-gnu/crti.o

.rela.plt       0x000000000000ae30     0x22e0
 *(.rela.plt)
 .rela.plt      0x000000000000ae30     0x22e0 /usr/lib/gcc/x86_64-linux-gnu/11/../../../x86_64-linux-gnu/crti.o
 *(.rela.iplt)

.relr.dyn
 *(.relr.dyn)
                0x000000000000e000                . = ALIGN (CONSTANT (MAXPAGESIZE))

.init           0x000000000000e000       0x1b
 *(SORT_NONE(.init))
 .init          0x000000000000e000       0x16 /usr/lib/gcc/x86_64-linux-gnu/11/../../../x86_64-linux-gnu/crti.o
                0x000000000000e000                _init
 .init          0x000000000000e016        0x5 /usr/lib/gcc/x86_64-linux-gnu/11/../../../x86_64-linux-gnu/crtn.o

.plt            0x000000000000e020     0x1750
 *(.plt)
 .plt           0x000000000000e020     0x1750 /usr/lib/gcc/x86_64-linux-gnu/11/../../../x86_64-linux-gnu/crti.o
 *(.iplt)

.plt.got        0x000000000000f770       0x30
 *(.plt.got)
 .plt.got       0x000000000000f770       0x30 /usr/lib/gcc/x86_64-linux-gnu/11/../../../x86_64-linux-gnu/crti.o

.plt.sec        0x000000000000f7a0     0x1740
 *(.plt.sec)
 .plt.sec       0x000000000000f7a0     0x1740 /usr/lib/gcc/x86_64-linux-gnu/11/../../../x86_64-linux-gnu/crti.o

.text           0x0000000000010ee0    0x21472
 *(.text.unlikely .text.*_unlikely .text.unlikely.*)
 *(.text.exit .text.exit.*)
 *(.text.startup .text.startup.*)
 *(.text.hot .text.hot.*)
 *(SORT_BY_NAME(.text.sorted.*))
 *(.text .stub .text.* .gnu.linkonce.t.*)
 .text          0x0000000000010ee0        0x0 /usr/lib/gcc/x86_64-linux-gnu/11/../../../x86_64-linux-gnu/crti.o
 .text          0x0000000000010ee0       0xb9 /usr/lib/gcc/x86_64-linux-gnu/11/crtbeginS.o
 .text          0x0000000000010f99      0x5ef soil_humidity_server.o
 .text          0x0000000000011588      0x374 build/cooja/mtype568383937.o
                0x000000000001163e                platform_init_stage_one
                0x0000000000011653                platform_init_stage_two
                0x0000000000011668                platform_init_stage_three
                0x000000000001167d                platform_main_loop
                0x0000000000011717                JNI_OnLoad
                0x000000000001172e                Java_org_contikios_cooja_corecomm_Lib46_init
                0x0000000000011781                Java_org_contikios_cooja_corecomm_Lib46_getMemory
                0x00000000000117e0                Java_org_contikios_cooja_corecomm_Lib46_setMemory
                0x000000000001183f                Java_org_contikios_cooja_corecomm_Lib46_tick
                0x00000000000118cd                Java_org_contikios_cooja_corecomm_Lib46_setReferenceAddress
 .text          0x00000000000118fc       0x93 build/cooja/contiki-ng-cooja.a(simEnvChange.o)
                0x00000000000118fc                doActionsBeforeTick
                0x0000000000011945                doActionsAfterTick
 .text          0x000000000001198f       0xab build/cooja/contiki-ng-cooja.a(cooja_mt.o)
                0x000000000001198f                cooja_mt_start
                0x00000000000119cf                cooja_mt_exec
                0x0000000000011a12                cooja_mt_yield
 .text          0x0000000000011a3a      0x10e build/cooja/contiki-ng-cooja.a(cooja_mtarch.o)
                0x0000000000011a3a                cooja_mtarch_start
                0x0000000000011add                cooja_sw
                0x0000000000011b0a                cooja_mtarch_exec
                0x0000000000011b38                cooja_mtarch_yield
 .text          0x0000000000011b48       0xcc build/cooja/contiki-ng-cooja.a(rtimer-arch.o)
                0x0000000000011b48                rtimer_arch_init
                0x0000000000011b6e                rtimer_arch_schedule
                0x0000000000011b98                rtimer_arch_next
                0x0000000000011bac                rtimer_arch_pending
                0x0000000000011bbf                rtimer_arch_check
                0x0000000000011c00                rtimer_arch_now
 .text          0x0000000000011c14       0xe6 build/cooja/contiki-ng-cooja.a(beep.o)
                0x0000000000011c14                beep_alarm
                0x0000000000011c2f                beep_beep
                0x0000000000011c47                beep
                0x0000000000011c5c                beep_down
                0x0000000000011c74                beep_on
                0x0000000000011c89                beep_off
                0x0000000000011c9e                beep_spinup
                0x0000000000011cb3                beep_quick
                0x0000000000011ccb                beep_long
 .text          0x0000000000011cfa       0x80 build/cooja/contiki-ng-cooja.a(leds-arch.o)
                0x0000000000011d13                leds_arch_init
 .text          0x0000000000011d7a       0x41 build/cooja/contiki-ng-cooja.a(moteid.o)
 .text          0x0000000000011dbb       0xfa build/cooja/contiki-ng-cooja.a(pir-sensor.o)
 .text          0x0000000000011eb5      0x18b build/cooja/contiki-ng-cooja.a(rs232.o)
                0x0000000000011eb5                rs232_init
                0x0000000000011ec0                rs232_set_speed
                0x0000000000011ed0                rs232_set_input
                0x0000000000011eea                rs232_send
                0x0000000000011f09                rs232_print
                0x0000000000011f37                slip_arch_writeb
 .text          0x0000000000012040       0xfa build/cooja/contiki-ng-cooja.a(vib-sensor.o)
 .text          0x000000000001213a       0x6f build/cooja/contiki-ng-cooja.a(clock.o)
                0x000000000001213a                clock_init
                0x0000000000012145                clock_time
                0x0000000000012159                clock_seconds
                0x0000000000012185                clock_delay
 .text          0x00000000000121a9      0x214 build/cooja/contiki-ng-cooja.a(cooja-log.o)
                0x00000000000121a9                simlog_char
                0x0000000000012203                simlog
                0x0000000000012288                log_message
                0x00000000000122cd                log_set_putchar_with_slip
                0x00000000000122e4                dbg_putchar
                0x0000000000012365                dbg_send_bytes
 .text          0x00000000000123bd      0x39b build/cooja/contiki-ng-cooja.a(cfs-cooja.o)
                0x00000000000123bd                cfs_open
                0x000000000001243a                cfs_close
                0x000000000001244f                cfs_read
                0x0000000000012516                cfs_write
                0x0000000000012626                cfs_seek
                0x00000000000126d5                cfs_remove
                0x0000000000012705                cfs_opendir
                0x000000000001271c                cfs_readdir
                0x0000000000012733                cfs_closedir
 .text          0x0000000000012758      0x79f build/cooja/contiki-ng-cooja.a(cooja-radio.o)
                0x00000000000127b7                radio_set_channel
                0x00000000000127d1                radio_set_txpower
                0x00000000000127ee                radio_signal_strength_last
                0x0000000000012801                radio_signal_strength_current
                0x0000000000012814                radio_LQI
 .text          0x0000000000012ef7      0x163 build/cooja/contiki-ng-cooja.a(eeprom.o)
                0x0000000000012ef7                eeprom_init
                0x0000000000012f06                eeprom_read
                0x0000000000012fa5                eeprom_write
 .text          0x000000000001305a       0x2f build/cooja/contiki-ng-cooja.a(random.o)
                0x000000000001305a                random_init
                0x000000000001307a                random_rand
 .text          0x0000000000013089      0x35f build/cooja/contiki-ng-cooja.a(sensors.o)
                0x00000000000130d2                sensors_first
                0x00000000000130e6                sensors_next
                0x0000000000013115                sensors_changed
                0x0000000000013162                sensors_find
 .text          0x00000000000133e8      0x3ad build/cooja/contiki-ng-cooja.a(leds.o)
                0x00000000000133e8                leds_init
                0x0000000000013433                leds_single_on
                0x00000000000134a0                leds_single_off
                0x000000000001350d                leds_single_toggle
                0x0000000000013545                leds_on
                0x00000000000135d6                leds_off
                0x0000000000013667                leds_toggle
                0x00000000000136c3                leds_set
                0x00000000000136ec                leds_get
 .text          0x0000000000013795      0x41b build/cooja/contiki-ng-cooja.a(gpio-hal-arch.o)
                0x0000000000013795                gpio_hal_arch_register_pin_callback
                0x000000000001383c                gpio_hal_arch_init
                0x0000000000013892                gpio_hal_arch_no_port_interrupt_enable
                0x00000000000138df                gpio_hal_arch_no_port_interrupt_disable
                0x000000000001392c                gpio_hal_arch_no_port_pin_cfg_set
                0x0000000000013962                gpio_hal_arch_no_port_pin_cfg_get
                0x0000000000013996                gpio_hal_arch_no_port_pin_set_input
                0x00000000000139a9                gpio_hal_arch_no_port_pin_set_output
                0x00000000000139bc                gpio_hal_arch_no_port_set_pin
                0x00000000000139e0                gpio_hal_arch_no_port_clear_pin
                0x0000000000013a04                gpio_hal_arch_no_port_read_pin
                0x0000000000013a31                gpio_hal_arch_no_port_write_pin
                0x0000000000013a5b                gpio_hal_arch_no_port_set_pins
                0x0000000000013aaa                gpio_hal_arch_no_port_clear_pins
                0x0000000000013af9                gpio_hal_arch_no_port_read_pins
                0x0000000000013b47                gpio_hal_arch_no_port_write_pins
 .text          0x0000000000013bb0       0xa8 build/cooja/contiki-ng-cooja.a(buttons.o)
 .text          0x0000000000013c58     0x3e29 build/cooja/contiki-ng-cooja.a(mqtt.o)
                0x00000000000140f9                mqtt_decode_var_byte_int
                0x00000000000141fe                mqtt_encode_var_byte_int
                0x00000000000172e9                mqtt_init
                0x00000000000173c3                mqtt_register
                0x000000000001748b                mqtt_connect
                0x00000000000175cb                mqtt_disconnect
                0x000000000001761c                mqtt_subscribe
                0x0000000000017725                mqtt_unsubscribe
                0x000000000001781e                mqtt_publish
                0x0000000000017959                mqtt_set_username_password
                0x0000000000017a0a                mqtt_set_last_will
 .text          0x0000000000017a81      0x400 build/cooja/contiki-ng-cooja.a(contiki-main.o)
                0x0000000000017a81                main
 .text          0x0000000000017e81       0xbd build/cooja/contiki-ng-cooja.a(autostart.o)
                0x0000000000017e81                autostart_start
                0x0000000000017ee2                autostart_exit
 .text          0x0000000000017f3e      0x441 build/cooja/contiki-ng-cooja.a(ctimer.o)
                0x00000000000180a0                ctimer_init
                0x00000000000180d5                ctimer_set
                0x0000000000018119                ctimer_set_with_process
                0x00000000000181d3                ctimer_reset
                0x0000000000018244                ctimer_restart
                0x00000000000182b5                ctimer_stop
                0x0000000000018313                ctimer_expired
 .text          0x000000000001837f       0x25 build/cooja/contiki-ng-cooja.a(energest.o)
                0x000000000001837f                energest_init
                0x000000000001838a                energest_flush
                0x0000000000018395                energest_get_total_time
 .text          0x00000000000183a4      0x57c build/cooja/contiki-ng-cooja.a(etimer.o)
                0x000000000001864c                etimer_request_poll
                0x00000000000186fe                etimer_set
                0x0000000000018734                etimer_reset_with_new_interval
                0x000000000001876f                etimer_reset
                0x000000000001879a                etimer_restart
                0x00000000000187c5                etimer_adjust
                0x00000000000187f6                etimer_expired
                0x0000000000018815                etimer_expiration_time
                0x0000000000018835                etimer_start_time
                0x000000000001884a                etimer_pending
                0x0000000000018864                etimer_next_expiration_time
                0x0000000000018885                etimer_stop
 .text          0x0000000000018920      0x539 build/cooja/contiki-ng-cooja.a(log.o)
                0x0000000000018920                log_6addr
                0x0000000000018986                log_6addr_compact_snprint
                0x0000000000018a61                log_6addr_compact
                0x0000000000018ac7                log_lladdr
                0x0000000000018b47                log_lladdr_compact
                0x0000000000018bc9                log_bytes
                0x0000000000018c29                log_set_level
                0x0000000000018d37                log_get_level
                0x0000000000018dee                log_level_to_str
 .text          0x0000000000018e59       0x36 build/cooja/contiki-ng-cooja.a(node-id.o)
                0x0000000000018e59                node_id_init
 .text          0x0000000000018e8f      0x673 build/cooja/contiki-ng-cooja.a(process.o)
                0x0000000000018e8f                process_alloc_event
                0x0000000000018ea9                process_start
                0x0000000000019119                process_exit
                0x0000000000019145                process_init
                0x000000000001933c                process_run
                0x0000000000019371                process_nevents
                0x0000000000019391                process_post
                0x0000000000019459                process_post_synch
                0x00000000000194a7                process_poll
                0x00000000000194e4                process_is_running
 .text          0x0000000000019502      0x101 build/cooja/contiki-ng-cooja.a(rtimer.o)
                0x0000000000019502                rtimer_init
                0x0000000000019512                rtimer_set
                0x0000000000019593                rtimer_run_next
 .text          0x0000000000019603       0xfd build/cooja/contiki-ng-cooja.a(timer.o)
                0x0000000000019603                timer_set
                0x0000000000019632                timer_reset
                0x000000000001966e                timer_restart
                0x000000000001968d                timer_expired
                0x00000000000196c8                timer_remaining
 .text          0x0000000000019700      0x39b build/cooja/contiki-ng-cooja.a(list.o)
                0x0000000000019700                list_init
                0x000000000001971a                list_head
                0x000000000001972f                list_copy
                0x0000000000019750                list_tail
                0x0000000000019799                list_add
                0x00000000000197fd                list_push
                0x0000000000019840                list_chop
                0x00000000000198cd                list_pop
                0x0000000000019907                list_remove
                0x0000000000019993                list_length
                0x00000000000199ce                list_insert
                0x0000000000019a31                list_item_next
                0x0000000000019a54                list_contains
 .text          0x0000000000019a9b      0x574 build/cooja/contiki-ng-cooja.a(button-hal.o)
                0x0000000000019c66                button_hal_get_by_id
                0x0000000000019cb4                button_hal_get_by_index
                0x0000000000019ceb                button_hal_get_state
                0x0000000000019d4e                button_hal_init
 .text          0x000000000001a00f      0x181 build/cooja/contiki-ng-cooja.a(gpio-hal.o)
                0x000000000001a00f                gpio_hal_register_handler
                0x000000000001a038                gpio_hal_event_handler
                0x000000000001a0a3                gpio_hal_init
                0x000000000001a0c2                gpio_hal_arch_port_toggle_pin
                0x000000000001a0f9                gpio_hal_arch_port_toggle_pins
                0x000000000001a12a                gpio_hal_arch_no_port_toggle_pin
                0x000000000001a164                gpio_hal_arch_no_port_toggle_pins
 .text          0x000000000001a190      0x238 build/cooja/contiki-ng-cooja.a(serial-line.o)
                0x000000000001a190                serial_line_input_byte
                0x000000000001a38b                serial_line_init
 .text          0x000000000001a3c8       0x80 build/cooja/contiki-ng-cooja.a(linkaddr.o)
                0x000000000001a3c8                linkaddr_copy
                0x000000000001a3e9                linkaddr_cmp
                0x000000000001a41f                linkaddr_set_node_addr
 .text          0x000000000001a448      0x12b build/cooja/contiki-ng-cooja.a(netstack.o)
                0x000000000001a448                netstack_process_ip_callback
                0x000000000001a4e9                netstack_ip_packet_processor_add
                0x000000000001a519                uip_ds6_ip_packet_processor_rm
                0x000000000001a542                netstack_init
 .text          0x000000000001a573      0x4a8 build/cooja/contiki-ng-cooja.a(packetbuf.o)
                0x000000000001a573                packetbuf_clear
                0x000000000001a5a1                packetbuf_copyfrom
                0x000000000001a5fa                packetbuf_copyto
                0x000000000001a6a0                packetbuf_hdralloc
                0x000000000001a72f                packetbuf_hdrreduce
                0x000000000001a77f                packetbuf_set_datalen
                0x000000000001a79b                packetbuf_dataptr
                0x000000000001a7c0                packetbuf_hdrptr
                0x000000000001a7d1                packetbuf_datalen
                0x000000000001a7e2                packetbuf_hdrlen
                0x000000000001a7fe                packetbuf_totlen
                0x000000000001a820                packetbuf_remaininglen
                0x000000000001a838                packetbuf_attr_clear
                0x000000000001a89d                packetbuf_attr_copyto
                0x000000000001a8e8                packetbuf_attr_copyfrom
                0x000000000001a933                packetbuf_set_attr
                0x000000000001a963                packetbuf_attr
                0x000000000001a984                packetbuf_set_addr
                0x000000000001a9ca                packetbuf_addr
                0x000000000001a9f4                packetbuf_holds_broadcast
 .text          0x000000000001aa1b      0x382 build/cooja/contiki-ng-cooja.a(queuebuf.o)
                0x000000000001aa30                queuebuf_init
                0x000000000001aa59                queuebuf_numfree
                0x000000000001aa72                queuebuf_new_from_packetbuf
                0x000000000001ab25                queuebuf_update_attr_from_packetbuf
                0x000000000001ab68                queuebuf_update_from_packetbuf
                0x000000000001abc4                queuebuf_free
                0x000000000001ac20                queuebuf_to_packetbuf
                0x000000000001ac99                queuebuf_dataptr
                0x000000000001ace0                queuebuf_datalen
                0x000000000001ad10                queuebuf_addr
                0x000000000001ad57                queuebuf_attr
                0x000000000001ad92                queuebuf_debug_print
 .text          0x000000000001ad9d      0x116 build/cooja/contiki-ng-cooja.a(printf.o)
                0x000000000001add2                log_printf
 .text          0x000000000001aeb3       0x1e build/cooja/contiki-ng-cooja.a(putchar.o)
                0x000000000001aeb3                log_putchar
 .text          0x000000000001aed1       0x3d build/cooja/contiki-ng-cooja.a(puts.o)
                0x000000000001aed1                log_puts
 .text          0x000000000001af0e      0x1f8 build/cooja/contiki-ng-cooja.a(snprintf.o)
                0x000000000001af99                log_snprintf
                0x000000000001b07e                log_vsnprintf
 .text          0x000000000001b106      0x152 build/cooja/contiki-ng-cooja.a(sprintf.o)
                0x000000000001b151                log_sprintf
 .text          0x000000000001b258     0x170b build/cooja/contiki-ng-cooja.a(strformat.o)
                0x000000000001b5cb                format_str
                0x000000000001b6ac                format_str_v
 .text          0x000000000001c963      0x292 build/cooja/contiki-ng-cooja.a(csma.o)
 .text          0x000000000001cbf5     0x3747 build/cooja/contiki-ng-cooja.a(sicslowpan.o)
                0x000000000001d3cb                netstack_sniffer_add
                0x000000000001d3e5                netstack_sniffer_remove
                0x0000000000020305                sicslowpan_init
                0x000000000002032c                sicslowpan_get_last_rssi
 .text          0x000000000002033c      0xbaa build/cooja/contiki-ng-cooja.a(tcp-socket.o)
                0x0000000000020a75                tcp_socket_register
                0x0000000000020b3d                tcp_socket_connect
                0x0000000000020bfa                tcp_socket_listen
                0x0000000000020c87                tcp_socket_unlisten
                0x0000000000020d13                tcp_socket_send
                0x0000000000020dd0                tcp_socket_send_str
                0x0000000000020e07                tcp_socket_close
                0x0000000000020e3c                tcp_socket_unregister
                0x0000000000020ea5                tcp_socket_max_sendlen
                0x0000000000020ecd                tcp_socket_queuelen
 .text          0x0000000000020ee6      0xc96 build/cooja/contiki-ng-cooja.a(tcpip.o)
                0x0000000000020f16                tcpip_output
                0x0000000000021018                tcp_connect
                0x000000000002107f                tcp_unlisten
                0x00000000000210ef                tcp_listen
                0x000000000002115b                tcp_attach
                0x0000000000021189                udp_attach
                0x00000000000211b7                udp_new
                0x0000000000021212                udp_broadcast_new
                0x0000000000021525                tcpip_input
                0x00000000000216fd                tcpip_ipv6_output
                0x0000000000021956                tcpip_poll_udp
                0x0000000000021984                tcpip_poll_tcp
                0x00000000000219b2                tcpip_uipcall
 .text          0x0000000000021b7c      0x416 build/cooja/contiki-ng-cooja.a(uip-ds6-nbr.o)
                0x0000000000021b7c                uip_ds6_neighbors_init
                0x0000000000021ba5                uip_ds6_nbr_add
                0x0000000000021c43                uip_ds6_nbr_rm
                0x0000000000021ca0                uip_ds6_nbr_update_ll
                0x0000000000021da5                uip_ds6_nbr_get_ipaddr
                0x0000000000021dc5                uip_ds6_nbr_get_ll
                0x0000000000021ded                uip_ds6_nbr_num
                0x0000000000021e3f                uip_ds6_nbr_head
                0x0000000000021e58                uip_ds6_nbr_next
                0x0000000000021e80                uip_ds6_nbr_lookup
                0x0000000000021ee9                uip_ds6_nbr_ll_lookup
                0x0000000000021f11                uip_ds6_nbr_ipaddr_from_lladdr
                0x0000000000021f45                uip_ds6_nbr_lladdr_from_ipaddr
                0x0000000000021f81                uip_ds6_link_callback
 .text          0x0000000000021f92      0x3f9 build/cooja/contiki-ng-cooja.a(uip-ds6-route.o)
                0x0000000000021fe9                uip_ds6_route_init
                0x0000000000022012                uip_ds6_route_count_nexthop_neighbors
                0x0000000000022021                uip_ds6_route_nexthop
                0x0000000000022034                uip_ds6_route_head
                0x0000000000022043                uip_ds6_route_next
                0x0000000000022056                uip_ds6_route_is_nexthop
                0x0000000000022069                uip_ds6_route_num_routes
                0x0000000000022078                uip_ds6_route_lookup
                0x000000000002208b                uip_ds6_route_add
                0x00000000000220a7                uip_ds6_route_rm
                0x00000000000220b6                uip_ds6_route_rm_by_nexthop
                0x00000000000220c5                uip_ds6_defrt_head
                0x00000000000220de                uip_ds6_defrt_add
                0x000000000002219e                uip_ds6_defrt_rm
                0x0000000000022214                uip_ds6_defrt_lookup
                0x000000000002228b                uip_ds6_defrt_choose
                0x000000000002230e                uip_ds6_defrt_periodic
 .text          0x000000000002238b      0xebc build/cooja/contiki-ng-cooja.a(uip-ds6.o)
                0x000000000002238b                uip_ds6_default_prefix
                0x000000000002239c                uip_ds6_set_default_prefix
                0x00000000000223c4                uip_ds6_init
                0x0000000000022663                uip_ds6_periodic
                0x0000000000022705                uip_ds6_list_loop
                0x00000000000227ee                uip_ds6_prefix_add
                0x00000000000228bf                uip_ds6_prefix_rm
                0x00000000000228dd                uip_ds6_prefix_lookup
                0x0000000000022934                uip_ds6_is_addr_onlink
                0x00000000000229c8                uip_ds6_addr_add
                0x0000000000022b13                uip_ds6_addr_rm
                0x0000000000022bce                uip_ds6_addr_lookup
                0x0000000000022c23                uip_ds6_get_link_local
                0x0000000000022cc8                uip_ds6_get_global
                0x0000000000022d6d                uip_ds6_maddr_add
                0x0000000000022de9                uip_ds6_maddr_rm
                0x0000000000022e07                uip_ds6_maddr_lookup
                0x0000000000022e5f                uip_ds6_aaddr_add
                0x0000000000022edb                uip_ds6_aaddr_rm
                0x0000000000022ef9                uip_ds6_aaddr_lookup
                0x0000000000022f51                uip_ds6_select_src
                0x00000000000230db                uip_ds6_set_addr_iid
                0x0000000000023114                uip_ds6_set_lladdr_from_iid
                0x000000000002314b                get_match_length
                0x00000000000231f9                uip_ds6_compute_reachable_time
 .text          0x0000000000023247      0x1b9 build/cooja/contiki-ng-cooja.a(uip-packetqueue.o)
                0x0000000000023286                uip_packetqueue_new
                0x00000000000232a0                uip_packetqueue_alloc
                0x000000000002331a                uip_packetqueue_free
                0x0000000000023372                uip_packetqueue_buf
                0x000000000002339e                uip_packetqueue_buflen
                0x00000000000233cd                uip_packetqueue_set_buflen
 .text          0x0000000000023400     0x3915 build/cooja/contiki-ng-cooja.a(uip6.o)
                0x0000000000023400                uip_add32
                0x000000000002360a                uip_chksum
                0x00000000000236f0                uip_icmp6chksum
                0x0000000000023704                uip_tcpchksum
                0x0000000000023718                uip_udpchksum
                0x000000000002372c                uip_init
                0x00000000000237f1                uip_connect
                0x000000000002399b                uip_remove_ext_hdr
                0x0000000000023a9c                uip_udp_new
                0x0000000000023c08                uip_unlisten
                0x0000000000023c57                uip_listen
                0x0000000000023f79                uip_process
                0x0000000000026b9b                uip_htons
                0x0000000000026bbe                uip_htonl
                0x0000000000026c06                uip_send
 .text          0x0000000000026d15      0x5b1 build/cooja/contiki-ng-cooja.a(uipbuf.o)
                0x0000000000026d15                uipbuf_clear
                0x0000000000026d47                uipbuf_add_ext_hdr
                0x0000000000026ddf                uipbuf_set_len
                0x0000000000026e11                uipbuf_set_len_field
                0x0000000000026e44                uipbuf_get_len_field
                0x0000000000026e6f                uipbuf_get_next_header
                0x0000000000026fe1                uipbuf_get_last_header
                0x0000000000027074                uipbuf_search_header
                0x000000000002713b                uipbuf_get_attr
                0x000000000002716c                uipbuf_set_attr
                0x00000000000271ac                uipbuf_set_default_attr
                0x00000000000271ec                uipbuf_clear_attr
                0x0000000000027213                uipbuf_set_attr_flag
                0x0000000000027236                uipbuf_clr_attr_flag
                0x000000000002725f                uipbuf_is_attr_flag
                0x0000000000027284                uipbuf_init
 .text          0x00000000000272c6      0x57d build/cooja/contiki-ng-cooja.a(uiplib.o)
                0x00000000000272c6                uiplib_ip6addrconv
                0x00000000000274a2                uiplib_ip4addrconv
                0x0000000000027574                uiplib_ipaddr_print
                0x00000000000275da                uiplib_ipaddr_snprint
 .text          0x0000000000027843      0x66e build/cooja/contiki-ng-cooja.a(rpl.o)
                0x0000000000027843                rpl_lollipop_greater_than
                0x00000000000278a7                rpl_get_global_address
                0x0000000000027a47                rpl_link_callback
                0x0000000000027ab1                rpl_has_joined
                0x0000000000027ae4                rpl_is_reachable
                0x0000000000027b8a                rpl_reset_prefix
                0x0000000000027c01                rpl_set_prefix_from_addr
                0x0000000000027d1c                rpl_set_prefix
                0x0000000000027e86                rpl_set_leaf_only
                0x0000000000027ea0                rpl_get_leaf_only
 .text          0x0000000000027eb1       0x49 build/cooja/contiki-ng-cooja.a(watchdog.o)
                0x0000000000027eb1                watchdog_init
                0x0000000000027ebc                watchdog_start
                0x0000000000027ec7                watchdog_periodic
                0x0000000000027ee4                watchdog_stop
                0x0000000000027eef                watchdog_reboot
 .text          0x0000000000027efa       0x61 build/cooja/contiki-ng-cooja.a(int-master.o)
                0x0000000000027efa                int_master_enable
                0x0000000000027f0f                int_master_read_and_disable
                0x0000000000027f2f                int_master_status_set
                0x0000000000027f46                int_master_is_enabled
 .text          0x0000000000027f5b      0x125 build/cooja/contiki-ng-cooja.a(stimer.o)
                0x0000000000027f5b                stimer_set
                0x0000000000027f8a                stimer_reset
                0x0000000000027fc6                stimer_restart
                0x0000000000027fe5                stimer_expired
                0x0000000000028027                stimer_remaining
                0x000000000002805f                stimer_elapsed
 .text          0x0000000000028080      0x21a build/cooja/contiki-ng-cooja.a(memb.o)
                0x0000000000028080                memb_init
                0x00000000000280e3                memb_alloc
                0x000000000002815d                memb_free
                0x00000000000281f0                memb_inmemb
                0x0000000000028247                memb_numfree
 .text          0x000000000002829a      0x19d build/cooja/contiki-ng-cooja.a(ringbuf.o)
                0x000000000002829a                ringbuf_init
                0x00000000000282db                ringbuf_put
                0x000000000002836a                ringbuf_get
                0x00000000000283e8                ringbuf_size
                0x0000000000028404                ringbuf_elements
 .text          0x0000000000028437      0x481 build/cooja/contiki-ng-cooja.a(link-stats.o)
                0x0000000000028437                link_stats_from_lladdr
                0x000000000002845f                link_stats_get_lladdr
                0x0000000000028487                link_stats_is_fresh
                0x00000000000284cf                guess_etx_from_rssi
                0x0000000000028554                link_stats_packet_sent
                0x00000000000286b8                link_stats_input_callback
                0x000000000002881a                link_stats_reset
                0x0000000000028876                link_stats_init
 .text          0x00000000000288b8      0xcb3 build/cooja/contiki-ng-cooja.a(nbr-table.o)
                0x0000000000028d16                nbr_table_count_entries
                0x0000000000028db8                nbr_table_gc_get_worst
                0x0000000000028dfb                nbr_table_can_accept_new
                0x0000000000028fb0                nbr_table_entry_is_allowed
                0x000000000002905d                nbr_table_register
                0x00000000000290ef                nbr_table_is_registered
                0x0000000000029146                nbr_table_head
                0x00000000000291b4                nbr_table_next
                0x0000000000029231                nbr_table_add_lladdr
                0x0000000000029391                nbr_table_get_from_lladdr
                0x00000000000293f0                nbr_table_remove
                0x000000000002944a                nbr_table_lock
                0x000000000002947f                nbr_table_unlock
                0x00000000000294b4                nbr_table_get_lladdr
                0x00000000000294f7                nbr_table_clear
                0x0000000000029534                nbr_table_key_head
                0x000000000002954d                nbr_table_key_next
 .text          0x000000000002956b      0x1e0 build/cooja/contiki-ng-cooja.a(mac-sequence.o)
                0x000000000002956b                mac_sequence_is_duplicate
                0x000000000002964c                mac_sequence_register_seqno
 .text          0x000000000002974b      0x451 build/cooja/contiki-ng-cooja.a(framer-802154.o)
                0x00000000000298e6                framer_802154_setup_params
 .text          0x0000000000029b9c      0xae3 build/cooja/contiki-ng-cooja.a(csma-output.o)
                0x000000000002a37e                csma_output_packet
                0x000000000002a647                csma_output_init
 .text          0x000000000002a67f       0x3d build/cooja/contiki-ng-cooja.a(csma-security.o)
                0x000000000002a67f                csma_security_create_frame
                0x000000000002a6a5                csma_security_parse_frame
 .text          0x000000000002a6bc      0x8b7 build/cooja/contiki-ng-cooja.a(uip-icmp6.o)
                0x000000000002a739                uip_icmp6_input
                0x000000000002a797                uip_icmp6_register_input_handler
                0x000000000002a929                uip_icmp6_error_output
                0x000000000002ac8e                uip_icmp6_send
                0x000000000002aeda                uip_icmp6_echo_reply_callback_add
                0x000000000002af21                uip_icmp6_echo_reply_callback_rm
                0x000000000002af4a                uip_icmp6_init
 .text          0x000000000002af73      0x87f build/cooja/contiki-ng-cooja.a(uip-nd6.o)
                0x000000000002b7d8                uip_nd6_init
 .text          0x000000000002b7f2      0x7e7 build/cooja/contiki-ng-cooja.a(uip-sr.o)
                0x000000000002b7f2                uip_sr_num_nodes
                0x000000000002b89d                uip_sr_get_node
                0x000000000002b905                uip_sr_is_addr_reachable
                0x000000000002b9cd                uip_sr_expire_parent
                0x000000000002ba3c                uip_sr_update_node
                0x000000000002bbb0                uip_sr_init
                0x000000000002bbe3                uip_sr_node_head
                0x000000000002bbfc                uip_sr_node_next
                0x000000000002bc1a                uip_sr_periodic
                0x000000000002bd56                uip_sr_free_all
                0x000000000002bdd5                uip_sr_link_snprint
 .text          0x000000000002bfd9      0x35a build/cooja/contiki-ng-cooja.a(rpl-dag-root.o)
                0x000000000002bfd9                rpl_dag_root_print_links
                0x000000000002c14e                rpl_dag_root_set_prefix
                0x000000000002c18a                rpl_dag_root_start
                0x000000000002c2f3                rpl_dag_root_is_root
 .text          0x000000000002c333     0x1219 build/cooja/contiki-ng-cooja.a(rpl-dag.o)
                0x000000000002c333                rpl_dag_state_to_str
                0x000000000002c391                rpl_dag_get_root_ipaddr
                0x000000000002c3db                rpl_dag_leave
                0x000000000002c486                rpl_dag_poison_and_leave
                0x000000000002c4a4                rpl_dag_periodic
                0x000000000002c568                rpl_is_addr_in_our_dag
                0x000000000002c5c4                rpl_get_default_instance
                0x000000000002c5eb                rpl_get_any_dag
                0x000000000002c658                rpl_refresh_routes
                0x000000000002c6ba                rpl_global_repair
                0x000000000002c77c                rpl_local_repair
                0x000000000002c7de                rpl_dag_ready_to_advertise
                0x000000000002c836                rpl_dag_update_state
                0x000000000002d0f9                rpl_process_dio
                0x000000000002d19b                rpl_process_dis
                0x000000000002d1ef                rpl_process_dao
                0x000000000002d298                rpl_process_dao_ack
                0x000000000002d348                rpl_process_hbh
                0x000000000002d3a7                rpl_dag_init_root
                0x000000000002d528                rpl_dag_init
 .text          0x000000000002d54c      0xdef build/cooja/contiki-ng-cooja.a(rpl-ext-header.o)
                0x000000000002d54c                rpl_ext_header_srh_get_next_hop
                0x000000000002d65d                rpl_ext_header_srh_update
                0x000000000002dcec                rpl_ext_header_hbh_update
                0x000000000002e08c                rpl_ext_header_update
                0x000000000002e136                rpl_ext_header_remove
 .text          0x000000000002e33b     0x16eb build/cooja/contiki-ng-cooja.a(rpl-icmp6.o)
                0x000000000002e4cf                rpl_icmp6_update_nbr_table
                0x000000000002e584                rpl_icmp6_dis_output
                0x000000000002eca8                rpl_icmp6_dio_output
                0x000000000002f5d8                rpl_icmp6_dao_output
                0x000000000002f949                rpl_icmp6_dao_ack_output
                0x000000000002f9df                rpl_icmp6_init
 .text          0x000000000002fa26      0x36f build/cooja/contiki-ng-cooja.a(rpl-mrhof.o)
 .text          0x000000000002fd95       0x8c build/cooja/contiki-ng-cooja.a(rpl-nbr-policy.o)
                0x000000000002fddd                rpl_nbr_gc_get_worst
 .text          0x000000000002fe21      0xadd build/cooja/contiki-ng-cooja.a(rpl-neighbor.o)
                0x000000000002feb4                rpl_neighbor_snprint
                0x00000000000301e2                rpl_neighbor_print_list
                0x00000000000302b9                rpl_neighbor_count
                0x00000000000303a4                rpl_neighbor_get_from_lladdr
                0x00000000000303cf                rpl_neighbor_is_acceptable_parent
                0x000000000003041b                rpl_neighbor_get_link_metric
                0x0000000000030467                rpl_neighbor_rank_via_nbr
                0x00000000000304b3                rpl_neighbor_get_lladdr
                0x00000000000304de                rpl_neighbor_get_ipaddr
                0x000000000003050c                rpl_neighbor_get_link_stats
                0x000000000003053a                rpl_neighbor_is_fresh
                0x0000000000030568                rpl_neighbor_is_parent
                0x00000000000305a1                rpl_neighbor_set_preferred_parent
                0x0000000000030658                rpl_neighbor_remove_all
                0x00000000000306be                rpl_neighbor_get_from_ipaddr
                0x00000000000307f7                rpl_neighbor_select_best
                0x00000000000308d7                rpl_neighbor_init
 .text          0x00000000000308fe      0xd3d build/cooja/contiki-ng-cooja.a(rpl-timers.o)
                0x00000000000308fe                rpl_timers_schedule_periodic_dis
                0x0000000000030ab4                rpl_timers_dio_reset
                0x0000000000030c38                rpl_timers_schedule_unicast_dio
                0x0000000000030e1f                rpl_timers_schedule_dao
                0x0000000000030f25                rpl_timers_schedule_dao_ack
                0x0000000000030fea                rpl_timers_notify_dao_ack
                0x000000000003105f                get_probing_delay
                0x00000000000310a6                get_probing_target
                0x00000000000312e4                rpl_schedule_probing
                0x000000000003132b                rpl_schedule_probing_now
                0x00000000000313b9                rpl_timers_unschedule_leaving
                0x0000000000031403                rpl_timers_schedule_leaving
                0x0000000000031461                rpl_timers_init
                0x0000000000031513                rpl_timers_stop_dag_timers
                0x00000000000315b5                rpl_timers_unschedule_state_update
                0x00000000000315e2                rpl_timers_schedule_state_update
 .text          0x000000000003163b       0x34 build/cooja/contiki-ng-cooja.a(assert.o)
                0x000000000003163b                _xassert
 .text          0x000000000003166f       0x3a build/cooja/contiki-ng-cooja.a(mac.o)
                0x000000000003166f                mac_call_sent_callback
 .text          0x00000000000316a9      0xca9 build/cooja/contiki-ng-cooja.a(frame802154.o)
                0x00000000000316d7                frame802154_get_pan_id
                0x00000000000316e8                frame802154_set_pan_id
                0x0000000000031704                frame802154_has_panid
                0x00000000000318e3                frame802154_check_dest_panid
                0x0000000000031981                frame802154_is_broadcast_addr
                0x00000000000319d8                frame802154_extract_linkaddr
                0x0000000000031c72                frame802154_hdrlen
                0x0000000000031cf1                frame802154_create_fcf
                0x0000000000031dc3                frame802154_create
                0x0000000000031f6d                frame802154_parse_fcf
                0x0000000000032064                frame802154_parse
 .text          0x0000000000032352        0x0 /usr/lib/gcc/x86_64-linux-gnu/11/crtendS.o
 .text          0x0000000000032352        0x0 /usr/lib/gcc/x86_64-linux-gnu/11/../../../x86_64-linux-gnu/crtn.o
 *(.gnu.warning)

.fini           0x0000000000032354        0xd
 *(SORT_NONE(.fini))
 .fini          0x0000000000032354        0x8 /usr/lib/gcc/x86_64-linux-gnu/11/../../../x86_64-linux-gnu/crti.o
                0x0000000000032354                _fini
 .fini          0x000000000003235c        0x5 /usr/lib/gcc/x86_64-linux-gnu/11/../../../x86_64-linux-gnu/crtn.o
                [!provide]                        PROVIDE (__etext = .)
                [!provide]                        PROVIDE (_etext = .)
                [!provide]                        PROVIDE (etext = .)
                0x0000000000033000                . = ALIGN (CONSTANT (MAXPAGESIZE))
                0x0000000000033000                . = SEGMENT_START ("rodata-segment", (ALIGN (CONSTANT (MAXPAGESIZE)) + (. & (CONSTANT (MAXPAGESIZE) - 0x1))))

.rodata         0x0000000000033000      0xd0d
 *(.rodata .rodata.* .gnu.linkonce.r.*)
 .rodata        0x0000000000033000      0x23e soil_humidity_server.o
 .rodata        0x000000000003323e        0x6 build/cooja/contiki-ng-cooja.a(leds-arch.o)
                0x000000000003323e                leds_arch_leds
 .rodata        0x0000000000033244        0x4 build/cooja/contiki-ng-cooja.a(pir-sensor.o)
 .rodata        0x0000000000033248        0x3 build/cooja/contiki-ng-cooja.a(rs232.o)
 .rodata        0x000000000003324b        0xa build/cooja/contiki-ng-cooja.a(vib-sensor.o)
 *fill*         0x0000000000033255        0x3 
 .rodata        0x0000000000033258       0x26 build/cooja/contiki-ng-cooja.a(cfs-cooja.o)
 *fill*         0x000000000003327e        0x2 
 .rodata        0x0000000000033280       0x68 build/cooja/contiki-ng-cooja.a(cooja-radio.o)
 .rodata        0x00000000000332e8        0x8 build/cooja/contiki-ng-cooja.a(sensors.o)
 .rodata        0x00000000000332f0       0x14 build/cooja/contiki-ng-cooja.a(buttons.o)
                0x00000000000332fc                button_hal_button_count
 .rodata        0x0000000000033304      0x29c build/cooja/contiki-ng-cooja.a(mqtt.o)
 .rodata        0x00000000000335a0       0xf4 build/cooja/contiki-ng-cooja.a(contiki-main.o)
 .rodata        0x0000000000033694        0xf build/cooja/contiki-ng-cooja.a(ctimer.o)
 .rodata        0x00000000000336a3        0xc build/cooja/contiki-ng-cooja.a(etimer.o)
 *fill*         0x00000000000336af        0x1 
 .rodata        0x00000000000336b0       0xc0 build/cooja/contiki-ng-cooja.a(log.o)
 .rodata        0x0000000000033770       0x13 build/cooja/contiki-ng-cooja.a(button-hal.o)
 .rodata        0x0000000000033783        0xe build/cooja/contiki-ng-cooja.a(serial-line.o)
 *fill*         0x0000000000033791        0x7 
 .rodata        0x0000000000033798        0x8 build/cooja/contiki-ng-cooja.a(linkaddr.o)
                0x0000000000033798                linkaddr_null
 .rodata        0x00000000000337a0      0x280 build/cooja/contiki-ng-cooja.a(strformat.o)
 .rodata        0x0000000000033a20        0x5 build/cooja/contiki-ng-cooja.a(csma.o)
 .rodata        0x0000000000033a25       0x1d build/cooja/contiki-ng-cooja.a(sicslowpan.o)
                0x0000000000033a25                unc_llconf
                0x0000000000033a29                unc_ctxconf
                0x0000000000033a2d                unc_mxconf
                0x0000000000033a31                llprefix
 .rodata        0x0000000000033a42       0x13 build/cooja/contiki-ng-cooja.a(tcp-socket.o)
 .rodata        0x0000000000033a55        0xd build/cooja/contiki-ng-cooja.a(tcpip.o)
 *fill*         0x0000000000033a62        0x6 
 .rodata        0x0000000000033a68       0x4c build/cooja/contiki-ng-cooja.a(uip-ds6-route.o)
 .rodata        0x0000000000033ab4       0x48 build/cooja/contiki-ng-cooja.a(uip6.o)
 .rodata        0x0000000000033afc       0x2d build/cooja/contiki-ng-cooja.a(uiplib.o)
 .rodata        0x0000000000033b29        0x9 build/cooja/contiki-ng-cooja.a(rpl.o)
 *fill*         0x0000000000033b32        0x6 
 .rodata        0x0000000000033b38       0x2a build/cooja/contiki-ng-cooja.a(csma-output.o)
 .rodata        0x0000000000033b62       0x44 build/cooja/contiki-ng-cooja.a(uip-sr.o)
 .rodata        0x0000000000033ba6       0xd7 build/cooja/contiki-ng-cooja.a(rpl-dag.o)
 *fill*         0x0000000000033c7d        0x3 
 .rodata        0x0000000000033c80       0x58 build/cooja/contiki-ng-cooja.a(rpl-neighbor.o)
 .rodata        0x0000000000033cd8        0xc build/cooja/contiki-ng-cooja.a(rpl-timers.o)
 *fill*         0x0000000000033ce4        0x4 
 .rodata        0x0000000000033ce8       0x25 build/cooja/contiki-ng-cooja.a(assert.o)

.rodata1
 *(.rodata1)

.eh_frame_hdr   0x0000000000033d10     0x18ec
 *(.eh_frame_hdr)
 .eh_frame_hdr  0x0000000000033d10     0x18ec soil_humidity_server.o
                0x0000000000033d10                __GNU_EH_FRAME_HDR
 *(.eh_frame_entry .eh_frame_entry.*)

.eh_frame       0x0000000000035600     0x6418
 *(.eh_frame)
 .eh_frame      0x0000000000035600       0x40 /usr/lib/gcc/x86_64-linux-gnu/11/../../../x86_64-linux-gnu/crti.o
 .eh_frame      0x0000000000035640       0x18 /usr/lib/gcc/x86_64-linux-gnu/11/../../../x86_64-linux-gnu/crti.o
                                         0x30 (size before relaxing)
 .eh_frame      0x0000000000035658       0x18 /usr/lib/gcc/x86_64-linux-gnu/11/../../../x86_64-linux-gnu/crti.o
                                         0x30 (size before relaxing)
 .eh_frame      0x0000000000035670       0x88 soil_humidity_server.o
                                         0xa0 (size before relaxing)
 .eh_frame      0x00000000000356f8      0x198 build/cooja/mtype568383937.o
                                        0x1b0 (size before relaxing)
 .eh_frame      0x0000000000035890       0x40 build/cooja/contiki-ng-cooja.a(simEnvChange.o)
                                         0x58 (size before relaxing)
 .eh_frame      0x00000000000358d0       0x60 build/cooja/contiki-ng-cooja.a(cooja_mt.o)
                                         0x78 (size before relaxing)
 .eh_frame      0x0000000000035930       0x80 build/cooja/contiki-ng-cooja.a(cooja_mtarch.o)
                                         0x98 (size before relaxing)
 .eh_frame      0x00000000000359b0       0xc0 build/cooja/contiki-ng-cooja.a(rtimer-arch.o)
                                         0xd8 (size before relaxing)
 .eh_frame      0x0000000000035a70      0x160 build/cooja/contiki-ng-cooja.a(beep.o)
                                        0x178 (size before relaxing)
 .eh_frame      0x0000000000035bd0       0x80 build/cooja/contiki-ng-cooja.a(leds-arch.o)
                                         0x98 (size before relaxing)
 .eh_frame      0x0000000000035c50       0x40 build/cooja/contiki-ng-cooja.a(moteid.o)
                                         0x58 (size before relaxing)
 .eh_frame      0x0000000000035c90       0xa0 build/cooja/contiki-ng-cooja.a(pir-sensor.o)
                                         0xb8 (size before relaxing)
 .eh_frame      0x0000000000035d30      0x100 build/cooja/contiki-ng-cooja.a(rs232.o)
                                        0x118 (size before relaxing)
 .eh_frame      0x0000000000035e30       0xa0 build/cooja/contiki-ng-cooja.a(vib-sensor.o)
                                         0xb8 (size before relaxing)
 .eh_frame      0x0000000000035ed0       0xc0 build/cooja/contiki-ng-cooja.a(clock.o)
                                         0xd8 (size before relaxing)
 .eh_frame      0x0000000000035f90      0x100 build/cooja/contiki-ng-cooja.a(cooja-log.o)
                                        0x118 (size before relaxing)
 .eh_frame      0x0000000000036090      0x160 build/cooja/contiki-ng-cooja.a(cfs-cooja.o)
                                        0x178 (size before relaxing)
 .eh_frame      0x00000000000361f0      0x360 build/cooja/contiki-ng-cooja.a(cooja-radio.o)
                                        0x378 (size before relaxing)
 .eh_frame      0x0000000000036550       0xa0 build/cooja/contiki-ng-cooja.a(eeprom.o)
                                         0xb8 (size before relaxing)
 .eh_frame      0x00000000000365f0       0x40 build/cooja/contiki-ng-cooja.a(random.o)
                                         0x58 (size before relaxing)
 .eh_frame      0x0000000000036630       0xc0 build/cooja/contiki-ng-cooja.a(sensors.o)
                                         0xd8 (size before relaxing)
 .eh_frame      0x00000000000366f0      0x120 build/cooja/contiki-ng-cooja.a(leds.o)
                                        0x138 (size before relaxing)
 .eh_frame      0x0000000000036810      0x220 build/cooja/contiki-ng-cooja.a(gpio-hal-arch.o)
                                        0x238 (size before relaxing)
 .eh_frame      0x0000000000036a30       0xa0 build/cooja/contiki-ng-cooja.a(buttons.o)
                                         0xb8 (size before relaxing)
 .eh_frame      0x0000000000036ad0      0x4e0 build/cooja/contiki-ng-cooja.a(mqtt.o)
                                        0x4f8 (size before relaxing)
 .eh_frame      0x0000000000036fb0       0x20 build/cooja/contiki-ng-cooja.a(contiki-main.o)
                                         0x38 (size before relaxing)
 .eh_frame      0x0000000000036fd0       0x40 build/cooja/contiki-ng-cooja.a(autostart.o)
                                         0x58 (size before relaxing)
 .eh_frame      0x0000000000037010      0x100 build/cooja/contiki-ng-cooja.a(ctimer.o)
                                        0x118 (size before relaxing)
 .eh_frame      0x0000000000037110       0x60 build/cooja/contiki-ng-cooja.a(energest.o)
                                         0x78 (size before relaxing)
 .eh_frame      0x0000000000037170      0x1e0 build/cooja/contiki-ng-cooja.a(etimer.o)
                                        0x1f8 (size before relaxing)
 .eh_frame      0x0000000000037350      0x120 build/cooja/contiki-ng-cooja.a(log.o)
                                        0x138 (size before relaxing)
 .eh_frame      0x0000000000037470       0x20 build/cooja/contiki-ng-cooja.a(node-id.o)
                                         0x38 (size before relaxing)
 .eh_frame      0x0000000000037490      0x1c8 build/cooja/contiki-ng-cooja.a(process.o)
                                        0x1e0 (size before relaxing)
 .eh_frame      0x0000000000037658       0x60 build/cooja/contiki-ng-cooja.a(rtimer.o)
                                         0x78 (size before relaxing)
 .eh_frame      0x00000000000376b8       0xa0 build/cooja/contiki-ng-cooja.a(timer.o)
                                         0xb8 (size before relaxing)
 .eh_frame      0x0000000000037758      0x1a0 build/cooja/contiki-ng-cooja.a(list.o)
                                        0x1b8 (size before relaxing)
 .eh_frame      0x00000000000378f8      0x160 build/cooja/contiki-ng-cooja.a(button-hal.o)
                                        0x178 (size before relaxing)
 .eh_frame      0x0000000000037a58       0xe0 build/cooja/contiki-ng-cooja.a(gpio-hal.o)
                                         0xf8 (size before relaxing)
 .eh_frame      0x0000000000037b38       0x60 build/cooja/contiki-ng-cooja.a(serial-line.o)
                                         0x78 (size before relaxing)
 .eh_frame      0x0000000000037b98       0x60 build/cooja/contiki-ng-cooja.a(linkaddr.o)
                                         0x78 (size before relaxing)
 .eh_frame      0x0000000000037bf8       0x80 build/cooja/contiki-ng-cooja.a(netstack.o)
                                         0x98 (size before relaxing)
 .eh_frame      0x0000000000037c78      0x288 build/cooja/contiki-ng-cooja.a(packetbuf.o)
                                        0x2a0 (size before relaxing)
 .eh_frame      0x0000000000037f00      0x1a0 build/cooja/contiki-ng-cooja.a(queuebuf.o)
                                        0x1b8 (size before relaxing)
 .eh_frame      0x00000000000380a0       0x40 build/cooja/contiki-ng-cooja.a(printf.o)
                                         0x58 (size before relaxing)
 .eh_frame      0x00000000000380e0       0x20 build/cooja/contiki-ng-cooja.a(putchar.o)
                                         0x38 (size before relaxing)
 .eh_frame      0x0000000000038100       0x20 build/cooja/contiki-ng-cooja.a(puts.o)
                                         0x38 (size before relaxing)
 .eh_frame      0x0000000000038120       0x60 build/cooja/contiki-ng-cooja.a(snprintf.o)
                                         0x78 (size before relaxing)
 .eh_frame      0x0000000000038180       0x40 build/cooja/contiki-ng-cooja.a(sprintf.o)
                                         0x58 (size before relaxing)
 .eh_frame      0x00000000000381c0      0x120 build/cooja/contiki-ng-cooja.a(strformat.o)
                                        0x138 (size before relaxing)
 .eh_frame      0x00000000000382e0       0xe0 build/cooja/contiki-ng-cooja.a(csma.o)
                                         0xf8 (size before relaxing)
 .eh_frame      0x00000000000383c0      0x2e0 build/cooja/contiki-ng-cooja.a(sicslowpan.o)
                                        0x2f8 (size before relaxing)
 .eh_frame      0x00000000000386a0      0x248 build/cooja/contiki-ng-cooja.a(tcp-socket.o)
                                        0x260 (size before relaxing)
 .eh_frame      0x00000000000388e8      0x308 build/cooja/contiki-ng-cooja.a(tcpip.o)
                                        0x320 (size before relaxing)
 .eh_frame      0x0000000000038bf0      0x1c0 build/cooja/contiki-ng-cooja.a(uip-ds6-nbr.o)
                                        0x1d8 (size before relaxing)
 .eh_frame      0x0000000000038db0      0x240 build/cooja/contiki-ng-cooja.a(uip-ds6-route.o)
                                        0x258 (size before relaxing)
 .eh_frame      0x0000000000038ff0      0x328 build/cooja/contiki-ng-cooja.a(uip-ds6.o)
                                        0x340 (size before relaxing)
 .eh_frame      0x0000000000039318       0xe0 build/cooja/contiki-ng-cooja.a(uip-packetqueue.o)
                                         0xf8 (size before relaxing)
 .eh_frame      0x00000000000393f8      0x2b0 build/cooja/contiki-ng-cooja.a(uip6.o)
                                        0x2c8 (size before relaxing)
 .eh_frame      0x00000000000396a8      0x200 build/cooja/contiki-ng-cooja.a(uipbuf.o)
                                        0x218 (size before relaxing)
 .eh_frame      0x00000000000398a8       0x80 build/cooja/contiki-ng-cooja.a(uiplib.o)
                                         0x98 (size before relaxing)
 .eh_frame      0x0000000000039928      0x1e0 build/cooja/contiki-ng-cooja.a(rpl.o)
                                        0x1f8 (size before relaxing)
 .eh_frame      0x0000000000039b08       0xa0 build/cooja/contiki-ng-cooja.a(watchdog.o)
                                         0xb8 (size before relaxing)
 .eh_frame      0x0000000000039ba8       0x80 build/cooja/contiki-ng-cooja.a(int-master.o)
                                         0x98 (size before relaxing)
 .eh_frame      0x0000000000039c28       0xc0 build/cooja/contiki-ng-cooja.a(stimer.o)
                                         0xd8 (size before relaxing)
 .eh_frame      0x0000000000039ce8       0xa0 build/cooja/contiki-ng-cooja.a(memb.o)
                                         0xb8 (size before relaxing)
 .eh_frame      0x0000000000039d88       0xa0 build/cooja/contiki-ng-cooja.a(ringbuf.o)
                                         0xb8 (size before relaxing)
 .eh_frame      0x0000000000039e28      0x120 build/cooja/contiki-ng-cooja.a(link-stats.o)
                                        0x138 (size before relaxing)
 .eh_frame      0x0000000000039f48      0x3e0 build/cooja/contiki-ng-cooja.a(nbr-table.o)
                                        0x3f8 (size before relaxing)
 .eh_frame      0x000000000003a328       0x48 build/cooja/contiki-ng-cooja.a(mac-sequence.o)
                                         0x60 (size before relaxing)
 .eh_frame      0x000000000003a370       0xa8 build/cooja/contiki-ng-cooja.a(framer-802154.o)
                                         0xc0 (size before relaxing)
 .eh_frame      0x000000000003a418      0x1c8 build/cooja/contiki-ng-cooja.a(csma-output.o)
                                        0x1e0 (size before relaxing)
 .eh_frame      0x000000000003a5e0       0x40 build/cooja/contiki-ng-cooja.a(csma-security.o)
                                         0x58 (size before relaxing)
 .eh_frame      0x000000000003a620      0x148 build/cooja/contiki-ng-cooja.a(uip-icmp6.o)
                                        0x160 (size before relaxing)
 .eh_frame      0x000000000003a768       0x80 build/cooja/contiki-ng-cooja.a(uip-nd6.o)
                                         0x98 (size before relaxing)
 .eh_frame      0x000000000003a7e8      0x180 build/cooja/contiki-ng-cooja.a(uip-sr.o)
                                        0x198 (size before relaxing)
 .eh_frame      0x000000000003a968       0xa0 build/cooja/contiki-ng-cooja.a(rpl-dag-root.o)
                                         0xb8 (size before relaxing)
 .eh_frame      0x000000000003aa08      0x360 build/cooja/contiki-ng-cooja.a(rpl-dag.o)
                                        0x378 (size before relaxing)
 .eh_frame      0x000000000003ad68      0x128 build/cooja/contiki-ng-cooja.a(rpl-ext-header.o)
                                        0x140 (size before relaxing)
 .eh_frame      0x000000000003ae90      0x1c0 build/cooja/contiki-ng-cooja.a(rpl-icmp6.o)
                                        0x1d8 (size before relaxing)
 .eh_frame      0x000000000003b050      0x148 build/cooja/contiki-ng-cooja.a(rpl-mrhof.o)
                                        0x160 (size before relaxing)
 .eh_frame      0x000000000003b198       0x40 build/cooja/contiki-ng-cooja.a(rpl-nbr-policy.o)
                                         0x58 (size before relaxing)
 .eh_frame      0x000000000003b1d8      0x2b0 build/cooja/contiki-ng-cooja.a(rpl-neighbor.o)
                                        0x2c8 (size before relaxing)
 .eh_frame      0x000000000003b488      0x3a8 build/cooja/contiki-ng-cooja.a(rpl-timers.o)
                                        0x3c0 (size before relaxing)
 .eh_frame      0x000000000003b830       0x20 build/cooja/contiki-ng-cooja.a(assert.o)
                                         0x38 (size before relaxing)
 .eh_frame      0x000000000003b850       0x20 build/cooja/contiki-ng-cooja.a(mac.o)
                                         0x38 (size before relaxing)
 .eh_frame      0x000000000003b870      0x1a4 build/cooja/contiki-ng-cooja.a(frame802154.o)
                                        0x1c0 (size before relaxing)
 .eh_frame      0x000000000003ba14        0x4 /usr/lib/gcc/x86_64-linux-gnu/11/crtendS.o
 *(.eh_frame.*)

.gcc_except_table
 *(.gcc_except_table .gcc_except_table.*)

.gnu_extab
 *(.gnu_extab*)

.exception_ranges
 *(.exception_ranges*)
                0x000000000003d6d0                . = DATA_SEGMENT_ALIGN (CONSTANT (MAXPAGESIZE), CONSTANT (COMMONPAGESIZE))

.eh_frame
 *(.eh_frame)
 *(.eh_frame.*)

.gnu_extab
 *(.gnu_extab)

.gcc_except_table
 *(.gcc_except_table .gcc_except_table.*)

.exception_ranges
 *(.exception_ranges*)

.tdata
 *(.tdata .tdata.* .gnu.linkonce.td.*)

.tbss
 *(.tbss .tbss.* .gnu.linkonce.tb.*)
 *(.tcommon)

.preinit_array
 *(.preinit_array)

.init_array     0x000000000003d6d0        0x8
 *(SORT_BY_INIT_PRIORITY(.init_array.*) SORT_BY_INIT_PRIORITY(.ctors.*))
 *(.init_array EXCLUDE_FILE(*crtend?.o *crtend.o *crtbegin?.o *crtbegin.o) .ctors)
 .init_array    0x000000000003d6d0        0x8 /usr/lib/gcc/x86_64-linux-gnu/11/crtbeginS.o

.fini_array     0x000000000003d6d8        0x8
 *(SORT_BY_INIT_PRIORITY(.fini_array.*) SORT_BY_INIT_PRIORITY(.dtors.*))
 *(.fini_array EXCLUDE_FILE(*crtend?.o *crtend.o *crtbegin?.o *crtbegin.o) .dtors)
 .fini_array    0x000000000003d6d8        0x8 /usr/lib/gcc/x86_64-linux-gnu/11/crtbeginS.o

.ctors
 *crtbegin.o(.ctors)
 *crtbegin?.o(.ctors)
 *(EXCLUDE_FILE(*crtend?.o *crtend.o) .ctors)
 *(SORT_BY_NAME(.ctors.*))
 *(.ctors)

.dtors
 *crtbegin.o(.dtors)
 *crtbegin?.o(.dtors)
 *(EXCLUDE_FILE(*crtend?.o *crtend.o) .dtors)
 *(SORT_BY_NAME(.dtors.*))
 *(.dtors)

.jcr
 *(.jcr)

.data.rel.ro    0x000000000003d6e0      0x350
 *(.data.rel.ro.local* .gnu.linkonce.d.rel.ro.local.*)
 .data.rel.ro.local
                0x000000000003d6e0       0x10 build/cooja/contiki-ng-cooja.a(beep.o)
                0x000000000003d6e0                beep_interface
 .data.rel.ro.local
                0x000000000003d6f0       0x10 build/cooja/contiki-ng-cooja.a(leds-arch.o)
                0x000000000003d6f0                leds_interface
 .data.rel.ro.local
                0x000000000003d700       0x10 build/cooja/contiki-ng-cooja.a(moteid.o)
                0x000000000003d700                moteid_interface
 *fill*         0x000000000003d710       0x10 
 .data.rel.ro.local
                0x000000000003d720       0x40 build/cooja/contiki-ng-cooja.a(pir-sensor.o)
                0x000000000003d720                pir_interface
                0x000000000003d740                pir_sensor
 .data.rel.ro.local
                0x000000000003d760       0x10 build/cooja/contiki-ng-cooja.a(rs232.o)
                0x000000000003d760                rs232_interface
 *fill*         0x000000000003d770       0x10 
 .data.rel.ro.local
                0x000000000003d780       0x40 build/cooja/contiki-ng-cooja.a(vib-sensor.o)
                0x000000000003d780                vib_interface
                0x000000000003d7a0                vib_sensor
 .data.rel.ro.local
                0x000000000003d7c0       0x10 build/cooja/contiki-ng-cooja.a(clock.o)
                0x000000000003d7c0                clock_interface
 .data.rel.ro.local
                0x000000000003d7d0       0x10 build/cooja/contiki-ng-cooja.a(cooja-log.o)
                0x000000000003d7d0                simlog_interface
 .data.rel.ro.local
                0x000000000003d7e0       0x10 build/cooja/contiki-ng-cooja.a(cfs-cooja.o)
                0x000000000003d7e0                cfs_interface
 *fill*         0x000000000003d7f0       0x10 
 .data.rel.ro.local
                0x000000000003d800       0x90 build/cooja/contiki-ng-cooja.a(cooja-radio.o)
                0x000000000003d800                radio_interface
                0x000000000003d820                cooja_radio_driver
 .data.rel.ro.local
                0x000000000003d890       0x10 build/cooja/contiki-ng-cooja.a(eeprom.o)
                0x000000000003d890                eeprom_interface
 .data.rel.ro.local
                0x000000000003d8a0       0x40 build/cooja/contiki-ng-cooja.a(buttons.o)
                0x000000000003d8a0                button_interface
                0x000000000003d8c0                button_sensor
 .data.rel.ro.local
                0x000000000003d8e0       0x38 build/cooja/contiki-ng-cooja.a(csma.o)
                0x000000000003d8e0                csma_driver
 *fill*         0x000000000003d918        0x8 
 .data.rel.ro.local
                0x000000000003d920       0x18 build/cooja/contiki-ng-cooja.a(framer-802154.o)
                0x000000000003d920                framer_802154
 *(.data.rel.ro .data.rel.ro.* .gnu.linkonce.d.rel.ro.*)
 .data.rel.ro   0x000000000003d938        0x0 /usr/lib/gcc/x86_64-linux-gnu/11/../../../x86_64-linux-gnu/crti.o
 *fill*         0x000000000003d938        0x8 
 .data.rel.ro   0x000000000003d940       0x10 soil_humidity_server.o
                0x000000000003d940                autostart_processes
 *fill*         0x000000000003d950       0x10 
 .data.rel.ro   0x000000000003d960       0x20 build/cooja/contiki-ng-cooja.a(sicslowpan.o)
                0x000000000003d960                sicslowpan_driver
 .data.rel.ro   0x000000000003d980       0xa8 build/cooja/contiki-ng-cooja.a(rpl.o)
                0x000000000003d980                rpl_lite_driver
 .data.rel.ro   0x000000000003da28        0x8 build/cooja/contiki-ng-cooja.a(rpl-dag.o)

.dynamic        0x000000000003da30      0x1c0
 *(.dynamic)
 .dynamic       0x000000000003da30      0x1c0 /usr/lib/gcc/x86_64-linux-gnu/11/../../../x86_64-linux-gnu/crti.o
                0x000000000003da30                _DYNAMIC

.got            0x000000000003dbf0      0x400
 *(.got)
 .got           0x000000000003dbf0      0x400 /usr/lib/gcc/x86_64-linux-gnu/11/../../../x86_64-linux-gnu/crti.o
 *(.igot)
                0x000000000003efe8                . = DATA_SEGMENT_RELRO_END (., (SIZEOF (.got.plt) >= 0x18)?0x18:0x0)

.got.plt        0x000000000003e000      0xbb8
 *(.got.plt)
 .got.plt       0x000000000003e000      0xbb8 /usr/lib/gcc/x86_64-linux-gnu/11/../../../x86_64-linux-gnu/crti.o
                0x000000000003e000                _GLOBAL_OFFSET_TABLE_
 *(.igot.plt)

.data           0x000000000003ebc0      0x812
 *(.data .data.* .gnu.linkonce.d.*)
 .data          0x000000000003ebc0        0x0 /usr/lib/gcc/x86_64-linux-gnu/11/../../../x86_64-linux-gnu/crti.o
 .data          0x000000000003ebc0        0x0 /usr/lib/gcc/x86_64-linux-gnu/11/crtbeginS.o
 .data.rel.local
                0x000000000003ebc0        0x8 /usr/lib/gcc/x86_64-linux-gnu/11/crtbeginS.o
                0x000000000003ebc0                __dso_handle
 .data          0x000000000003ebc8        0x0 soil_humidity_server.o
 *fill*         0x000000000003ebc8       0x18 
 .data.rel.local
                0x000000000003ebe0       0x40 soil_humidity_server.o
                0x000000000003ec00                mqtt_client_process
 .data          0x000000000003ec20        0x0 build/cooja/mtype568383937.o
 .data.rel      0x000000000003ec20       0xa0 build/cooja/mtype568383937.o
                0x000000000003ec20                simInterfaces
                0x000000000003eca0                sensors
 .data          0x000000000003ecc0        0x0 build/cooja/contiki-ng-cooja.a(simEnvChange.o)
 .data          0x000000000003ecc0        0x0 build/cooja/contiki-ng-cooja.a(cooja_mt.o)
 .data          0x000000000003ecc0        0x0 build/cooja/contiki-ng-cooja.a(cooja_mtarch.o)
 .data          0x000000000003ecc0        0x0 build/cooja/contiki-ng-cooja.a(rtimer-arch.o)
 .data          0x000000000003ecc0        0x0 build/cooja/contiki-ng-cooja.a(beep.o)
 .data          0x000000000003ecc0        0x0 build/cooja/contiki-ng-cooja.a(leds-arch.o)
 .data          0x000000000003ecc0        0x0 build/cooja/contiki-ng-cooja.a(moteid.o)
 .data          0x000000000003ecc0        0x0 build/cooja/contiki-ng-cooja.a(pir-sensor.o)
 .data          0x000000000003ecc0        0x0 build/cooja/contiki-ng-cooja.a(rs232.o)
 .data          0x000000000003ecc0        0x0 build/cooja/contiki-ng-cooja.a(vib-sensor.o)
 .data          0x000000000003ecc0        0x0 build/cooja/contiki-ng-cooja.a(clock.o)
 .data          0x000000000003ecc0        0x0 build/cooja/contiki-ng-cooja.a(cooja-log.o)
 .data          0x000000000003ecc0        0x0 build/cooja/contiki-ng-cooja.a(cfs-cooja.o)
 .data          0x000000000003ecc0       0x20 build/cooja/contiki-ng-cooja.a(cooja-radio.o)
                0x000000000003ecc0                simRadioHWOn
                0x000000000003ecc4                simSignalStrength
                0x000000000003ecc8                simLastSignalStrength
                0x000000000003eccc                simPower
                0x000000000003ecd0                simRadioChannel
                0x000000000003ecd4                simLQI
                0x000000000003ecd8                simLastLQI
 .data.rel.local
                0x000000000003ece0       0x20 build/cooja/contiki-ng-cooja.a(cooja-radio.o)
                0x000000000003ece0                cooja_radio_process
 .data          0x000000000003ed00        0x0 build/cooja/contiki-ng-cooja.a(eeprom.o)
 .data          0x000000000003ed00        0x0 build/cooja/contiki-ng-cooja.a(random.o)
 .data          0x000000000003ed00        0x0 build/cooja/contiki-ng-cooja.a(sensors.o)
 .data.rel.local
                0x000000000003ed00       0x20 build/cooja/contiki-ng-cooja.a(sensors.o)
                0x000000000003ed00                sensors_process
 .data          0x000000000003ed20        0x0 build/cooja/contiki-ng-cooja.a(leds.o)
 .data          0x000000000003ed20        0x0 build/cooja/contiki-ng-cooja.a(gpio-hal-arch.o)
 .data          0x000000000003ed20        0x1 build/cooja/contiki-ng-cooja.a(buttons.o)
                0x000000000003ed20                simButtonIsActive
 *fill*         0x000000000003ed21       0x1f 
 .data.rel.local
                0x000000000003ed40       0xb0 build/cooja/contiki-ng-cooja.a(buttons.o)
                0x000000000003ede0                button_hal_buttons
 .data          0x000000000003edf0        0x0 build/cooja/contiki-ng-cooja.a(mqtt.o)
 *fill*         0x000000000003edf0       0x10 
 .data.rel.local
                0x000000000003ee00       0x40 build/cooja/contiki-ng-cooja.a(mqtt.o)
                0x000000000003ee20                mqtt_process
 .data          0x000000000003ee40        0x0 build/cooja/contiki-ng-cooja.a(contiki-main.o)
 .data          0x000000000003ee40        0x0 build/cooja/contiki-ng-cooja.a(autostart.o)
 .data          0x000000000003ee40        0x0 build/cooja/contiki-ng-cooja.a(ctimer.o)
 .data.rel.local
                0x000000000003ee40       0x40 build/cooja/contiki-ng-cooja.a(ctimer.o)
                0x000000000003ee60                ctimer_process
 .data          0x000000000003ee80        0x0 build/cooja/contiki-ng-cooja.a(energest.o)
 .data          0x000000000003ee80        0x0 build/cooja/contiki-ng-cooja.a(etimer.o)
 .data.rel.local
                0x000000000003ee80       0x20 build/cooja/contiki-ng-cooja.a(etimer.o)
                0x000000000003ee80                etimer_process
 .data          0x000000000003eea0        0x4 build/cooja/contiki-ng-cooja.a(log.o)
                0x000000000003eea0                curr_log_level_main
 *fill*         0x000000000003eea4       0x1c 
 .data.rel      0x000000000003eec0      0x138 build/cooja/contiki-ng-cooja.a(log.o)
                0x000000000003eec0                all_modules
 .data          0x000000000003eff8        0x0 build/cooja/contiki-ng-cooja.a(node-id.o)
 .data          0x000000000003eff8        0x0 build/cooja/contiki-ng-cooja.a(process.o)
 .data          0x000000000003eff8        0x0 build/cooja/contiki-ng-cooja.a(rtimer.o)
 .data          0x000000000003eff8        0x0 build/cooja/contiki-ng-cooja.a(timer.o)
 .data          0x000000000003eff8        0x0 build/cooja/contiki-ng-cooja.a(list.o)
 .data          0x000000000003eff8        0x0 build/cooja/contiki-ng-cooja.a(button-hal.o)
 *fill*         0x000000000003eff8        0x8 
 .data.rel.local
                0x000000000003f000       0x20 build/cooja/contiki-ng-cooja.a(button-hal.o)
                0x000000000003f000                button_hal_process
 .data          0x000000000003f020        0x0 build/cooja/contiki-ng-cooja.a(gpio-hal.o)
 .data.rel.local
                0x000000000003f020        0x8 build/cooja/contiki-ng-cooja.a(gpio-hal.o)
 .data          0x000000000003f028        0x0 build/cooja/contiki-ng-cooja.a(serial-line.o)
 *fill*         0x000000000003f028       0x18 
 .data.rel.local
                0x000000000003f040       0x20 build/cooja/contiki-ng-cooja.a(serial-line.o)
                0x000000000003f040                serial_line_process
 .data          0x000000000003f060        0x0 build/cooja/contiki-ng-cooja.a(linkaddr.o)
 .data          0x000000000003f060        0x0 build/cooja/contiki-ng-cooja.a(netstack.o)
 .data.rel.local
                0x000000000003f060        0x8 build/cooja/contiki-ng-cooja.a(netstack.o)
 .data          0x000000000003f068        0x0 build/cooja/contiki-ng-cooja.a(packetbuf.o)
 .data.rel.local
                0x000000000003f068        0x8 build/cooja/contiki-ng-cooja.a(packetbuf.o)
 .data          0x000000000003f070        0x0 build/cooja/contiki-ng-cooja.a(queuebuf.o)
 .data.rel.local
                0x000000000003f070       0x38 build/cooja/contiki-ng-cooja.a(queuebuf.o)
 .data          0x000000000003f0a8        0x0 build/cooja/contiki-ng-cooja.a(printf.o)
 *fill*         0x000000000003f0a8        0x8 
 .data.rel.local
                0x000000000003f0b0       0x10 build/cooja/contiki-ng-cooja.a(printf.o)
 .data          0x000000000003f0c0        0x0 build/cooja/contiki-ng-cooja.a(putchar.o)
 .data          0x000000000003f0c0        0x0 build/cooja/contiki-ng-cooja.a(puts.o)
 .data          0x000000000003f0c0        0x0 build/cooja/contiki-ng-cooja.a(snprintf.o)
 .data          0x000000000003f0c0        0x0 build/cooja/contiki-ng-cooja.a(sprintf.o)
 .data          0x000000000003f0c0        0x0 build/cooja/contiki-ng-cooja.a(strformat.o)
 .data          0x000000000003f0c0        0x0 build/cooja/contiki-ng-cooja.a(csma.o)
 .data          0x000000000003f0c0        0x0 build/cooja/contiki-ng-cooja.a(sicslowpan.o)
 .data          0x000000000003f0c0        0x0 build/cooja/contiki-ng-cooja.a(tcp-socket.o)
 .data.rel.local
                0x000000000003f0c0       0x40 build/cooja/contiki-ng-cooja.a(tcp-socket.o)
                0x000000000003f0e0                tcp_socket_process
 .data          0x000000000003f100        0x0 build/cooja/contiki-ng-cooja.a(tcpip.o)
 .data.rel.local
                0x000000000003f100       0x20 build/cooja/contiki-ng-cooja.a(tcpip.o)
                0x000000000003f100                tcpip_process
 .data          0x000000000003f120        0x0 build/cooja/contiki-ng-cooja.a(uip-ds6-nbr.o)
 .data.rel.local
                0x000000000003f120       0x20 build/cooja/contiki-ng-cooja.a(uip-ds6-nbr.o)
 .data          0x000000000003f140        0x0 build/cooja/contiki-ng-cooja.a(uip-ds6-route.o)
 .data.rel.local
                0x000000000003f140       0x28 build/cooja/contiki-ng-cooja.a(uip-ds6-route.o)
 .data          0x000000000003f168        0x0 build/cooja/contiki-ng-cooja.a(uip-ds6.o)
 .data          0x000000000003f168        0x0 build/cooja/contiki-ng-cooja.a(uip-packetqueue.o)
 *fill*         0x000000000003f168        0x8 
 .data.rel.local
                0x000000000003f170       0x18 build/cooja/contiki-ng-cooja.a(uip-packetqueue.o)
 .data          0x000000000003f188        0x0 build/cooja/contiki-ng-cooja.a(uip6.o)
 .data          0x000000000003f188        0x0 build/cooja/contiki-ng-cooja.a(uipbuf.o)
 .data          0x000000000003f188        0x0 build/cooja/contiki-ng-cooja.a(uiplib.o)
 .data          0x000000000003f188        0x0 build/cooja/contiki-ng-cooja.a(rpl.o)
 .data          0x000000000003f188        0x0 build/cooja/contiki-ng-cooja.a(watchdog.o)
 .data          0x000000000003f188        0x0 build/cooja/contiki-ng-cooja.a(int-master.o)
 .data          0x000000000003f188        0x0 build/cooja/contiki-ng-cooja.a(stimer.o)
 .data          0x000000000003f188        0x0 build/cooja/contiki-ng-cooja.a(memb.o)
 .data          0x000000000003f188        0x0 build/cooja/contiki-ng-cooja.a(ringbuf.o)
 .data          0x000000000003f188        0x0 build/cooja/contiki-ng-cooja.a(link-stats.o)
 *fill*         0x000000000003f188        0x8 
 .data.rel.local
                0x000000000003f190       0x20 build/cooja/contiki-ng-cooja.a(link-stats.o)
 .data          0x000000000003f1b0        0x0 build/cooja/contiki-ng-cooja.a(nbr-table.o)
 .data.rel.local
                0x000000000003f1b0       0x20 build/cooja/contiki-ng-cooja.a(nbr-table.o)
 .data          0x000000000003f1d0        0x0 build/cooja/contiki-ng-cooja.a(mac-sequence.o)
 .data          0x000000000003f1d0        0x0 build/cooja/contiki-ng-cooja.a(framer-802154.o)
 .data          0x000000000003f1d0        0x0 build/cooja/contiki-ng-cooja.a(csma-output.o)
 .data.rel.local
                0x000000000003f1d0       0x60 build/cooja/contiki-ng-cooja.a(csma-output.o)
 .data          0x000000000003f230        0x0 build/cooja/contiki-ng-cooja.a(csma-security.o)
 .data          0x000000000003f230        0x0 build/cooja/contiki-ng-cooja.a(uip-icmp6.o)
 .data.rel.local
                0x000000000003f230       0x48 build/cooja/contiki-ng-cooja.a(uip-icmp6.o)
 .data          0x000000000003f278        0x0 build/cooja/contiki-ng-cooja.a(uip-nd6.o)
 *fill*         0x000000000003f278        0x8 
 .data.rel.local
                0x000000000003f280       0x18 build/cooja/contiki-ng-cooja.a(uip-nd6.o)
 .data          0x000000000003f298        0x0 build/cooja/contiki-ng-cooja.a(uip-sr.o)
 *fill*         0x000000000003f298        0x8 
 .data.rel.local
                0x000000000003f2a0       0x28 build/cooja/contiki-ng-cooja.a(uip-sr.o)
 .data          0x000000000003f2c8        0x0 build/cooja/contiki-ng-cooja.a(rpl-dag-root.o)
 .data          0x000000000003f2c8        0x0 build/cooja/contiki-ng-cooja.a(rpl-dag.o)
 .data          0x000000000003f2c8        0x0 build/cooja/contiki-ng-cooja.a(rpl-ext-header.o)
 .data          0x000000000003f2c8        0x0 build/cooja/contiki-ng-cooja.a(rpl-icmp6.o)
 *fill*         0x000000000003f2c8        0x8 
 .data.rel.local
                0x000000000003f2d0       0x78 build/cooja/contiki-ng-cooja.a(rpl-icmp6.o)
 .data          0x000000000003f348        0x0 build/cooja/contiki-ng-cooja.a(rpl-mrhof.o)
 *fill*         0x000000000003f348       0x18 
 .data.rel.local
                0x000000000003f360       0x48 build/cooja/contiki-ng-cooja.a(rpl-mrhof.o)
                0x000000000003f360                rpl_mrhof
 .data          0x000000000003f3a8        0x0 build/cooja/contiki-ng-cooja.a(rpl-nbr-policy.o)
 .data          0x000000000003f3a8        0x0 build/cooja/contiki-ng-cooja.a(rpl-neighbor.o)
 *fill*         0x000000000003f3a8        0x8 
 .data.rel.local
                0x000000000003f3b0       0x20 build/cooja/contiki-ng-cooja.a(rpl-neighbor.o)
                0x000000000003f3c8                rpl_neighbors
 .data          0x000000000003f3d0        0x0 build/cooja/contiki-ng-cooja.a(rpl-timers.o)
 .data          0x000000000003f3d0        0x0 build/cooja/contiki-ng-cooja.a(assert.o)
 .data          0x000000000003f3d0        0x0 build/cooja/contiki-ng-cooja.a(mac.o)
 .data          0x000000000003f3d0        0x2 build/cooja/contiki-ng-cooja.a(frame802154.o)
 .data          0x000000000003f3d2        0x0 /usr/lib/gcc/x86_64-linux-gnu/11/crtendS.o
 .data          0x000000000003f3d2        0x0 /usr/lib/gcc/x86_64-linux-gnu/11/../../../x86_64-linux-gnu/crtn.o

.tm_clone_table
                0x000000000003f3d8        0x0
 .tm_clone_table
                0x000000000003f3d8        0x0 /usr/lib/gcc/x86_64-linux-gnu/11/crtbeginS.o
 .tm_clone_table
                0x000000000003f3d8        0x0 /usr/lib/gcc/x86_64-linux-gnu/11/crtendS.o

.data1
 *(.data1)
                [!provide]                        PROVIDE (_edata = .)
                [!provide]                        PROVIDE (edata = .)
                0x000000000003f3d8                . = .
                [!provide]                        PROVIDE (__bss_start = .)

.bss            0x000000000003f3e0    0x18260
 *(.dynbss)
 .dynbss        0x000000000003f3e0        0x0 /usr/lib/gcc/x86_64-linux-gnu/11/../../../x86_64-linux-gnu/crti.o
 *(.bss .bss.* .gnu.linkonce.b.*)
 .bss           0x000000000003f3e0        0x0 /usr/lib/gcc/x86_64-linux-gnu/11/../../../x86_64-linux-gnu/crti.o
 .bss           0x000000000003f3e0        0x1 /usr/lib/gcc/x86_64-linux-gnu/11/crtbeginS.o
 *fill*         0x000000000003f3e1       0x1f 
 .bss           0x000000000003f400      0xbb4 soil_humidity_server.o
                0x000000000003f400                status
                0x000000000003f420                broker_address
 *fill*         0x000000000003ffb4        0xc 
 .bss           0x000000000003ffc0     0x4060 build/cooja/mtype568383937.o
                0x000000000003ffc0                sensors_flags
                0x000000000003ffc8                referenceVar
 .bss           0x0000000000044020       0x18 build/cooja/contiki-ng-cooja.a(simEnvChange.o)
                0x0000000000044020                simDontFallAsleep
                0x0000000000044024                simProcessRunValue
                0x0000000000044028                simEtimerPending
                0x0000000000044030                simEtimerNextExpirationTime
 .bss           0x0000000000044038        0x8 build/cooja/contiki-ng-cooja.a(cooja_mt.o)
 .bss           0x0000000000044040        0x8 build/cooja/contiki-ng-cooja.a(cooja_mtarch.o)
 .bss           0x0000000000044048       0x18 build/cooja/contiki-ng-cooja.a(rtimer-arch.o)
                0x0000000000044048                simRtimerPending
                0x0000000000044050                simRtimerNextExpirationTime
                0x0000000000044058                simRtimerCurrentTicks
 .bss           0x0000000000044060        0x1 build/cooja/contiki-ng-cooja.a(beep.o)
                0x0000000000044060                simBeeped
 .bss           0x0000000000044061        0x1 build/cooja/contiki-ng-cooja.a(leds-arch.o)
                0x0000000000044061                simLedsValue
 *fill*         0x0000000000044062        0x2 
 .bss           0x0000000000044064        0xc build/cooja/contiki-ng-cooja.a(moteid.o)
                0x0000000000044064                simMoteID
                0x0000000000044068                simMoteIDChanged
                0x000000000004406c                simRandomSeed
 .bss           0x0000000000044070        0x3 build/cooja/contiki-ng-cooja.a(pir-sensor.o)
                0x0000000000044070                simPirChanged
                0x0000000000044071                simPirIsActive
                0x0000000000044072                simPirValue
 *fill*         0x0000000000044073        0xd 
 .bss           0x0000000000044080      0x810 build/cooja/contiki-ng-cooja.a(rs232.o)
                0x0000000000044080                simSerialReceivingData
                0x0000000000044880                simSerialReceivingLength
                0x0000000000044884                simSerialReceivingFlag
 .bss           0x0000000000044890        0x3 build/cooja/contiki-ng-cooja.a(vib-sensor.o)
                0x0000000000044890                simVibChanged
                0x0000000000044891                simVibIsActive
                0x0000000000044892                simVibValue
 *fill*         0x0000000000044893        0x5 
 .bss           0x0000000000044898        0x8 build/cooja/contiki-ng-cooja.a(clock.o)
                0x0000000000044898                simCurrentTime
 .bss           0x00000000000448a0     0x200d build/cooja/contiki-ng-cooja.a(cooja-log.o)
                0x00000000000448a0                simLoggedData
                0x00000000000468a0                simLoggedLength
                0x00000000000468a4                simLoggedFlag
 *fill*         0x00000000000468ad       0x13 
 .bss           0x00000000000468c0      0xfc0 build/cooja/contiki-ng-cooja.a(cfs-cooja.o)
                0x00000000000468c0                simCFSData
                0x0000000000047860                simCFSSize
                0x0000000000047864                simCFSChanged
                0x0000000000047868                simCFSRead
                0x000000000004786c                simCFSWritten
 .bss           0x0000000000047880      0x15c build/cooja/contiki-ng-cooja.a(cooja-radio.o)
                0x0000000000047880                simReceiving
                0x00000000000478a0                simInDataBuffer
                0x0000000000047920                simInSize
                0x0000000000047928                simLastPacketTimestamp
                0x0000000000047940                simOutDataBuffer
                0x00000000000479c0                simOutSize
 *fill*         0x00000000000479dc        0x4 
 .bss           0x00000000000479e0      0x40c build/cooja/contiki-ng-cooja.a(eeprom.o)
                0x00000000000479e0                simEEPROMData
                0x0000000000047de0                simEEPROMChanged
                0x0000000000047de4                simEEPROMRead
                0x0000000000047de8                simEEPROMWritten
 .bss           0x0000000000047dec        0x0 build/cooja/contiki-ng-cooja.a(random.o)
 .bss           0x0000000000047dec        0xc build/cooja/contiki-ng-cooja.a(sensors.o)
                0x0000000000047dec                sensors_event
 .bss           0x0000000000047df8        0x0 build/cooja/contiki-ng-cooja.a(leds.o)
 *fill*         0x0000000000047df8        0x8 
 .bss           0x0000000000047e00       0x40 build/cooja/contiki-ng-cooja.a(gpio-hal-arch.o)
 .bss           0x0000000000047e40        0x2 build/cooja/contiki-ng-cooja.a(buttons.o)
                0x0000000000047e40                simButtonChanged
                0x0000000000047e41                simButtonIsDown
 *fill*         0x0000000000047e42        0x6 