Archive member included to satisfy reference by file (symbol)

build/cooja/contiki-ng-cooja.a(simEnvChange.o)
                              build/cooja/mtype882561676.o (simDontFallAsleep)
build/cooja/contiki-ng-cooja.a(cooja_mt.o)
                              build/cooja/mtype882561676.o (cooja_mt_start)
build/cooja/contiki-ng-cooja.a(cooja_mtarch.o)
                              build/cooja/contiki-ng-cooja.a(cooja_mt.o) (cooja_mtarch_start)
build/cooja/contiki-ng-cooja.a(rtimer-arch.o)
                              build/cooja/mtype882561676.o (rtimer_arch_check)
build/cooja/contiki-ng-cooja.a(beep.o)
                              build/cooja/mtype882561676.o (beep_interface)
build/cooja/contiki-ng-cooja.a(leds-arch.o)
                              build/cooja/mtype882561676.o (leds_interface)
build/cooja/contiki-ng-cooja.a(moteid.o)
                              build/cooja/mtype882561676.o (moteid_interface)
build/cooja/contiki-ng-cooja.a(pir-sensor.o)
                              build/cooja/mtype882561676.o (pir_interface)
build/cooja/contiki-ng-cooja.a(rs232.o)
                              build/cooja/mtype882561676.o (rs232_interface)
build/cooja/contiki-ng-cooja.a(vib-sensor.o)
                              build/cooja/mtype882561676.o (vib_interface)
build/cooja/contiki-ng-cooja.a(clock.o)
                              build/cooja/mtype882561676.o (clock_interface)
build/cooja/contiki-ng-cooja.a(cooja-log.o)
                              build/cooja/mtype882561676.o (simlog_interface)
build/cooja/contiki-ng-cooja.a(cfs-cooja.o)
                              build/cooja/mtype882561676.o (cfs_interface)
build/cooja/contiki-ng-cooja.a(cooja-radio.o)
                              build/cooja/mtype882561676.o (radio_interface)
build/cooja/contiki-ng-cooja.a(eeprom.o)
                              build/cooja/mtype882561676.o (eeprom_interface)
build/cooja/contiki-ng-cooja.a(random.o)
                              build/cooja/contiki-ng-cooja.a(moteid.o) (random_init)
build/cooja/contiki-ng-cooja.a(sensors.o)
                              build/cooja/contiki-ng-cooja.a(pir-sensor.o) (sensors_changed)
build/cooja/contiki-ng-cooja.a(leds.o)
                              build/cooja/contiki-ng-cooja.a(leds-arch.o) (leds_get)
build/cooja/contiki-ng-cooja.a(gpio-hal-arch.o)
                              build/cooja/contiki-ng-cooja.a(leds-arch.o) (gpio_hal_arch_register_pin_callback)
build/cooja/contiki-ng-cooja.a(buttons.o)
                              build/cooja/mtype882561676.o (button_interface)
build/cooja/contiki-ng-cooja.a(mqtt.o)
                              soil_humidity_server.o (mqtt_register)
build/cooja/contiki-ng-cooja.a(contiki-main.o)
                              build/cooja/mtype882561676.o (main)
build/cooja/contiki-ng-cooja.a(autostart.o)
                              build/cooja/contiki-ng-cooja.a(contiki-main.o) (autostart_start)
build/cooja/contiki-ng-cooja.a(ctimer.o)
                              build/cooja/contiki-ng-cooja.a(contiki-main.o) (ctimer_init)
build/cooja/contiki-ng-cooja.a(energest.o)
                              build/cooja/contiki-ng-cooja.a(contiki-main.o) (energest_init)
build/cooja/contiki-ng-cooja.a(etimer.o)
                              build/cooja/contiki-ng-cooja.a(contiki-main.o) (etimer_process)
build/cooja/contiki-ng-cooja.a(log.o)
                              build/cooja/contiki-ng-cooja.a(contiki-main.o) (curr_log_level_main)
build/cooja/contiki-ng-cooja.a(node-id.o)
                              build/cooja/contiki-ng-cooja.a(contiki-main.o) (node_id)
build/cooja/contiki-ng-cooja.a(process.o)
                              build/cooja/contiki-ng-cooja.a(mqtt.o) (process_current)
build/cooja/contiki-ng-cooja.a(rtimer.o)
                              build/cooja/contiki-ng-cooja.a(contiki-main.o) (rtimer_init)
build/cooja/contiki-ng-cooja.a(timer.o)
                              build/cooja/contiki-ng-cooja.a(mqtt.o) (timer_set)
build/cooja/contiki-ng-cooja.a(list.o)
                              build/cooja/contiki-ng-cooja.a(mqtt.o) (list_init)
build/cooja/contiki-ng-cooja.a(button-hal.o)
                              build/cooja/mtype882561676.o (button_hal_init)
build/cooja/contiki-ng-cooja.a(gpio-hal.o)
                              build/cooja/contiki-ng-cooja.a(button-hal.o) (gpio_hal_register_handler)
build/cooja/contiki-ng-cooja.a(serial-line.o)
                              build/cooja/contiki-ng-cooja.a(rs232.o) (serial_line_input_byte)
build/cooja/contiki-ng-cooja.a(linkaddr.o)
                              soil_humidity_server.o (linkaddr_node_addr)
build/cooja/contiki-ng-cooja.a(netstack.o)
                              build/cooja/contiki-ng-cooja.a(contiki-main.o) (netstack_init)
build/cooja/contiki-ng-cooja.a(packetbuf.o)
                              build/cooja/contiki-ng-cooja.a(cooja-radio.o) (packetbuf_clear)
build/cooja/contiki-ng-cooja.a(queuebuf.o)
[...]
Memory Configuration

Name             Origin             Length             Attributes
*default*        0x0000000000000000 0xffffffffffffffff

Linker script and memory map

LOAD /usr/lib/gcc/x86_64-linux-gnu/11/../../../x86_64-linux-gnu/crti.o
LOAD /usr/lib/gcc/x86_64-linux-gnu/11/crtbeginS.o
LOAD soil_humidity_server.o
LOAD build/cooja/mtype882561676.o
LOAD build/cooja/contiki-ng-cooja.a
LOAD /usr/lib/gcc/x86_64-linux-gnu/11/libgcc.a
LOAD /usr/lib/gcc/x86_64-linux-gnu/11/libgcc_s.so
START GROUP
LOAD /usr/lib/gcc/x86_64-linux-gnu/11/../../../x86_64-linux-gnu/libgcc_s.so.1
LOAD /usr/lib/gcc/x86_64-linux-gnu/11/libgcc.a
END GROUP
LOAD /usr/lib/gcc/x86_64-linux-gnu/11/../../../x86_64-linux-gnu/libc.so
START GROUP
LOAD /lib/x86_64-linux-gnu/libc.so.6
LOAD /usr/lib/x86_64-linux-gnu/libc_nonshared.a
LOAD /lib64/ld-linux-x86-64.so.2
END GROUP
LOAD /usr/lib/gcc/x86_64-linux-gnu/11/libgcc.a
LOAD /usr/lib/gcc/x86_64-linux-gnu/11/libgcc_s.so
START GROUP
LOAD /usr/lib/gcc/x86_64-linux-gnu/11/../../../x86_64-linux-gnu/libgcc_s.so.1
LOAD /usr/lib/gcc/x86_64-linux-gnu/11/libgcc.a
END GROUP
LOAD /usr/lib/gcc/x86_64-linux-gnu/11/crtendS.o
LOAD /usr/lib/gcc/x86_64-linux-gnu/11/../../../x86_64-linux-gnu/crtn.o
                0x00000000000002a8                . = (SEGMENT_START ("text-segment", 0x0) + SIZEOF_HEADERS)

.note.gnu.property
                0x00000000000002a8       0x20
 .note.gnu.property
                0x00000000000002a8       0x20 /usr/lib/gcc/x86_64-linux-gnu/11/../../../x86_64-linux-gnu/crti.o

.note.gnu.build-id
                0x00000000000002c8       0x24
 *(.note.gnu.build-id)
 .note.gnu.build-id
                0x00000000000002c8       0x24 /usr/lib/gcc/x86_64-linux-gnu/11/../../../x86_64-linux-gnu/crti.o

.hash
 *(.hash)

.gnu.hash       0x00000000000002f0     0x14c4
 *(.gnu.hash)
 .gnu.hash      0x00000000000002f0     0x14c4 /usr/lib/gcc/x86_64-linux-gnu/11/../../../x86_64-linux-gnu/crti.o

.dynsym         0x00000000000017b8     0x40c8
 *(.dynsym)
 .dynsym        0x00000000000017b8     0x40c8 /usr/lib/gcc/x86_64-linux-gnu/11/../../../x86_64-linux-gnu/crti.o

.dynstr         0x0000000000005880     0x30de
 *(.dynstr)
 .dynstr        0x0000000000005880     0x30de /usr/lib/gcc/x86_64-linux-gnu/11/../../../x86_64-linux-gnu/crti.o

.gnu.version    0x000000000000895e      0x566
 *(.gnu.version)
 .gnu.version   0x000000000000895e      0x566 /usr/lib/gcc/x86_64-linux-gnu/11/../../../x86_64-linux-gnu/crti.o

.gnu.version_d  0x0000000000008ec8        0x0
 *(.gnu.version_d)
 .gnu.version_d
                0x0000000000008ec8        0x0 /usr/lib/gcc/x86_64-linux-gnu/11/../../../x86_64-linux-gnu/crti.o

.gnu.version_r  0x0000000000008ec8       0x40
 *(.gnu.version_r)
 .gnu.version_r
                0x0000000000008ec8       0x40 /usr/lib/gcc/x86_64-linux-gnu/11/../../../x86_64-linux-gnu/crti.o

.rela.dyn       0x0000000000008f08     0x1f08
 *(.rela.init)
 *(.rela.text .rela.text.* .rela.gnu.linkonce.t.*)
 .rela.text     0x0000000000008f08        0x0 /usr/lib/gcc/x86_64-linux-gnu/11/../../../x86_64-linux-gnu/crti.o
 *(.rela.fini)
 *(.rela.rodata .rela.rodata.* .rela.gnu.linkonce.r.*)
 *(.rela.data .rela.data.* .rela.gnu.linkonce.d.*)
 .rela.data.rel.local
                0x0000000000008f08      0x720 /usr/lib/gcc/x86_64-linux-gnu/11/../../../x86_64-linux-gnu/crti.o
 .rela.data.rel.ro
                0x0000000000009628      0x288 /usr/lib/gcc/x86_64-linux-gnu/11/../../../x86_64-linux-gnu/crti.o
 .rela.data.rel
                0x00000000000098b0      0x3a8 /usr/lib/gcc/x86_64-linux-gnu/11/../../../x86_64-linux-gnu/crti.o
 .rela.data.rel.ro.local
                0x0000000000009c58      0x5a0 /usr/lib/gcc/x86_64-linux-gnu/11/../../../x86_64-linux-gnu/crti.o
 *(.rela.tdata .rela.tdata.* .rela.gnu.linkonce.td.*)
 *(.rela.tbss .rela.tbss.* .rela.gnu.linkonce.tb.*)
 *(.rela.ctors)
 *(.rela.dtors)
 *(.rela.got)
 .rela.got      0x000000000000a1f8      0xbe8 /usr/lib/gcc/x86_64-linux-gnu/11/../../../x86_64-linux-gnu/crti.o
 *(.rela.bss .rela.bss.* .rela.gnu.linkonce.b.*)
 *(.rela.ldata .rela.ldata.* .rela.gnu.linkonce.l.*)
 *(.rela.lbss .rela.lbss.* .rela.gnu.linkonce.lb.*)
 *(.rela.lrodata .rela.lrodata.* .rela.gnu.linkonce.lr.*)
 *(.rela.ifunc)
 .rela.ifunc    0x000000000000ade0        0x0 /usr/lib/gcc/x86_64-linux-gnu/11/../../../x86_64-linux-gnu/crti.o
 .rela.fini_array
                0x000000000000ade0       0x18 /usr/lib/gcc/x86_64-linux-gnu/11/../../../x86_64-linux-gnu/crti.o
 .rela.init_array
                0x000000000000adf8       0x18 /usr/lib/gcc/x86_64-linux-gnu/11/../../../x86_64-linux-gnu/crti.o

.rela.plt       0x000000000000ae10     0x22c8
 *(.rela.plt)
 .rela.plt      0x000000000000ae10     0x22c8 /usr/lib/gcc/x86_64-linux-gnu/11/../../../x86_64-linux-gnu/crti.o
 *(.rela.iplt)

.relr.dyn
 *(.relr.dyn)
                0x000000000000e000                . = ALIGN (CONSTANT (MAXPAGESIZE))

.init           0x000000000000e000       0x1b
 *(SORT_NONE(.init))
 .init          0x000000000000e000       0x16 /usr/lib/gcc/x86_64-linux-gnu/11/../../../x86_64-linux-gnu/crti.o
                0x000000000000e000                _init
 .init          0x000000000000e016        0x5 /usr/lib/gcc/x86_64-linux-gnu/11/../../../x86_64-linux-gnu/crtn.o

.plt            0x000000000000e020     0x1740
 *(.plt)
 .plt           0x000000000000e020     0x1740 /usr/lib/gcc/x86_64-linux-gnu/11/../../../x86_64-linux-gnu/crti.o
 *(.iplt)

.plt.got        0x000000000000f760       0x30
 *(.plt.got)
 .plt.got       0x000000000000f760       0x30 /usr/lib/gcc/x86_64-linux-gnu/11/../../../x86_64-linux-gnu/crti.o

.plt.sec        0x000000000000f790     0x1730
 *(.plt.sec)
 .plt.sec       0x000000000000f790     0x1730 /usr/lib/gcc/x86_64-linux-gnu/11/../../../x86_64-linux-gnu/crti.o

.text           0x0000000000010ec0    0x21297
 *(.text.unlikely .text.*_unlikely .text.unlikely.*)
 *(.text.exit .text.exit.*)
 *(.text.startup .text.startup.*)
 *(.text.hot .text.hot.*)
 *(SORT_BY_NAME(.text.sorted.*))
 *(.text .stub .text.* .gnu.linkonce.t.*)
 .text          0x0000000000010ec0        0x0 /usr/lib/gcc/x86_64-linux-gnu/11/../../../x86_64-linux-gnu/crti.o
 .text          0x0000000000010ec0       0xb9 /usr/lib/gcc/x86_64-linux-gnu/11/crtbeginS.o
 .text          0x0000000000010f79      0x414 soil_humidity_server.o
 .text          0x000000000001138d      0x374 build/cooja/mtype882561676.o
                0x0000000000011443                platform_init_stage_one
                0x0000000000011458                platform_init_stage_two
                0x000000000001146d                platform_init_stage_three
                0x0000000000011482                platform_main_loop
                0x000000000001151c                JNI_OnLoad
                0x0000000000011533                Java_org_contikios_cooja_corecomm_Lib1_init
                0x0000000000011586                Java_org_contikios_cooja_corecomm_Lib1_getMemory
                0x00000000000115e5                Java_org_contikios_cooja_corecomm_Lib1_setMemory
                0x0000000000011644                Java_org_contikios_cooja_corecomm_Lib1_tick
                0x00000000000116d2                Java_org_contikios_cooja_corecomm_Lib1_setReferenceAddress
 .text          0x0000000000011701       0x93 build/cooja/contiki-ng-cooja.a(simEnvChange.o)
                0x0000000000011701                doActionsBeforeTick
                0x000000000001174a                doActionsAfterTick
 .text          0x0000000000011794       0xab build/cooja/contiki-ng-cooja.a(cooja_mt.o)
                0x0000000000011794                cooja_mt_start
                0x00000000000117d4                cooja_mt_exec
                0x0000000000011817                cooja_mt_yield
 .text          0x000000000001183f      0x10e build/cooja/contiki-ng-cooja.a(cooja_mtarch.o)
                0x000000000001183f                cooja_mtarch_start
                0x00000000000118e2                cooja_sw
                0x000000000001190f                cooja_mtarch_exec
                0x000000000001193d                cooja_mtarch_yield
 .text          0x000000000001194d       0xcc build/cooja/contiki-ng-cooja.a(rtimer-arch.o)
                0x000000000001194d                rtimer_arch_init
                0x0000000000011973                rtimer_arch_schedule
                0x000000000001199d                rtimer_arch_next
                0x00000000000119b1                rtimer_arch_pending
                0x00000000000119c4                rtimer_arch_check
                0x0000000000011a05                rtimer_arch_now
 .text          0x0000000000011a19       0xe6 build/cooja/contiki-ng-cooja.a(beep.o)
                0x0000000000011a19                beep_alarm
                0x0000000000011a34                beep_beep
                0x0000000000011a4c                beep
                0x0000000000011a61                beep_down
                0x0000000000011a79                beep_on
                0x0000000000011a8e                beep_off
                0x0000000000011aa3                beep_spinup
                0x0000000000011ab8                beep_quick
                0x0000000000011ad0                beep_long
 .text          0x0000000000011aff       0x80 build/cooja/contiki-ng-cooja.a(leds-arch.o)
                0x0000000000011b18                leds_arch_init
 .text          0x0000000000011b7f       0x41 build/cooja/contiki-ng-cooja.a(moteid.o)
 .text          0x0000000000011bc0       0xfa build/cooja/contiki-ng-cooja.a(pir-sensor.o)
 .text          0x0000000000011cba      0x18b build/cooja/contiki-ng-cooja.a(rs232.o)
                0x0000000000011cba                rs232_init
                0x0000000000011cc5                rs232_set_speed
                0x0000000000011cd5                rs232_set_input
                0x0000000000011cef                rs232_send
                0x0000000000011d0e                rs232_print
                0x0000000000011d3c                slip_arch_writeb
 .text          0x0000000000011e45       0xfa build/cooja/contiki-ng-cooja.a(vib-sensor.o)
 .text          0x0000000000011f3f       0x6f build/cooja/contiki-ng-cooja.a(clock.o)
                0x0000000000011f3f                clock_init
                0x0000000000011f4a                clock_time
                0x0000000000011f5e                clock_seconds
                0x0000000000011f8a                clock_delay
 .text          0x0000000000011fae      0x214 build/cooja/contiki-ng-cooja.a(cooja-log.o)
                0x0000000000011fae                simlog_char
                0x0000000000012008                simlog
                0x000000000001208d                log_message
                0x00000000000120d2                log_set_putchar_with_slip
                0x00000000000120e9                dbg_putchar
                0x000000000001216a                dbg_send_bytes
 .text          0x00000000000121c2      0x39b build/cooja/contiki-ng-cooja.a(cfs-cooja.o)
                0x00000000000121c2                cfs_open
                0x000000000001223f                cfs_close
                0x0000000000012254                cfs_read
                0x000000000001231b                cfs_write
                0x000000000001242b                cfs_seek
                0x00000000000124da                cfs_remove
                0x000000000001250a                cfs_opendir
                0x0000000000012521                cfs_readdir
                0x0000000000012538                cfs_closedir
 .text          0x000000000001255d      0x79f build/cooja/contiki-ng-cooja.a(cooja-radio.o)
                0x00000000000125bc                radio_set_channel
                0x00000000000125d6                radio_set_txpower
                0x00000000000125f3                radio_signal_strength_last
                0x0000000000012606                radio_signal_strength_current
                0x0000000000012619                radio_LQI
 .text          0x0000000000012cfc      0x163 build/cooja/contiki-ng-cooja.a(eeprom.o)
                0x0000000000012cfc                eeprom_init
                0x0000000000012d0b                eeprom_read
                0x0000000000012daa                eeprom_write
 .text          0x0000000000012e5f       0x2f build/cooja/contiki-ng-cooja.a(random.o)
                0x0000000000012e5f                random_init
                0x0000000000012e7f                random_rand
 .text          0x0000000000012e8e      0x35f build/cooja/contiki-ng-cooja.a(sensors.o)
                0x0000000000012ed7                sensors_first
                0x0000000000012eeb                sensors_next
                0x0000000000012f1a                sensors_changed
                0x0000000000012f67                sensors_find
 .text          0x00000000000131ed      0x3ad build/cooja/contiki-ng-cooja.a(leds.o)
                0x00000000000131ed                leds_init
                0x0000000000013238                leds_single_on
                0x00000000000132a5                leds_single_off
                0x0000000000013312                leds_single_toggle
                0x000000000001334a                leds_on
                0x00000000000133db                leds_off
                0x000000000001346c                leds_toggle
                0x00000000000134c8                leds_set
                0x00000000000134f1                leds_get
 .text          0x000000000001359a      0x41b build/cooja/contiki-ng-cooja.a(gpio-hal-arch.o)
                0x000000000001359a                gpio_hal_arch_register_pin_callback
                0x0000000000013641                gpio_hal_arch_init
                0x0000000000013697                gpio_hal_arch_no_port_interrupt_enable
                0x00000000000136e4                gpio_hal_arch_no_port_interrupt_disable
                0x0000000000013731                gpio_hal_arch_no_port_pin_cfg_set
                0x0000000000013767                gpio_hal_arch_no_port_pin_cfg_get
                0x000000000001379b                gpio_hal_arch_no_port_pin_set_input
                0x00000000000137ae                gpio_hal_arch_no_port_pin_set_output
                0x00000000000137c1                gpio_hal_arch_no_port_set_pin
                0x00000000000137e5                gpio_hal_arch_no_port_clear_pin
                0x0000000000013809                gpio_hal_arch_no_port_read_pin
                0x0000000000013836                gpio_hal_arch_no_port_write_pin
                0x0000000000013860                gpio_hal_arch_no_port_set_pins
                0x00000000000138af                gpio_hal_arch_no_port_clear_pins
                0x00000000000138fe                gpio_hal_arch_no_port_read_pins
                0x000000000001394c                gpio_hal_arch_no_port_write_pins
 .text          0x00000000000139b5       0xa8 build/cooja/contiki-ng-cooja.a(buttons.o)
 .text          0x0000000000013a5d     0x3e29 build/cooja/contiki-ng-cooja.a(mqtt.o)
                0x0000000000013efe                mqtt_decode_var_byte_int
                0x0000000000014003                mqtt_encode_var_byte_int
                0x00000000000170ee                mqtt_init
                0x00000000000171c8                mqtt_register
                0x0000000000017290                mqtt_connect
                0x00000000000173d0                mqtt_disconnect
                0x0000000000017421                mqtt_subscribe
                0x000000000001752a                mqtt_unsubscribe
                0x0000000000017623                mqtt_publish
                0x000000000001775e                mqtt_set_username_password
                0x000000000001780f                mqtt_set_last_will
 .text          0x0000000000017886      0x400 build/cooja/contiki-ng-cooja.a(contiki-main.o)
                0x0000000000017886                main
 .text          0x0000000000017c86       0xbd build/cooja/contiki-ng-cooja.a(autostart.o)
                0x0000000000017c86                autostart_start
                0x0000000000017ce7                autostart_exit
 .text          0x0000000000017d43      0x441 build/cooja/contiki-ng-cooja.a(ctimer.o)
                0x0000000000017ea5                ctimer_init
                0x0000000000017eda                ctimer_set
                0x0000000000017f1e                ctimer_set_with_process
                0x0000000000017fd8                ctimer_reset
                0x0000000000018049                ctimer_restart
                0x00000000000180ba                ctimer_stop
                0x0000000000018118                ctimer_expired
 .text          0x0000000000018184       0x25 build/cooja/contiki-ng-cooja.a(energest.o)
                0x0000000000018184                energest_init
                0x000000000001818f                energest_flush
                0x000000000001819a                energest_get_total_time
 .text          0x00000000000181a9      0x57c build/cooja/contiki-ng-cooja.a(etimer.o)
                0x0000000000018451                etimer_request_poll
                0x0000000000018503                etimer_set
                0x0000000000018539                etimer_reset_with_new_interval
                0x0000000000018574                etimer_reset
                0x000000000001859f                etimer_restart
                0x00000000000185ca                etimer_adjust
                0x00000000000185fb                etimer_expired
                0x000000000001861a                etimer_expiration_time
                0x000000000001863a                etimer_start_time
                0x000000000001864f                etimer_pending
                0x0000000000018669                etimer_next_expiration_time
                0x000000000001868a                etimer_stop
 .text          0x0000000000018725      0x539 build/cooja/contiki-ng-cooja.a(log.o)
                0x0000000000018725                log_6addr
                0x000000000001878b                log_6addr_compact_snprint
                0x0000000000018866                log_6addr_compact
                0x00000000000188cc                log_lladdr
                0x000000000001894c                log_lladdr_compact
                0x00000000000189ce                log_bytes
                0x0000000000018a2e                log_set_level
                0x0000000000018b3c                log_get_level
                0x0000000000018bf3                log_level_to_str
 .text          0x0000000000018c5e       0x36 build/cooja/contiki-ng-cooja.a(node-id.o)
                0x0000000000018c5e                node_id_init
 .text          0x0000000000018c94      0x673 build/cooja/contiki-ng-cooja.a(process.o)
                0x0000000000018c94                process_alloc_event
                0x0000000000018cae                process_start
                0x0000000000018f1e                process_exit
                0x0000000000018f4a                process_init
                0x0000000000019141                process_run
                0x0000000000019176                process_nevents
                0x0000000000019196                process_post
                0x000000000001925e                process_post_synch
                0x00000000000192ac                process_poll
                0x00000000000192e9                process_is_running
 .text          0x0000000000019307      0x101 build/cooja/contiki-ng-cooja.a(rtimer.o)
                0x0000000000019307                rtimer_init
                0x0000000000019317                rtimer_set
                0x0000000000019398                rtimer_run_next
 .text          0x0000000000019408       0xfd build/cooja/contiki-ng-cooja.a(timer.o)
                0x0000000000019408                timer_set
                0x0000000000019437                timer_reset
                0x0000000000019473                timer_restart
                0x0000000000019492                timer_expired
                0x00000000000194cd                timer_remaining
 .text          0x0000000000019505      0x39b build/cooja/contiki-ng-cooja.a(list.o)
                0x0000000000019505                list_init
                0x000000000001951f                list_head
                0x0000000000019534                list_copy
                0x0000000000019555                list_tail
                0x000000000001959e                list_add
                0x0000000000019602                list_push
                0x0000000000019645                list_chop
                0x00000000000196d2                list_pop
                0x000000000001970c                list_remove
                0x0000000000019798                list_length
                0x00000000000197d3                list_insert
                0x0000000000019836                list_item_next
                0x0000000000019859                list_contains
 .text          0x00000000000198a0      0x574 build/cooja/contiki-ng-cooja.a(button-hal.o)
                0x0000000000019a6b                button_hal_get_by_id
                0x0000000000019ab9                button_hal_get_by_index
                0x0000000000019af0                button_hal_get_state
                0x0000000000019b53                button_hal_init
 .text          0x0000000000019e14      0x181 build/cooja/contiki-ng-cooja.a(gpio-hal.o)
                0x0000000000019e14                gpio_hal_register_handler
                0x0000000000019e3d                gpio_hal_event_handler
                0x0000000000019ea8                gpio_hal_init
                0x0000000000019ec7                gpio_hal_arch_port_toggle_pin
                0x0000000000019efe                gpio_hal_arch_port_toggle_pins
                0x0000000000019f2f                gpio_hal_arch_no_port_toggle_pin
                0x0000000000019f69                gpio_hal_arch_no_port_toggle_pins
 .text          0x0000000000019f95      0x238 build/cooja/contiki-ng-cooja.a(serial-line.o)
                0x0000000000019f95                serial_line_input_byte
                0x000000000001a190                serial_line_init
 .text          0x000000000001a1cd       0x80 build/cooja/contiki-ng-cooja.a(linkaddr.o)
                0x000000000001a1cd                linkaddr_copy
                0x000000000001a1ee                linkaddr_cmp
                0x000000000001a224                linkaddr_set_node_addr
 .text          0x000000000001a24d      0x12b build/cooja/contiki-ng-cooja.a(netstack.o)
                0x000000000001a24d                netstack_process_ip_callback
                0x000000000001a2ee                netstack_ip_packet_processor_add
                0x000000000001a31e                uip_ds6_ip_packet_processor_rm
                0x000000000001a347                netstack_init
 .text          0x000000000001a378      0x4a8 build/cooja/contiki-ng-cooja.a(packetbuf.o)
                0x000000000001a378                packetbuf_clear
                0x000000000001a3a6                packetbuf_copyfrom
                0x000000000001a3ff                packetbuf_copyto
                0x000000000001a4a5                packetbuf_hdralloc
                0x000000000001a534                packetbuf_hdrreduce
                0x000000000001a584                packetbuf_set_datalen
                0x000000000001a5a0                packetbuf_dataptr
                0x000000000001a5c5                packetbuf_hdrptr
                0x000000000001a5d6                packetbuf_datalen
                0x000000000001a5e7                packetbuf_hdrlen
                0x000000000001a603                packetbuf_totlen
                0x000000000001a625                packetbuf_remaininglen
                0x000000000001a63d                packetbuf_attr_clear
                0x000000000001a6a2                packetbuf_attr_copyto
                0x000000000001a6ed                packetbuf_attr_copyfrom
                0x000000000001a738                packetbuf_set_attr
                0x000000000001a768                packetbuf_attr
                0x000000000001a789                packetbuf_set_addr
                0x000000000001a7cf                packetbuf_addr
                0x000000000001a7f9                packetbuf_holds_broadcast
 .text          0x000000000001a820      0x382 build/cooja/contiki-ng-cooja.a(queuebuf.o)
                0x000000000001a835                queuebuf_init
                0x000000000001a85e                queuebuf_numfree
                0x000000000001a877                queuebuf_new_from_packetbuf
                0x000000000001a92a                queuebuf_update_attr_from_packetbuf
                0x000000000001a96d                queuebuf_update_from_packetbuf
                0x000000000001a9c9                queuebuf_free
                0x000000000001aa25                queuebuf_to_packetbuf
                0x000000000001aa9e                queuebuf_dataptr
                0x000000000001aae5                queuebuf_datalen
                0x000000000001ab15                queuebuf_addr
                0x000000000001ab5c                queuebuf_attr
                0x000000000001ab97                queuebuf_debug_print
 .text          0x000000000001aba2      0x116 build/cooja/contiki-ng-cooja.a(printf.o)
                0x000000000001abd7                log_printf
 .text          0x000000000001acb8       0x1e build/cooja/contiki-ng-cooja.a(putchar.o)
                0x000000000001acb8                log_putchar
 .text          0x000000000001acd6       0x3d build/cooja/contiki-ng-cooja.a(puts.o)
                0x000000000001acd6                log_puts
 .text          0x000000000001ad13      0x1f8 build/cooja/contiki-ng-cooja.a(snprintf.o)
                0x000000000001ad9e                log_snprintf
                0x000000000001ae83                log_vsnprintf
 .text          0x000000000001af0b      0x152 build/cooja/contiki-ng-cooja.a(sprintf.o)
                0x000000000001af56                log_sprintf
 .text          0x000000000001b05d     0x170b build/cooja/contiki-ng-cooja.a(strformat.o)
                0x000000000001b3d0                format_str
                0x000000000001b4b1                format_str_v
 .text          0x000000000001c768      0x292 build/cooja/contiki-ng-cooja.a(csma.o)
 .text          0x000000000001c9fa     0x3747 build/cooja/contiki-ng-cooja.a(sicslowpan.o)
                0x000000000001d1d0                netstack_sniffer_add
                0x000000000001d1ea                netstack_sniffer_remove
                0x000000000002010a                sicslowpan_init
                0x0000000000020131                sicslowpan_get_last_rssi
 .text          0x0000000000020141      0xbaa build/cooja/contiki-ng-cooja.a(tcp-socket.o)
                0x000000000002087a                tcp_socket_register
                0x0000000000020942                tcp_socket_connect
                0x00000000000209ff                tcp_socket_listen
                0x0000000000020a8c                tcp_socket_unlisten
                0x0000000000020b18                tcp_socket_send
                0x0000000000020bd5                tcp_socket_send_str
                0x0000000000020c0c                tcp_socket_close
                0x0000000000020c41                tcp_socket_unregister
                0x0000000000020caa                tcp_socket_max_sendlen
                0x0000000000020cd2                tcp_socket_queuelen
 .text          0x0000000000020ceb      0xc96 build/cooja/contiki-ng-cooja.a(tcpip.o)
                0x0000000000020d1b                tcpip_output
                0x0000000000020e1d                tcp_connect
                0x0000000000020e84                tcp_unlisten
                0x0000000000020ef4                tcp_listen
                0x0000000000020f60                tcp_attach
                0x0000000000020f8e                udp_attach
                0x0000000000020fbc                udp_new
                0x0000000000021017                udp_broadcast_new
                0x000000000002132a                tcpip_input
                0x0000000000021502                tcpip_ipv6_output
                0x000000000002175b                tcpip_poll_udp
                0x0000000000021789                tcpip_poll_tcp
                0x00000000000217b7                tcpip_uipcall
 .text          0x0000000000021981      0x416 build/cooja/contiki-ng-cooja.a(uip-ds6-nbr.o)
                0x0000000000021981                uip_ds6_neighbors_init
                0x00000000000219aa                uip_ds6_nbr_add
                0x0000000000021a48                uip_ds6_nbr_rm
                0x0000000000021aa5                uip_ds6_nbr_update_ll
                0x0000000000021baa                uip_ds6_nbr_get_ipaddr
                0x0000000000021bca                uip_ds6_nbr_get_ll
                0x0000000000021bf2                uip_ds6_nbr_num
                0x0000000000021c44                uip_ds6_nbr_head
                0x0000000000021c5d                uip_ds6_nbr_next
                0x0000000000021c85                uip_ds6_nbr_lookup
                0x0000000000021cee                uip_ds6_nbr_ll_lookup
                0x0000000000021d16                uip_ds6_nbr_ipaddr_from_lladdr
                0x0000000000021d4a                uip_ds6_nbr_lladdr_from_ipaddr
                0x0000000000021d86                uip_ds6_link_callback
 .text          0x0000000000021d97      0x3f9 build/cooja/contiki-ng-cooja.a(uip-ds6-route.o)
                0x0000000000021dee                uip_ds6_route_init
                0x0000000000021e17                uip_ds6_route_count_nexthop_neighbors
                0x0000000000021e26                uip_ds6_route_nexthop
                0x0000000000021e39                uip_ds6_route_head
                0x0000000000021e48                uip_ds6_route_next
                0x0000000000021e5b                uip_ds6_route_is_nexthop
                0x0000000000021e6e                uip_ds6_route_num_routes
                0x0000000000021e7d                uip_ds6_route_lookup
                0x0000000000021e90                uip_ds6_route_add
                0x0000000000021eac                uip_ds6_route_rm
                0x0000000000021ebb                uip_ds6_route_rm_by_nexthop
                0x0000000000021eca                uip_ds6_defrt_head
                0x0000000000021ee3                uip_ds6_defrt_add
                0x0000000000021fa3                uip_ds6_defrt_rm
                0x0000000000022019                uip_ds6_defrt_lookup
                0x0000000000022090                uip_ds6_defrt_choose
                0x0000000000022113                uip_ds6_defrt_periodic
 .text          0x0000000000022190      0xebc build/cooja/contiki-ng-cooja.a(uip-ds6.o)
                0x0000000000022190                uip_ds6_default_prefix
                0x00000000000221a1                uip_ds6_set_default_prefix
                0x00000000000221c9                uip_ds6_init
                0x0000000000022468                uip_ds6_periodic
                0x000000000002250a                uip_ds6_list_loop
                0x00000000000225f3                uip_ds6_prefix_add
                0x00000000000226c4                uip_ds6_prefix_rm
                0x00000000000226e2                uip_ds6_prefix_lookup
                0x0000000000022739                uip_ds6_is_addr_onlink
                0x00000000000227cd                uip_ds6_addr_add
                0x0000000000022918                uip_ds6_addr_rm
                0x00000000000229d3                uip_ds6_addr_lookup
                0x0000000000022a28                uip_ds6_get_link_local
                0x0000000000022acd                uip_ds6_get_global
                0x0000000000022b72                uip_ds6_maddr_add
                0x0000000000022bee                uip_ds6_maddr_rm
                0x0000000000022c0c                uip_ds6_maddr_lookup
                0x0000000000022c64                uip_ds6_aaddr_add
                0x0000000000022ce0                uip_ds6_aaddr_rm
                0x0000000000022cfe                uip_ds6_aaddr_lookup
                0x0000000000022d56                uip_ds6_select_src
                0x0000000000022ee0                uip_ds6_set_addr_iid
                0x0000000000022f19                uip_ds6_set_lladdr_from_iid
                0x0000000000022f50                get_match_length
                0x0000000000022ffe                uip_ds6_compute_reachable_time
 .text          0x000000000002304c      0x1b9 build/cooja/contiki-ng-cooja.a(uip-packetqueue.o)
                0x000000000002308b                uip_packetqueue_new
                0x00000000000230a5                uip_packetqueue_alloc
                0x000000000002311f                uip_packetqueue_free
                0x0000000000023177                uip_packetqueue_buf
                0x00000000000231a3                uip_packetqueue_buflen
                0x00000000000231d2                uip_packetqueue_set_buflen
 .text          0x0000000000023205     0x3915 build/cooja/contiki-ng-cooja.a(uip6.o)
                0x0000000000023205                uip_add32
                0x000000000002340f                uip_chksum
                0x00000000000234f5                uip_icmp6chksum
                0x0000000000023509                uip_tcpchksum
                0x000000000002351d                uip_udpchksum
                0x0000000000023531                uip_init
                0x00000000000235f6                uip_connect
                0x00000000000237a0                uip_remove_ext_hdr
                0x00000000000238a1                uip_udp_new
                0x0000000000023a0d                uip_unlisten
                0x0000000000023a5c                uip_listen
                0x0000000000023d7e                uip_process
                0x00000000000269a0                uip_htons
                0x00000000000269c3                uip_htonl
                0x0000000000026a0b                uip_send
 .text          0x0000000000026b1a      0x5b1 build/cooja/contiki-ng-cooja.a(uipbuf.o)
                0x0000000000026b1a                uipbuf_clear
                0x0000000000026b4c                uipbuf_add_ext_hdr
                0x0000000000026be4                uipbuf_set_len
                0x0000000000026c16                uipbuf_set_len_field
                0x0000000000026c49                uipbuf_get_len_field
                0x0000000000026c74                uipbuf_get_next_header
                0x0000000000026de6                uipbuf_get_last_header
                0x0000000000026e79                uipbuf_search_header
                0x0000000000026f40                uipbuf_get_attr
                0x0000000000026f71                uipbuf_set_attr
                0x0000000000026fb1                uipbuf_set_default_attr
                0x0000000000026ff1                uipbuf_clear_attr
                0x0000000000027018                uipbuf_set_attr_flag
                0x000000000002703b                uipbuf_clr_attr_flag
                0x0000000000027064                uipbuf_is_attr_flag
                0x0000000000027089                uipbuf_init
 .text          0x00000000000270cb      0x57d build/cooja/contiki-ng-cooja.a(uiplib.o)
                0x00000000000270cb                uiplib_ip6addrconv
                0x00000000000272a7                uiplib_ip4addrconv
                0x0000000000027379                uiplib_ipaddr_print
                0x00000000000273df                uiplib_ipaddr_snprint
 .text          0x0000000000027648      0x66e build/cooja/contiki-ng-cooja.a(rpl.o)
                0x0000000000027648                rpl_lollipop_greater_than
                0x00000000000276ac                rpl_get_global_address
                0x000000000002784c                rpl_link_callback
                0x00000000000278b6                rpl_has_joined
                0x00000000000278e9                rpl_is_reachable
                0x000000000002798f                rpl_reset_prefix
                0x0000000000027a06                rpl_set_prefix_from_addr
                0x0000000000027b21                rpl_set_prefix
                0x0000000000027c8b                rpl_set_leaf_only
                0x0000000000027ca5                rpl_get_leaf_only
 .text          0x0000000000027cb6       0x49 build/cooja/contiki-ng-cooja.a(watchdog.o)
                0x0000000000027cb6                watchdog_init
                0x0000000000027cc1                watchdog_start
                0x0000000000027ccc                watchdog_periodic
                0x0000000000027ce9                watchdog_stop
                0x0000000000027cf4                watchdog_reboot
 .text          0x0000000000027cff       0x61 build/cooja/contiki-ng-cooja.a(int-master.o)
                0x0000000000027cff                int_master_enable
                0x0000000000027d14                int_master_read_and_disable
                0x0000000000027d34                int_master_status_set
                0x0000000000027d4b                int_master_is_enabled
 .text          0x0000000000027d60      0x125 build/cooja/contiki-ng-cooja.a(stimer.o)
                0x0000000000027d60                stimer_set
                0x0000000000027d8f                stimer_reset
                0x0000000000027dcb                stimer_restart
                0x0000000000027dea                stimer_expired
                0x0000000000027e2c                stimer_remaining
                0x0000000000027e64                stimer_elapsed
 .text          0x0000000000027e85      0x21a build/cooja/contiki-ng-cooja.a(memb.o)
                0x0000000000027e85                memb_init
                0x0000000000027ee8                memb_alloc
                0x0000000000027f62                memb_free
                0x0000000000027ff5                memb_inmemb
                0x000000000002804c                memb_numfree
 .text          0x000000000002809f      0x19d build/cooja/contiki-ng-cooja.a(ringbuf.o)
                0x000000000002809f                ringbuf_init
                0x00000000000280e0                ringbuf_put
                0x000000000002816f                ringbuf_get
                0x00000000000281ed                ringbuf_size
                0x0000000000028209                ringbuf_elements
 .text          0x000000000002823c      0x481 build/cooja/contiki-ng-cooja.a(link-stats.o)
                0x000000000002823c                link_stats_from_lladdr
                0x0000000000028264                link_stats_get_lladdr
                0x000000000002828c                link_stats_is_fresh
                0x00000000000282d4                guess_etx_from_rssi
                0x0000000000028359                link_stats_packet_sent
                0x00000000000284bd                link_stats_input_callback
                0x000000000002861f                link_stats_reset
                0x000000000002867b                link_stats_init
 .text          0x00000000000286bd      0xcb3 build/cooja/contiki-ng-cooja.a(nbr-table.o)
                0x0000000000028b1b                nbr_table_count_entries
                0x0000000000028bbd                nbr_table_gc_get_worst
                0x0000000000028c00                nbr_table_can_accept_new
                0x0000000000028db5                nbr_table_entry_is_allowed
                0x0000000000028e62                nbr_table_register
                0x0000000000028ef4                nbr_table_is_registered
                0x0000000000028f4b                nbr_table_head
                0x0000000000028fb9                nbr_table_next
                0x0000000000029036                nbr_table_add_lladdr
                0x0000000000029196                nbr_table_get_from_lladdr
                0x00000000000291f5                nbr_table_remove
                0x000000000002924f                nbr_table_lock
                0x0000000000029284                nbr_table_unlock
                0x00000000000292b9                nbr_table_get_lladdr
                0x00000000000292fc                nbr_table_clear
                0x0000000000029339                nbr_table_key_head
                0x0000000000029352                nbr_table_key_next
 .text          0x0000000000029370      0x1e0 build/cooja/contiki-ng-cooja.a(mac-sequence.o)
                0x0000000000029370                mac_sequence_is_duplicate
                0x0000000000029451                mac_sequence_register_seqno
 .text          0x0000000000029550      0x451 build/cooja/contiki-ng-cooja.a(framer-802154.o)
                0x00000000000296eb                framer_802154_setup_params
 .text          0x00000000000299a1      0xae3 build/cooja/contiki-ng-cooja.a(csma-output.o)
                0x000000000002a183                csma_output_packet
                0x000000000002a44c                csma_output_init
 .text          0x000000000002a484       0x3d build/cooja/contiki-ng-cooja.a(csma-security.o)
                0x000000000002a484                csma_security_create_frame
                0x000000000002a4aa                csma_security_parse_frame
 .text          0x000000000002a4c1      0x8b7 build/cooja/contiki-ng-cooja.a(uip-icmp6.o)
                0x000000000002a53e                uip_icmp6_input
                0x000000000002a59c                uip_icmp6_register_input_handler
                0x000000000002a72e                uip_icmp6_error_output
                0x000000000002aa93                uip_icmp6_send
                0x000000000002acdf                uip_icmp6_echo_reply_callback_add
                0x000000000002ad26                uip_icmp6_echo_reply_callback_rm
                0x000000000002ad4f                uip_icmp6_init
 .text          0x000000000002ad78      0x87f build/cooja/contiki-ng-cooja.a(uip-nd6.o)
                0x000000000002b5dd                uip_nd6_init
 .text          0x000000000002b5f7      0x7e7 build/cooja/contiki-ng-cooja.a(uip-sr.o)
                0x000000000002b5f7                uip_sr_num_nodes
                0x000000000002b6a2                uip_sr_get_node
                0x000000000002b70a                uip_sr_is_addr_reachable
                0x000000000002b7d2                uip_sr_expire_parent
                0x000000000002b841                uip_sr_update_node
                0x000000000002b9b5                uip_sr_init
                0x000000000002b9e8                uip_sr_node_head
                0x000000000002ba01                uip_sr_node_next
                0x000000000002ba1f                uip_sr_periodic
                0x000000000002bb5b                uip_sr_free_all
                0x000000000002bbda                uip_sr_link_snprint
 .text          0x000000000002bdde      0x35a build/cooja/contiki-ng-cooja.a(rpl-dag-root.o)
                0x000000000002bdde                rpl_dag_root_print_links
                0x000000000002bf53                rpl_dag_root_set_prefix
                0x000000000002bf8f                rpl_dag_root_start
                0x000000000002c0f8                rpl_dag_root_is_root
 .text          0x000000000002c138     0x1219 build/cooja/contiki-ng-cooja.a(rpl-dag.o)
                0x000000000002c138                rpl_dag_state_to_str
                0x000000000002c196                rpl_dag_get_root_ipaddr
                0x000000000002c1e0                rpl_dag_leave
                0x000000000002c28b                rpl_dag_poison_and_leave
                0x000000000002c2a9                rpl_dag_periodic
                0x000000000002c36d                rpl_is_addr_in_our_dag
                0x000000000002c3c9                rpl_get_default_instance
                0x000000000002c3f0                rpl_get_any_dag
                0x000000000002c45d                rpl_refresh_routes
                0x000000000002c4bf                rpl_global_repair
                0x000000000002c581                rpl_local_repair
                0x000000000002c5e3                rpl_dag_ready_to_advertise
                0x000000000002c63b                rpl_dag_update_state
                0x000000000002cefe                rpl_process_dio
                0x000000000002cfa0                rpl_process_dis
                0x000000000002cff4                rpl_process_dao
                0x000000000002d09d                rpl_process_dao_ack
                0x000000000002d14d                rpl_process_hbh
                0x000000000002d1ac                rpl_dag_init_root
                0x000000000002d32d                rpl_dag_init
 .text          0x000000000002d351      0xdef build/cooja/contiki-ng-cooja.a(rpl-ext-header.o)
                0x000000000002d351                rpl_ext_header_srh_get_next_hop
                0x000000000002d462                rpl_ext_header_srh_update
                0x000000000002daf1                rpl_ext_header_hbh_update
                0x000000000002de91                rpl_ext_header_update
                0x000000000002df3b                rpl_ext_header_remove
 .text          0x000000000002e140     0x16eb build/cooja/contiki-ng-cooja.a(rpl-icmp6.o)
                0x000000000002e2d4                rpl_icmp6_update_nbr_table
                0x000000000002e389                rpl_icmp6_dis_output
                0x000000000002eaad                rpl_icmp6_dio_output
                0x000000000002f3dd                rpl_icmp6_dao_output
                0x000000000002f74e                rpl_icmp6_dao_ack_output
                0x000000000002f7e4                rpl_icmp6_init
 .text          0x000000000002f82b      0x36f build/cooja/contiki-ng-cooja.a(rpl-mrhof.o)
 .text          0x000000000002fb9a       0x8c build/cooja/contiki-ng-cooja.a(rpl-nbr-policy.o)
                0x000000000002fbe2                rpl_nbr_gc_get_worst
 .text          0x000000000002fc26      0xadd build/cooja/contiki-ng-cooja.a(rpl-neighbor.o)
                0x000000000002fcb9                rpl_neighbor_snprint
                0x000000000002ffe7                rpl_neighbor_print_list
                0x00000000000300be                rpl_neighbor_count
                0x00000000000301a9                rpl_neighbor_get_from_lladdr
                0x00000000000301d4                rpl_neighbor_is_acceptable_parent
                0x0000000000030220                rpl_neighbor_get_link_metric
                0x000000000003026c                rpl_neighbor_rank_via_nbr
                0x00000000000302b8                rpl_neighbor_get_lladdr
                0x00000000000302e3                rpl_neighbor_get_ipaddr
                0x0000000000030311                rpl_neighbor_get_link_stats
                0x000000000003033f                rpl_neighbor_is_fresh
                0x000000000003036d                rpl_neighbor_is_parent
                0x00000000000303a6                rpl_neighbor_set_preferred_parent
                0x000000000003045d                rpl_neighbor_remove_all
                0x00000000000304c3                rpl_neighbor_get_from_ipaddr
                0x00000000000305fc                rpl_neighbor_select_best
                0x00000000000306dc                rpl_neighbor_init
 .text          0x0000000000030703      0xd3d build/cooja/contiki-ng-cooja.a(rpl-timers.o)
                0x0000000000030703                rpl_timers_schedule_periodic_dis
                0x00000000000308b9                rpl_timers_dio_reset
                0x0000000000030a3d                rpl_timers_schedule_unicast_dio
                0x0000000000030c24                rpl_timers_schedule_dao
                0x0000000000030d2a                rpl_timers_schedule_dao_ack
                0x0000000000030def                rpl_timers_notify_dao_ack
                0x0000000000030e64                get_probing_delay
                0x0000000000030eab                get_probing_target
                0x00000000000310e9                rpl_schedule_probing
                0x0000000000031130                rpl_schedule_probing_now
                0x00000000000311be                rpl_timers_unschedule_leaving
                0x0000000000031208                rpl_timers_schedule_leaving
                0x0000000000031266                rpl_timers_init
                0x0000000000031318                rpl_timers_stop_dag_timers
                0x00000000000313ba                rpl_timers_unschedule_state_update
                0x00000000000313e7                rpl_timers_schedule_state_update
 .text          0x0000000000031440       0x34 build/cooja/contiki-ng-cooja.a(assert.o)
                0x0000000000031440                _xassert
 .text          0x0000000000031474       0x3a build/cooja/contiki-ng-cooja.a(mac.o)
                0x0000000000031474                mac_call_sent_callback
 .text          0x00000000000314ae      0xca9 build/cooja/contiki-ng-cooja.a(frame802154.o)
                0x00000000000314dc                frame802154_get_pan_id
                0x00000000000314ed                frame802154_set_pan_id
                0x0000000000031509                frame802154_has_panid
                0x00000000000316e8                frame802154_check_dest_panid
                0x0000000000031786                frame802154_is_broadcast_addr
                0x00000000000317dd                frame802154_extract_linkaddr
                0x0000000000031a77                frame802154_hdrlen
                0x0000000000031af6                frame802154_create_fcf
                0x0000000000031bc8                frame802154_create
                0x0000000000031d72                frame802154_parse_fcf
                0x0000000000031e69                frame802154_parse
 .text          0x0000000000032157        0x0 /usr/lib/gcc/x86_64-linux-gnu/11/crtendS.o
 .text          0x0000000000032157        0x0 /usr/lib/gcc/x86_64-linux-gnu/11/../../../x86_64-linux-gnu/crtn.o
 *(.gnu.warning)

.fini           0x0000000000032158        0xd
 *(SORT_NONE(.fini))
 .fini          0x0000000000032158        0x8 /usr/lib/gcc/x86_64-linux-gnu/11/../../../x86_64-linux-gnu/crti.o
                0x0000000000032158                _fini
 .fini          0x0000000000032160        0x5 /usr/lib/gcc/x86_64-linux-gnu/11/../../../x86_64-linux-gnu/crtn.o
                [!provide]                        PROVIDE (__etext = .)
                [!provide]                        PROVIDE (_etext = .)
                [!provide]                        PROVIDE (etext = .)
                0x0000000000033000                . = ALIGN (CONSTANT (MAXPAGESIZE))
                0x0000000000033000                . = SEGMENT_START ("rodata-segment", (ALIGN (CONSTANT (MAXPAGESIZE)) + (. & (CONSTANT (MAXPAGESIZE) - 0x1))))

.rodata         0x0000000000033000      0xc2d
 *(.rodata .rodata.* .gnu.linkonce.r.*)
 .rodata        0x0000000000033000      0x157 soil_humidity_server.o
 .rodata        0x0000000000033157        0x6 build/cooja/contiki-ng-cooja.a(leds-arch.o)
                0x0000000000033157                leds_arch_leds
 .rodata        0x000000000003315d        0x4 build/cooja/contiki-ng-cooja.a(pir-sensor.o)
 .rodata        0x0000000000033161        0x3 build/cooja/contiki-ng-cooja.a(rs232.o)
 .rodata        0x0000000000033164        0xa build/cooja/contiki-ng-cooja.a(vib-sensor.o)
 *fill*         0x000000000003316e        0x2 
 .rodata        0x0000000000033170       0x26 build/cooja/contiki-ng-cooja.a(cfs-cooja.o)
 *fill*         0x0000000000033196        0x2 
 .rodata        0x0000000000033198       0x68 build/cooja/contiki-ng-cooja.a(cooja-radio.o)
 .rodata        0x0000000000033200        0x8 build/cooja/contiki-ng-cooja.a(sensors.o)
 .rodata        0x0000000000033208       0x14 build/cooja/contiki-ng-cooja.a(buttons.o)
                0x0000000000033214                button_hal_button_count
 .rodata        0x000000000003321c      0x29c build/cooja/contiki-ng-cooja.a(mqtt.o)
 .rodata        0x00000000000334b8       0xf4 build/cooja/contiki-ng-cooja.a(contiki-main.o)
 .rodata        0x00000000000335ac        0xf build/cooja/contiki-ng-cooja.a(ctimer.o)
 .rodata        0x00000000000335bb        0xc build/cooja/contiki-ng-cooja.a(etimer.o)
 *fill*         0x00000000000335c7        0x1 
 .rodata        0x00000000000335c8       0xc0 build/cooja/contiki-ng-cooja.a(log.o)
 .rodata        0x0000000000033688       0x13 build/cooja/contiki-ng-cooja.a(button-hal.o)
 .rodata        0x000000000003369b        0xe build/cooja/contiki-ng-cooja.a(serial-line.o)
 *fill*         0x00000000000336a9        0x7 
 .rodata        0x00000000000336b0        0x8 build/cooja/contiki-ng-cooja.a(linkaddr.o)
                0x00000000000336b0                linkaddr_null
 *fill*         0x00000000000336b8        0x8 
 .rodata        0x00000000000336c0      0x280 build/cooja/contiki-ng-cooja.a(strformat.o)
 .rodata        0x0000000000033940        0x5 build/cooja/contiki-ng-cooja.a(csma.o)
 .rodata        0x0000000000033945       0x1d build/cooja/contiki-ng-cooja.a(sicslowpan.o)
                0x0000000000033945                unc_llconf
                0x0000000000033949                unc_ctxconf
                0x000000000003394d                unc_mxconf
                0x0000000000033951                llprefix
 .rodata        0x0000000000033962       0x13 build/cooja/contiki-ng-cooja.a(tcp-socket.o)
 .rodata        0x0000000000033975        0xd build/cooja/contiki-ng-cooja.a(tcpip.o)
 *fill*         0x0000000000033982        0x6 
 .rodata        0x0000000000033988       0x4c build/cooja/contiki-ng-cooja.a(uip-ds6-route.o)
 .rodata        0x00000000000339d4       0x48 build/cooja/contiki-ng-cooja.a(uip6.o)
 .rodata        0x0000000000033a1c       0x2d build/cooja/contiki-ng-cooja.a(uiplib.o)
 .rodata        0x0000000000033a49        0x9 build/cooja/contiki-ng-cooja.a(rpl.o)
 *fill*         0x0000000000033a52        0x6 
 .rodata        0x0000000000033a58       0x2a build/cooja/contiki-ng-cooja.a(csma-output.o)
 .rodata        0x0000000000033a82       0x44 build/cooja/contiki-ng-cooja.a(uip-sr.o)
 .rodata        0x0000000000033ac6       0xd7 build/cooja/contiki-ng-cooja.a(rpl-dag.o)
 *fill*         0x0000000000033b9d        0x3 
 .rodata        0x0000000000033ba0       0x58 build/cooja/contiki-ng-cooja.a(rpl-neighbor.o)
 .rodata        0x0000000000033bf8        0xc build/cooja/contiki-ng-cooja.a(rpl-timers.o)
 *fill*         0x0000000000033c04        0x4 
 .rodata        0x0000000000033c08       0x25 build/cooja/contiki-ng-cooja.a(assert.o)

.rodata1
 *(.rodata1)

.eh_frame_hdr   0x0000000000033c30     0x18e4
 *(.eh_frame_hdr)
 .eh_frame_hdr  0x0000000000033c30     0x18e4 soil_humidity_server.o
                0x0000000000033c30                __GNU_EH_FRAME_HDR
 *(.eh_frame_entry .eh_frame_entry.*)

.eh_frame       0x0000000000035518     0x63f0
 *(.eh_frame)
 .eh_frame      0x0000000000035518       0x40 /usr/lib/gcc/x86_64-linux-gnu/11/../../../x86_64-linux-gnu/crti.o
 .eh_frame      0x0000000000035558       0x18 /usr/lib/gcc/x86_64-linux-gnu/11/../../../x86_64-linux-gnu/crti.o
                                         0x30 (size before relaxing)
 .eh_frame      0x0000000000035570       0x18 /usr/lib/gcc/x86_64-linux-gnu/11/../../../x86_64-linux-gnu/crti.o
                                         0x30 (size before relaxing)
 .eh_frame      0x0000000000035588       0x60 soil_humidity_server.o
                                         0x78 (size before relaxing)
 .eh_frame      0x00000000000355e8      0x198 build/cooja/mtype882561676.o
                                        0x1b0 (size before relaxing)
 .eh_frame      0x0000000000035780       0x40 build/cooja/contiki-ng-cooja.a(simEnvChange.o)
                                         0x58 (size before relaxing)
 .eh_frame      0x00000000000357c0       0x60 build/cooja/contiki-ng-cooja.a(cooja_mt.o)
                                         0x78 (size before relaxing)
 .eh_frame      0x0000000000035820       0x80 build/cooja/contiki-ng-cooja.a(cooja_mtarch.o)
                                         0x98 (size before relaxing)
 .eh_frame      0x00000000000358a0       0xc0 build/cooja/contiki-ng-cooja.a(rtimer-arch.o)
                                         0xd8 (size before relaxing)
 .eh_frame      0x0000000000035960      0x160 build/cooja/contiki-ng-cooja.a(beep.o)
                                        0x178 (size before relaxing)
 .eh_frame      0x0000000000035ac0       0x80 build/cooja/contiki-ng-cooja.a(leds-arch.o)
                                         0x98 (size before relaxing)
 .eh_frame      0x0000000000035b40       0x40 build/cooja/contiki-ng-cooja.a(moteid.o)
                                         0x58 (size before relaxing)
 .eh_frame      0x0000000000035b80       0xa0 build/cooja/contiki-ng-cooja.a(pir-sensor.o)
                                         0xb8 (size before relaxing)
 .eh_frame      0x0000000000035c20      0x100 build/cooja/contiki-ng-cooja.a(rs232.o)
                                        0x118 (size before relaxing)
 .eh_frame      0x0000000000035d20       0xa0 build/cooja/contiki-ng-cooja.a(vib-sensor.o)
                                         0xb8 (size before relaxing)
 .eh_frame      0x0000000000035dc0       0xc0 build/cooja/contiki-ng-cooja.a(clock.o)
                                         0xd8 (size before relaxing)
 .eh_frame      0x0000000000035e80      0x100 build/cooja/contiki-ng-cooja.a(cooja-log.o)
                                        0x118 (size before relaxing)
 .eh_frame      0x0000000000035f80      0x160 build/cooja/contiki-ng-cooja.a(cfs-cooja.o)
                                        0x178 (size before relaxing)
 .eh_frame      0x00000000000360e0      0x360 build/cooja/contiki-ng-cooja.a(cooja-radio.o)
                                        0x378 (size before relaxing)
 .eh_frame      0x0000000000036440       0xa0 build/cooja/contiki-ng-cooja.a(eeprom.o)
                                         0xb8 (size before relaxing)
 .eh_frame      0x00000000000364e0       0x40 build/cooja/contiki-ng-cooja.a(random.o)
                                         0x58 (size before relaxing)
 .eh_frame      0x0000000000036520       0xc0 build/cooja/contiki-ng-cooja.a(sensors.o)
                                         0xd8 (size before relaxing)
 .eh_frame      0x00000000000365e0      0x120 build/cooja/contiki-ng-cooja.a(leds.o)
                                        0x138 (size before relaxing)
 .eh_frame      0x0000000000036700      0x220 build/cooja/contiki-ng-cooja.a(gpio-hal-arch.o)
                                        0x238 (size before relaxing)
 .eh_frame      0x0000000000036920       0xa0 build/cooja/contiki-ng-cooja.a(buttons.o)
                                         0xb8 (size before relaxing)
 .eh_frame      0x00000000000369c0      0x4e0 build/cooja/contiki-ng-cooja.a(mqtt.o)
                                        0x4f8 (size before relaxing)
 .eh_frame      0x0000000000036ea0       0x20 build/cooja/contiki-ng-cooja.a(contiki-main.o)
                                         0x38 (size before relaxing)
 .eh_frame      0x0000000000036ec0       0x40 build/cooja/contiki-ng-cooja.a(autostart.o)
                                         0x58 (size before relaxing)
 .eh_frame      0x0000000000036f00      0x100 build/cooja/contiki-ng-cooja.a(ctimer.o)
                                        0x118 (size before relaxing)
 .eh_frame      0x0000000000037000       0x60 build/cooja/contiki-ng-cooja.a(energest.o)
                                         0x78 (size before relaxing)
 .eh_frame      0x0000000000037060      0x1e0 build/cooja/contiki-ng-cooja.a(etimer.o)
                                        0x1f8 (size before relaxing)
 .eh_frame      0x0000000000037240      0x120 build/cooja/contiki-ng-cooja.a(log.o)
                                        0x138 (size before relaxing)
 .eh_frame      0x0000000000037360       0x20 build/cooja/contiki-ng-cooja.a(node-id.o)
                                         0x38 (size before relaxing)
 .eh_frame      0x0000000000037380      0x1c8 build/cooja/contiki-ng-cooja.a(process.o)
                                        0x1e0 (size before relaxing)
 .eh_frame      0x0000000000037548       0x60 build/cooja/contiki-ng-cooja.a(rtimer.o)
                                         0x78 (size before relaxing)
 .eh_frame      0x00000000000375a8       0xa0 build/cooja/contiki-ng-cooja.a(timer.o)
                                         0xb8 (size before relaxing)
 .eh_frame      0x0000000000037648      0x1a0 build/cooja/contiki-ng-cooja.a(list.o)
                                        0x1b8 (size before relaxing)
 .eh_frame      0x00000000000377e8      0x160 build/cooja/contiki-ng-cooja.a(button-hal.o)
                                        0x178 (size before relaxing)
 .eh_frame      0x0000000000037948       0xe0 build/cooja/contiki-ng-cooja.a(gpio-hal.o)
                                         0xf8 (size before relaxing)
 .eh_frame      0x0000000000037a28       0x60 build/cooja/contiki-ng-cooja.a(serial-line.o)
                                         0x78 (size before relaxing)
 .eh_frame      0x0000000000037a88       0x60 build/cooja/contiki-ng-cooja.a(linkaddr.o)
                                         0x78 (size before relaxing)
 .eh_frame      0x0000000000037ae8       0x80 build/cooja/contiki-ng-cooja.a(netstack.o)
                                         0x98 (size before relaxing)
 .eh_frame      0x0000000000037b68      0x288 build/cooja/contiki-ng-cooja.a(packetbuf.o)
                                        0x2a0 (size before relaxing)
 .eh_frame      0x0000000000037df0      0x1a0 build/cooja/contiki-ng-cooja.a(queuebuf.o)
                                        0x1b8 (size before relaxing)
 .eh_frame      0x0000000000037f90       0x40 build/cooja/contiki-ng-cooja.a(printf.o)
                                         0x58 (size before relaxing)
 .eh_frame      0x0000000000037fd0       0x20 build/cooja/contiki-ng-cooja.a(putchar.o)
                                         0x38 (size before relaxing)
 .eh_frame      0x0000000000037ff0       0x20 build/cooja/contiki-ng-cooja.a(puts.o)
                                         0x38 (size before relaxing)
 .eh_frame      0x0000000000038010       0x60 build/cooja/contiki-ng-cooja.a(snprintf.o)
                                         0x78 (size before relaxing)
 .eh_frame      0x0000000000038070       0x40 build/cooja/contiki-ng-cooja.a(sprintf.o)
                                         0x58 (size before relaxing)
 .eh_frame      0x00000000000380b0      0x120 build/cooja/contiki-ng-cooja.a(strformat.o)
                                        0x138 (size before relaxing)
 .eh_frame      0x00000000000381d0       0xe0 build/cooja/contiki-ng-cooja.a(csma.o)
                                         0xf8 (size before relaxing)
 .eh_frame      0x00000000000382b0      0x2e0 build/cooja/contiki-ng-cooja.a(sicslowpan.o)
                                        0x2f8 (size before relaxing)
 .eh_frame      0x0000000000038590      0x248 build/cooja/contiki-ng-cooja.a(tcp-socket.o)
                                        0x260 (size before relaxing)
 .eh_frame      0x00000000000387d8      0x308 build/cooja/contiki-ng-cooja.a(tcpip.o)
                                        0x320 (size before relaxing)
 .eh_frame      0x0000000000038ae0      0x1c0 build/cooja/contiki-ng-cooja.a(uip-ds6-nbr.o)
                                        0x1d8 (size before relaxing)
 .eh_frame      0x0000000000038ca0      0x240 build/cooja/contiki-ng-cooja.a(uip-ds6-route.o)
                                        0x258 (size before relaxing)
 .eh_frame      0x0000000000038ee0      0x328 build/cooja/contiki-ng-cooja.a(uip-ds6.o)
                                        0x340 (size before relaxing)
 .eh_frame      0x0000000000039208       0xe0 build/cooja/contiki-ng-cooja.a(uip-packetqueue.o)
                                         0xf8 (size before relaxing)
 .eh_frame      0x00000000000392e8      0x2b0 build/cooja/contiki-ng-cooja.a(uip6.o)
                                        0x2c8 (size before relaxing)
 .eh_frame      0x0000000000039598      0x200 build/cooja/contiki-ng-cooja.a(uipbuf.o)
                                        0x218 (size before relaxing)
 .eh_frame      0x0000000000039798       0x80 build/cooja/contiki-ng-cooja.a(uiplib.o)
                                         0x98 (size before relaxing)
 .eh_frame      0x0000000000039818      0x1e0 build/cooja/contiki-ng-cooja.a(rpl.o)
                                        0x1f8 (size before relaxing)
 .eh_frame      0x00000000000399f8       0xa0 build/cooja/contiki-ng-cooja.a(watchdog.o)
                                         0xb8 (size before relaxing)
 .eh_frame      0x0000000000039a98       0x80 build/cooja/contiki-ng-cooja.a(int-master.o)
                                         0x98 (size before relaxing)
 .eh_frame      0x0000000000039b18       0xc0 build/cooja/contiki-ng-cooja.a(stimer.o)
                                         0xd8 (size before relaxing)
 .eh_frame      0x0000000000039bd8       0xa0 build/cooja/contiki-ng-cooja.a(memb.o)
                                         0xb8 (size before relaxing)
 .eh_frame      0x0000000000039c78       0xa0 build/cooja/contiki-ng-cooja.a(ringbuf.o)
                                         0xb8 (size before relaxing)
 .eh_frame      0x0000000000039d18      0x120 build/cooja/contiki-ng-cooja.a(link-stats.o)
                                        0x138 (size before relaxing)
 .eh_frame      0x0000000000039e38      0x3e0 build/cooja/contiki-ng-cooja.a(nbr-table.o)
                                        0x3f8 (size before relaxing)
 .eh_frame      0x000000000003a218       0x48 build/cooja/contiki-ng-cooja.a(mac-sequence.o)
                                         0x60 (size before relaxing)
 .eh_frame      0x000000000003a260       0xa8 build/cooja/contiki-ng-cooja.a(framer-802154.o)
                                         0xc0 (size before relaxing)
 .eh_frame      0x000000000003a308      0x1c8 build/cooja/contiki-ng-cooja.a(csma-output.o)
                                        0x1e0 (size before relaxing)
 .eh_frame      0x000000000003a4d0       0x40 build/cooja/contiki-ng-cooja.a(csma-security.o)
                                         0x58 (size before relaxing)
 .eh_frame      0x000000000003a510      0x148 build/cooja/contiki-ng-cooja.a(uip-icmp6.o)
                                        0x160 (size before relaxing)
 .eh_frame      0x000000000003a658       0x80 build/cooja/contiki-ng-cooja.a(uip-nd6.o)
                                         0x98 (size before relaxing)
 .eh_frame      0x000000000003a6d8      0x180 build/cooja/contiki-ng-cooja.a(uip-sr.o)
                                        0x198 (size before relaxing)
 .eh_frame      0x000000000003a858       0xa0 build/cooja/contiki-ng-cooja.a(rpl-dag-root.o)
                                         0xb8 (size before relaxing)
 .eh_frame      0x000000000003a8f8      0x360 build/cooja/contiki-ng-cooja.a(rpl-dag.o)
                                        0x378 (size before relaxing)
 .eh_frame      0x000000000003ac58      0x128 build/cooja/contiki-ng-cooja.a(rpl-ext-header.o)
                                        0x140 (size before relaxing)
 .eh_frame      0x000000000003ad80      0x1c0 build/cooja/contiki-ng-cooja.a(rpl-icmp6.o)
                                        0x1d8 (size before relaxing)
 .eh_frame      0x000000000003af40      0x148 build/cooja/contiki-ng-cooja.a(rpl-mrhof.o)
                                        0x160 (size before relaxing)
 .eh_frame      0x000000000003b088       0x40 build/cooja/contiki-ng-cooja.a(rpl-nbr-policy.o)
                                         0x58 (size before relaxing)
 .eh_frame      0x000000000003b0c8      0x2b0 build/cooja/contiki-ng-cooja.a(rpl-neighbor.o)
                                        0x2c8 (size before relaxing)
 .eh_frame      0x000000000003b378      0x3a8 build/cooja/contiki-ng-cooja.a(rpl-timers.o)
                                        0x3c0 (size before relaxing)
 .eh_frame      0x000000000003b720       0x20 build/cooja/contiki-ng-cooja.a(assert.o)
                                         0x38 (size before relaxing)
 .eh_frame      0x000000000003b740       0x20 build/cooja/contiki-ng-cooja.a(mac.o)
                                         0x38 (size before relaxing)
 .eh_frame      0x000000000003b760      0x1a4 build/cooja/contiki-ng-cooja.a(frame802154.o)
                                        0x1c0 (size before relaxing)
 .eh_frame      0x000000000003b904        0x4 /usr/lib/gcc/x86_64-linux-gnu/11/crtendS.o
 *(.eh_frame.*)

.gcc_except_table
 *(.gcc_except_table .gcc_except_table.*)

.gnu_extab
 *(.gnu_extab*)

.exception_ranges
 *(.exception_ranges*)
                0x000000000003d6d0                . = DATA_SEGMENT_ALIGN (CONSTANT (MAXPAGESIZE), CONSTANT (COMMONPAGESIZE))

.eh_frame
 *(.eh_frame)
 *(.eh_frame.*)

.gnu_extab
 *(.gnu_extab)

.gcc_except_table
 *(.gcc_except_table .gcc_except_table.*)

.exception_ranges
 *(.exception_ranges*)

.tdata
 *(.tdata .tdata.* .gnu.linkonce.td.*)

.tbss
 *(.tbss .tbss.* .gnu.linkonce.tb.*)
 *(.tcommon)

.preinit_array
 *(.preinit_array)

.init_array     0x000000000003d6d0        0x8
 *(SORT_BY_INIT_PRIORITY(.init_array.*) SORT_BY_INIT_PRIORITY(.ctors.*))
 *(.init_array EXCLUDE_FILE(*crtend?.o *crtend.o *crtbegin?.o *crtbegin.o) .ctors)
 .init_array    0x000000000003d6d0        0x8 /usr/lib/gcc/x86_64-linux-gnu/11/crtbeginS.o

.fini_array     0x000000000003d6d8        0x8
 *(SORT_BY_INIT_PRIORITY(.fini_array.*) SORT_BY_INIT_PRIORITY(.dtors.*))
 *(.fini_array EXCLUDE_FILE(*crtend?.o *crtend.o *crtbegin?.o *crtbegin.o) .dtors)
 .fini_array    0x000000000003d6d8        0x8 /usr/lib/gcc/x86_64-linux-gnu/11/crtbeginS.o

.ctors
 *crtbegin.o(.ctors)
 *crtbegin?.o(.ctors)
 *(EXCLUDE_FILE(*crtend?.o *crtend.o) .ctors)
 *(SORT_BY_NAME(.ctors.*))
 *(.ctors)

.dtors
 *crtbegin.o(.dtors)
 *crtbegin?.o(.dtors)
 *(EXCLUDE_FILE(*crtend?.o *crtend.o) .dtors)
 *(SORT_BY_NAME(.dtors.*))
 *(.dtors)

.jcr
 *(.jcr)

.data.rel.ro    0x000000000003d6e0      0x350
 *(.data.rel.ro.local* .gnu.linkonce.d.rel.ro.local.*)
 .data.rel.ro.local
                0x000000000003d6e0       0x10 build/cooja/contiki-ng-cooja.a(beep.o)
                0x000000000003d6e0                beep_interface
 .data.rel.ro.local
                0x000000000003d6f0       0x10 build/cooja/contiki-ng-cooja.a(leds-arch.o)
                0x000000000003d6f0                leds_interface
 .data.rel.ro.local
                0x000000000003d700       0x10 build/cooja/contiki-ng-cooja.a(moteid.o)
                0x000000000003d700                moteid_interface
 *fill*         0x000000000003d710       0x10 
 .data.rel.ro.local
                0x000000000003d720       0x40 build/cooja/contiki-ng-cooja.a(pir-sensor.o)
                0x000000000003d720                pir_interface
                0x000000000003d740                pir_sensor
 .data.rel.ro.local
                0x000000000003d760       0x10 build/cooja/contiki-ng-cooja.a(rs232.o)
                0x000000000003d760                rs232_interface
 *fill*         0x000000000003d770       0x10 
 .data.rel.ro.local
                0x000000000003d780       0x40 build/cooja/contiki-ng-cooja.a(vib-sensor.o)
                0x000000000003d780                vib_interface
                0x000000000003d7a0                vib_sensor
 .data.rel.ro.local
                0x000000000003d7c0       0x10 build/cooja/contiki-ng-cooja.a(clock.o)
                0x000000000003d7c0                clock_interface
 .data.rel.ro.local
                0x000000000003d7d0       0x10 build/cooja/contiki-ng-cooja.a(cooja-log.o)
                0x000000000003d7d0                simlog_interface
 .data.rel.ro.local
                0x000000000003d7e0       0x10 build/cooja/contiki-ng-cooja.a(cfs-cooja.o)
                0x000000000003d7e0                cfs_interface
 *fill*         0x000000000003d7f0       0x10 
 .data.rel.ro.local
                0x000000000003d800       0x90 build/cooja/contiki-ng-cooja.a(cooja-radio.o)
                0x000000000003d800                radio_interface
                0x000000000003d820                cooja_radio_driver
 .data.rel.ro.local
                0x000000000003d890       0x10 build/cooja/contiki-ng-cooja.a(eeprom.o)
                0x000000000003d890                eeprom_interface
 .data.rel.ro.local
                0x000000000003d8a0       0x40 build/cooja/contiki-ng-cooja.a(buttons.o)
                0x000000000003d8a0                button_interface
                0x000000000003d8c0                button_sensor
 .data.rel.ro.local
                0x000000000003d8e0       0x38 build/cooja/contiki-ng-cooja.a(csma.o)
                0x000000000003d8e0                csma_driver
 *fill*         0x000000000003d918        0x8 
 .data.rel.ro.local
                0x000000000003d920       0x18 build/cooja/contiki-ng-cooja.a(framer-802154.o)
                0x000000000003d920                framer_802154
 *(.data.rel.ro .data.rel.ro.* .gnu.linkonce.d.rel.ro.*)
 .data.rel.ro   0x000000000003d938        0x0 /usr/lib/gcc/x86_64-linux-gnu/11/../../../x86_64-linux-gnu/crti.o
 *fill*         0x000000000003d938        0x8 
 .data.rel.ro   0x000000000003d940       0x10 soil_humidity_server.o
                0x000000000003d940                autostart_processes
 *fill*         0x000000000003d950       0x10 
 .data.rel.ro   0x000000000003d960       0x20 build/cooja/contiki-ng-cooja.a(sicslowpan.o)
                0x000000000003d960                sicslowpan_driver
 .data.rel.ro   0x000000000003d980       0xa8 build/cooja/contiki-ng-cooja.a(rpl.o)
                0x000000000003d980                rpl_lite_driver
 .data.rel.ro   0x000000000003da28        0x8 build/cooja/contiki-ng-cooja.a(rpl-dag.o)

.dynamic        0x000000000003da30      0x1c0
 *(.dynamic)
 .dynamic       0x000000000003da30      0x1c0 /usr/lib/gcc/x86_64-linux-gnu/11/../../../x86_64-linux-gnu/crti.o
                0x000000000003da30                _DYNAMIC

.got            0x000000000003dbf0      0x3f8
 *(.got)
 .got           0x000000000003dbf0      0x3f8 /usr/lib/gcc/x86_64-linux-gnu/11/../../../x86_64-linux-gnu/crti.o
 *(.igot)
                0x000000000003dfe8                . = DATA_SEGMENT_RELRO_END (., (SIZEOF (.got.plt) >= 0x18)?0x18:0x0)

.got.plt        0x000000000003e000      0xbb0
 *(.got.plt)
 .got.plt       0x000000000003e000      0xbb0 /usr/lib/gcc/x86_64-linux-gnu/11/../../../x86_64-linux-gnu/crti.o
                0x000000000003e000                _GLOBAL_OFFSET_TABLE_
 *(.igot.plt)

.data           0x000000000003ebc0      0x812
 *(.data .data.* .gnu.linkonce.d.*)
 .data          0x000000000003ebc0        0x0 /usr/lib/gcc/x86_64-linux-gnu/11/../../../x86_64-linux-gnu/crti.o
 .data          0x000000000003ebc0        0x0 /usr/lib/gcc/x86_64-linux-gnu/11/crtbeginS.o
 .data.rel.local
                0x000000000003ebc0        0x8 /usr/lib/gcc/x86_64-linux-gnu/11/crtbeginS.o
                0x000000000003ebc0                __dso_handle
 .data          0x000000000003ebc8        0x0 soil_humidity_server.o
 *fill*         0x000000000003ebc8       0x18 
 .data.rel.local
                0x000000000003ebe0       0x40 soil_humidity_server.o
                0x000000000003ec00                mqtt_client_process
 .data          0x000000000003ec20        0x0 build/cooja/mtype882561676.o
 .data.rel      0x000000000003ec20       0xa0 build/cooja/mtype882561676.o
                0x000000000003ec20                simInterfaces
                0x000000000003eca0                sensors
 .data          0x000000000003ecc0        0x0 build/cooja/contiki-ng-cooja.a(simEnvChange.o)
 .data          0x000000000003ecc0        0x0 build/cooja/contiki-ng-cooja.a(cooja_mt.o)
 .data          0x000000000003ecc0        0x0 build/cooja/contiki-ng-cooja.a(cooja_mtarch.o)
 .data          0x000000000003ecc0        0x0 build/cooja/contiki-ng-cooja.a(rtimer-arch.o)
 .data          0x000000000003ecc0        0x0 build/cooja/contiki-ng-cooja.a(beep.o)
 .data          0x000000000003ecc0        0x0 build/cooja/contiki-ng-cooja.a(leds-arch.o)
 .data          0x000000000003ecc0        0x0 build/cooja/contiki-ng-cooja.a(moteid.o)
 .data          0x000000000003ecc0        0x0 build/cooja/contiki-ng-cooja.a(pir-sensor.o)
 .data          0x000000000003ecc0        0x0 build/cooja/contiki-ng-cooja.a(rs232.o)
 .data          0x000000000003ecc0        0x0 build/cooja/contiki-ng-cooja.a(vib-sensor.o)
 .data          0x000000000003ecc0        0x0 build/cooja/contiki-ng-cooja.a(clock.o)
 .data          0x000000000003ecc0        0x0 build/cooja/contiki-ng-cooja.a(cooja-log.o)
 .data          0x000000000003ecc0        0x0 build/cooja/contiki-ng-cooja.a(cfs-cooja.o)
 .data          0x000000000003ecc0       0x20 build/cooja/contiki-ng-cooja.a(cooja-radio.o)
                0x000000000003ecc0                simRadioHWOn
                0x000000000003ecc4                simSignalStrength
                0x000000000003ecc8                simLastSignalStrength
                0x000000000003eccc                simPower
                0x000000000003ecd0                simRadioChannel
                0x000000000003ecd4                simLQI
                0x000000000003ecd8                simLastLQI
 .data.rel.local
                0x000000000003ece0       0x20 build/cooja/contiki-ng-cooja.a(cooja-radio.o)
                0x000000000003ece0                cooja_radio_process
 .data          0x000000000003ed00        0x0 build/cooja/contiki-ng-cooja.a(eeprom.o)
 .data          0x000000000003ed00        0x0 build/cooja/contiki-ng-cooja.a(random.o)
 .data          0x000000000003ed00        0x0 build/cooja/contiki-ng-cooja.a(sensors.o)
 .data.rel.local
                0x000000000003ed00       0x20 build/cooja/contiki-ng-cooja.a(sensors.o)
                0x000000000003ed00                sensors_process
 .data          0x000000000003ed20        0x0 build/cooja/contiki-ng-cooja.a(leds.o)
 .data          0x000000000003ed20        0x0 build/cooja/contiki-ng-cooja.a(gpio-hal-arch.o)
 .data          0x000000000003ed20        0x1 build/cooja/contiki-ng-cooja.a(buttons.o)
                0x000000000003ed20                simButtonIsActive
 *fill*         0x000000000003ed21       0x1f 
 .data.rel.local
                0x000000000003ed40       0xb0 build/cooja/contiki-ng-cooja.a(buttons.o)
                0x000000000003ede0                button_hal_buttons
 .data          0x000000000003edf0        0x0 build/cooja/contiki-ng-cooja.a(mqtt.o)
 *fill*         0x000000000003edf0       0x10 
 .data.rel.local
                0x000000000003ee00       0x40 build/cooja/contiki-ng-cooja.a(mqtt.o)
                0x000000000003ee20                mqtt_process
 .data          0x000000000003ee40        0x0 build/cooja/contiki-ng-cooja.a(contiki-main.o)
 .data          0x000000000003ee40        0x0 build/cooja/contiki-ng-cooja.a(autostart.o)
 .data          0x000000000003ee40        0x0 build/cooja/contiki-ng-cooja.a(ctimer.o)
 .data.rel.local
                0x000000000003ee40       0x40 build/cooja/contiki-ng-cooja.a(ctimer.o)
                0x000000000003ee60                ctimer_process
 .data          0x000000000003ee80        0x0 build/cooja/contiki-ng-cooja.a(energest.o)
 .data          0x000000000003ee80        0x0 build/cooja/contiki-ng-cooja.a(etimer.o)
 .data.rel.local
                0x000000000003ee80       0x20 build/cooja/contiki-ng-cooja.a(etimer.o)
                0x000000000003ee80                etimer_process
 .data          0x000000000003eea0        0x4 build/cooja/contiki-ng-cooja.a(log.o)
                0x000000000003eea0                curr_log_level_main
 *fill*         0x000000000003eea4       0x1c 
 .data.rel      0x000000000003eec0      0x138 build/cooja/contiki-ng-cooja.a(log.o)
                0x000000000003eec0                all_modules
 .data          0x000000000003eff8        0x0 build/cooja/contiki-ng-cooja.a(node-id.o)
 .data          0x000000000003eff8        0x0 build/cooja/contiki-ng-cooja.a(process.o)
 .data          0x000000000003eff8        0x0 build/cooja/contiki-ng-cooja.a(rtimer.o)
 .data          0x000000000003eff8        0x0 build/cooja/contiki-ng-cooja.a(timer.o)
 .data          0x000000000003eff8        0x0 build/cooja/contiki-ng-cooja.a(list.o)
 .data          0x000000000003eff8        0x0 build/cooja/contiki-ng-cooja.a(button-hal.o)
 *fill*         0x000000000003eff8        0x8 
 .data.rel.local
                0x000000000003f000       0x20 build/cooja/contiki-ng-cooja.a(button-hal.o)
                0x000000000003f000                button_hal_process
 .data          0x000000000003f020        0x0 build/cooja/contiki-ng-cooja.a(gpio-hal.o)
 .data.rel.local
                0x000000000003f020        0x8 build/cooja/contiki-ng-cooja.a(gpio-hal.o)
 .data          0x000000000003f028        0x0 build/cooja/contiki-ng-cooja.a(serial-line.o)
 *fill*         0x000000000003f028       0x18 
 .data.rel.local
                0x000000000003f040       0x20 build/cooja/contiki-ng-cooja.a(serial-line.o)
                0x000000000003f040                serial_line_process
 .data          0x000000000003f060        0x0 build/cooja/contiki-ng-cooja.a(linkaddr.o)
 .data          0x000000000003f060        0x0 build/cooja/contiki-ng-cooja.a(netstack.o)
 .data.rel.local
                0x000000000003f060        0x8 build/cooja/contiki-ng-cooja.a(netstack.o)
 .data          0x000000000003f068        0x0 build/cooja/contiki-ng-cooja.a(packetbuf.o)
 .data.rel.local
                0x000000000003f068        0x8 build/cooja/contiki-ng-cooja.a(packetbuf.o)
 .data          0x000000000003f070        0x0 build/cooja/contiki-ng-cooja.a(queuebuf.o)
 .data.rel.local
                0x000000000003f070       0x38 build/cooja/contiki-ng-cooja.a(queuebuf.o)
 .data          0x000000000003f0a8        0x0 build/cooja/contiki-ng-cooja.a(printf.o)
 *fill*         0x000000000003f0a8        0x8 
 .data.rel.local
                0x000000000003f0b0       0x10 build/cooja/contiki-ng-cooja.a(printf.o)
 .data          0x000000000003f0c0        0x0 build/cooja/contiki-ng-cooja.a(putchar.o)
 .data          0x000000000003f0c0        0x0 build/cooja/contiki-ng-cooja.a(puts.o)
 .data          0x000000000003f0c0        0x0 build/cooja/contiki-ng-cooja.a(snprintf.o)
 .data          0x000000000003f0c0        0x0 build/cooja/contiki-ng-cooja.a(sprintf.o)
 .data          0x000000000003f0c0        0x0 build/cooja/contiki-ng-cooja.a(strformat.o)
 .data          0x000000000003f0c0        0x0 build/cooja/contiki-ng-cooja.a(csma.o)
 .data          0x000000000003f0c0        0x0 build/cooja/contiki-ng-cooja.a(sicslowpan.o)
 .data          0x000000000003f0c0        0x0 build/cooja/contiki-ng-cooja.a(tcp-socket.o)
 .data.rel.local
                0x000000000003f0c0       0x40 build/cooja/contiki-ng-cooja.a(tcp-socket.o)
                0x000000000003f0e0                tcp_socket_process
 .data          0x000000000003f100        0x0 build/cooja/contiki-ng-cooja.a(tcpip.o)
 .data.rel.local
                0x000000000003f100       0x20 build/cooja/contiki-ng-cooja.a(tcpip.o)
                0x000000000003f100                tcpip_process
 .data          0x000000000003f120        0x0 build/cooja/contiki-ng-cooja.a(uip-ds6-nbr.o)
 .data.rel.local
                0x000000000003f120       0x20 build/cooja/contiki-ng-cooja.a(uip-ds6-nbr.o)
 .data          0x000000000003f140        0x0 build/cooja/contiki-ng-cooja.a(uip-ds6-route.o)
 .data.rel.local
                0x000000000003f140       0x28 build/cooja/contiki-ng-cooja.a(uip-ds6-route.o)
 .data          0x000000000003f168        0x0 build/cooja/contiki-ng-cooja.a(uip-ds6.o)
 .data          0x000000000003f168        0x0 build/cooja/contiki-ng-cooja.a(uip-packetqueue.o)
 *fill*         0x000000000003f168        0x8 
 .data.rel.local
                0x000000000003f170       0x18 build/cooja/contiki-ng-cooja.a(uip-packetqueue.o)
 .data          0x000000000003f188        0x0 build/cooja/contiki-ng-cooja.a(uip6.o)
 .data          0x000000000003f188        0x0 build/cooja/contiki-ng-cooja.a(uipbuf.o)
 .data          0x000000000003f188        0x0 build/cooja/contiki-ng-cooja.a(uiplib.o)
 .data          0x000000000003f188        0x0 build/cooja/contiki-ng-cooja.a(rpl.o)
 .data          0x000000000003f188        0x0 build/cooja/contiki-ng-cooja.a(watchdog.o)
 .data          0x000000000003f188        0x0 build/cooja/contiki-ng-cooja.a(int-master.o)
 .data          0x000000000003f188        0x0 build/cooja/contiki-ng-cooja.a(stimer.o)
 .data          0x000000000003f188        0x0 build/cooja/contiki-ng-cooja.a(memb.o)
 .data          0x000000000003f188        0x0 build/cooja/contiki-ng-cooja.a(ringbuf.o)
 .data          0x000000000003f188        0x0 build/cooja/contiki-ng-cooja.a(link-stats.o)
 *fill*         0x000000000003f188        0x8 
 .data.rel.local
                0x000000000003f190       0x20 build/cooja/contiki-ng-cooja.a(link-stats.o)
 .data          0x000000000003f1b0        0x0 build/cooja/contiki-ng-cooja.a(nbr-table.o)
 .data.rel.local
                0x000000000003f1b0       0x20 build/cooja/contiki-ng-cooja.a(nbr-table.o)
 .data          0x000000000003f1d0        0x0 build/cooja/contiki-ng-cooja.a(mac-sequence.o)
 .data          0x000000000003f1d0        0x0 build/cooja/contiki-ng-cooja.a(framer-802154.o)
 .data          0x000000000003f1d0        0x0 build/cooja/contiki-ng-cooja.a(csma-output.o)
 .data.rel.local
                0x000000000003f1d0       0x60 build/cooja/contiki-ng-cooja.a(csma-output.o)
 .data          0x000000000003f230        0x0 build/cooja/contiki-ng-cooja.a(csma-security.o)
 .data          0x000000000003f230        0x0 build/cooja/contiki-ng-cooja.a(uip-icmp6.o)
 .data.rel.local
                0x000000000003f230       0x48 build/cooja/contiki-ng-cooja.a(uip-icmp6.o)
 .data          0x000000000003f278        0x0 build/cooja/contiki-ng-cooja.a(uip-nd6.o)
 *fill*         0x000000000003f278        0x8 
 .data.rel.local
                0x000000000003f280       0x18 build/cooja/contiki-ng-cooja.a(uip-nd6.o)
 .data          0x000000000003f298        0x0 build/cooja/contiki-ng-cooja.a(uip-sr.o)
 *fill*         0x000000000003f298        0x8 
 .data.rel.local
                0x000000000003f2a0       0x28 build/cooja/contiki-ng-cooja.a(uip-sr.o)
 .data          0x000000000003f2c8        0x0 build/cooja/contiki-ng-cooja.a(rpl-dag-root.o)
 .data          0x000000000003f2c8        0x0 build/cooja/contiki-ng-cooja.a(rpl-dag.o)
 .data          0x000000000003f2c8        0x0 build/cooja/contiki-ng-cooja.a(rpl-ext-header.o)
 .data          0x000000000003f2c8        0x0 build/cooja/contiki-ng-cooja.a(rpl-icmp6.o)
 *fill*         0x000000000003f2c8        0x8 
 .data.rel.local
                0x000000000003f2d0       0x78 build/cooja/contiki-ng-cooja.a(rpl-icmp6.o)
 .data          0x000000000003f348        0x0 build/cooja/contiki-ng-cooja.a(rpl-mrhof.o)
 *fill*         0x000000000003f348       0x18 
 .data.rel.local
                0x000000000003f360       0x48 build/cooja/contiki-ng-cooja.a(rpl-mrhof.o)
                0x000000000003f360                rpl_mrhof
 .data          0x000000000003f3a8        0x0 build/cooja/contiki-ng-cooja.a(rpl-nbr-policy.o)
 .data          0x000000000003f3a8        0x0 build/cooja/contiki-ng-cooja.a(rpl-neighbor.o)
 *fill*         0x000000000003f3a8        0x8 
 .data.rel.local
                0x000000000003f3b0       0x20 build/cooja/contiki-ng-cooja.a(rpl-neighbor.o)
                0x000000000003f3c8                rpl_neighbors
 .data          0x000000000003f3d0        0x0 build/cooja/contiki-ng-cooja.a(rpl-timers.o)
 .data          0x000000000003f3d0        0x0 build/cooja/contiki-ng-cooja.a(assert.o)
 .data          0x000000000003f3d0        0x0 build/cooja/contiki-ng-cooja.a(mac.o)
 .data          0x000000000003f3d0        0x2 build/cooja/contiki-ng-cooja.a(frame802154.o)
 .data          0x000000000003f3d2        0x0 /usr/lib/gcc/x86_64-linux-gnu/11/crtendS.o
 .data          0x000000000003f3d2        0x0 /usr/lib/gcc/x86_64-linux-gnu/11/../../../x86_64-linux-gnu/crtn.o

.tm_clone_table
                0x000000000003f3d8        0x0
 .tm_clone_table
                0x000000000003f3d8        0x0 /usr/lib/gcc/x86_64-linux-gnu/11/crtbeginS.o
 .tm_clone_table
                0x000000000003f3d8        0x0 /usr/lib/gcc/x86_64-linux-gnu/11/crtendS.o

.data1
 *(.data1)
                [!provide]                        PROVIDE (_edata = .)
                [!provide]                        PROVIDE (edata = .)
                0x000000000003f3d8                . = .
                [!provide]                        PROVIDE (__bss_start = .)

.bss            0x000000000003f3e0    0x18200
 *(.dynbss)
 .dynbss        0x000000000003f3e0        0x0 /usr/lib/gcc/x86_64-linux-gnu/11/../../../x86_64-linux-gnu/crti.o
 *(.bss .bss.* .gnu.linkonce.b.*)
 .bss           0x000000000003f3e0        0x0 /usr/lib/gcc/x86_64-linux-gnu/11/../../../x86_64-linux-gnu/crti.o
 .bss           0x000000000003f3e0        0x1 /usr/lib/gcc/x86_64-linux-gnu/11/crtbeginS.o
 *fill*         0x000000000003f3e1       0x1f 
 .bss           0x000000000003f400      0xb50 soil_humidity_server.o
                0x000000000003f400                status
                0x000000000003f420                broker_address
 *fill*         0x000000000003ff50       0x10 
 .bss           0x000000000003ff60     0x4060 build/cooja/mtype882561676.o
                0x000000000003ff60                sensors_flags
                0x000000000003ff68                referenceVar
 .bss           0x0000000000043fc0       0x18 build/cooja/contiki-ng-cooja.a(simEnvChange.o)
                0x0000000000043fc0                simDontFallAsleep
                0x0000000000043fc4                simProcessRunValue
                0x0000000000043fc8                simEtimerPending
                0x0000000000043fd0                simEtimerNextExpirationTime
 .bss           0x0000000000043fd8        0x8 build/cooja/contiki-ng-cooja.a(cooja_mt.o)
 .bss           0x0000000000043fe0        0x8 build/cooja/contiki-ng-cooja.a(cooja_mtarch.o)
 .bss           0x0000000000043fe8       0x18 build/cooja/contiki-ng-cooja.a(rtimer-arch.o)
                0x0000000000043fe8                simRtimerPending
                0x0000000000043ff0                simRtimerNextExpirationTime
                0x0000000000043ff8                simRtimerCurrentTicks
 .bss           0x0000000000044000        0x1 build/cooja/contiki-ng-cooja.a(beep.o)
                0x0000000000044000                simBeeped
 .bss           0x0000000000044001        0x1 build/cooja/contiki-ng-cooja.a(leds-arch.o)
                0x0000000000044001                simLedsValue
 *fill*         0x0000000000044002        0x2 
 .bss           0x0000000000044004        0xc build/cooja/contiki-ng-cooja.a(moteid.o)
                0x0000000000044004                simMoteID
                0x0000000000044008                simMoteIDChanged
                0x000000000004400c                simRandomSeed
 .bss           0x0000000000044010        0x3 build/cooja/contiki-ng-cooja.a(pir-sensor.o)
                0x0000000000044010                simPirChanged
                0x0000000000044011                simPirIsActive
                0x0000000000044012                simPirValue
 *fill*         0x0000000000044013        0xd 
 .bss           0x0000000000044020      0x810 build/cooja/contiki-ng-cooja.a(rs232.o)
                0x0000000000044020                simSerialReceivingData
                0x0000000000044820                simSerialReceivingLength
                0x0000000000044824                simSerialReceivingFlag
 .bss           0x0000000000044830        0x3 build/cooja/contiki-ng-cooja.a(vib-sensor.o)
                0x0000000000044830                simVibChanged
                0x0000000000044831                simVibIsActive
                0x0000000000044832                simVibValue
 *fill*         0x0000000000044833        0x5 
 .bss           0x0000000000044838        0x8 build/cooja/contiki-ng-cooja.a(clock.o)
                0x0000000000044838                simCurrentTime
 .bss           0x0000000000044840     0x200d build/cooja/contiki-ng-cooja.a(cooja-log.o)
                0x0000000000044840                simLoggedData
                0x0000000000046840                simLoggedLength
                0x0000000000046844                simLoggedFlag
 *fill*         0x000000000004684d       0x13 
 .bss           0x0000000000046860      0xfc0 build/cooja/contiki-ng-cooja.a(cfs-cooja.o)
                0x0000000000046860                simCFSData
                0x0000000000047800                simCFSSize
                0x0000000000047804                simCFSChanged
                0x0000000000047808                simCFSRead
                0x000000000004780c                simCFSWritten
 .bss           0x0000000000047820      0x15c build/cooja/contiki-ng-cooja.a(cooja-radio.o)
                0x0000000000047820                simReceiving
                0x0000000000047840                simInDataBuffer
                0x00000000000478c0                simInSize
                0x00000000000478c8                simLastPacketTimestamp
                0x00000000000478e0                simOutDataBuffer
                0x0000000000047960                simOutSize
 *fill*         0x000000000004797c        0x4 
 .bss           0x0000000000047980      0x40c build/cooja/contiki-ng-cooja.a(eeprom.o)
                0x0000000000047980                simEEPROMData
                0x0000000000047d80                simEEPROMChanged
                0x0000000000047d84                simEEPROMRead
                0x0000000000047d88                simEEPROMWritten
 .bss           0x0000000000047d8c        0x0 build/cooja/contiki-ng-cooja.a(random.o)
 .bss           0x0000000000047d8c        0xc build/cooja/contiki-ng-cooja.a(sensors.o)
                0x0000000000047d8c                sensors_event
 .bss           0x0000000000047d98        0x0 build/cooja/contiki-ng-cooja.a(leds.o)
 *fill*         0x0000000000047d98        0x8 
 .bss           0x0000000000047da0       0x40 build/cooja/contiki-ng-cooja.a(gpio-hal-arch.o)
 .bss           0x0000000000047de0        0x2 build/cooja/contiki-ng-cooja.a(buttons.o)
                0x0000000000047de0                simButtonChanged
                0x0000000000047de1                simButtonIsDown