Archive member included to satisfy reference by file (symbol)

build/cooja/contiki-ng-cooja.a(simEnvChange.o)
                              build/cooja/mtype837065663.o (simDontFallAsleep)
build/cooja/contiki-ng-cooja.a(cooja_mt.o)
                              build/cooja/mtype837065663.o (cooja_mt_start)
build/cooja/contiki-ng-cooja.a(cooja_mtarch.o)
                              build/cooja/contiki-ng-cooja.a(cooja_mt.o) (cooja_mtarch_start)
build/cooja/contiki-ng-cooja.a(rtimer-arch.o)
                              build/cooja/mtype837065663.o (rtimer_arch_check)
build/cooja/contiki-ng-cooja.a(beep.o)
                              build/cooja/mtype837065663.o (beep_interface)
build/cooja/contiki-ng-cooja.a(leds-arch.o)
                              build/cooja/mtype837065663.o (leds_interface)
build/cooja/contiki-ng-cooja.a(moteid.o)
                              build/cooja/mtype837065663.o (moteid_interface)
build/cooja/contiki-ng-cooja.a(pir-sensor.o)
                              build/cooja/mtype837065663.o (pir_interface)
build/cooja/contiki-ng-cooja.a(rs232.o)
                              build/cooja/mtype837065663.o (rs232_interface)
build/cooja/contiki-ng-cooja.a(vib-sensor.o)
                              build/cooja/mtype837065663.o (vib_interface)
build/cooja/contiki-ng-cooja.a(clock.o)
                              build/cooja/mtype837065663.o (clock_interface)
build/cooja/contiki-ng-cooja.a(cooja-log.o)
                              build/cooja/mtype837065663.o (simlog_interface)
build/cooja/contiki-ng-cooja.a(cfs-cooja.o)
                              build/cooja/mtype837065663.o (cfs_interface)
build/cooja/contiki-ng-cooja.a(cooja-radio.o)
                              build/cooja/mtype837065663.o (radio_interface)
build/cooja/contiki-ng-cooja.a(eeprom.o)
                              build/cooja/mtype837065663.o (eeprom_interface)
build/cooja/contiki-ng-cooja.a(random.o)
                              build/cooja/contiki-ng-cooja.a(moteid.o) (random_init)
build/cooja/contiki-ng-cooja.a(sensors.o)
                              build/cooja/contiki-ng-cooja.a(pir-sensor.o) (sensors_changed)
build/cooja/contiki-ng-cooja.a(leds.o)
                              build/cooja/contiki-ng-cooja.a(leds-arch.o) (leds_get)
build/cooja/contiki-ng-cooja.a(gpio-hal-arch.o)
                              build/cooja/contiki-ng-cooja.a(leds-arch.o) (gpio_hal_arch_register_pin_callback)
build/cooja/contiki-ng-cooja.a(buttons.o)
                              build/cooja/mtype837065663.o (button_interface)
build/cooja/contiki-ng-cooja.a(res-leds.o)
                              coap_server_led.o (res_leds)
build/cooja/contiki-ng-cooja.a(coap-engine.o)
                              coap_server_led.o (coap_activate_resource)
build/cooja/contiki-ng-cooja.a(coap-observe.o)
                              build/cooja/contiki-ng-cooja.a(coap-engine.o) (coap_remove_observer_by_mid)
build/cooja/contiki-ng-cooja.a(coap-res-well-known-core.o)
                              build/cooja/contiki-ng-cooja.a(coap-engine.o) (res_well_known_core)
build/cooja/contiki-ng-cooja.a(coap-timer.o)
                              build/cooja/contiki-ng-cooja.a(coap-engine.o) (coap_timer_set)
build/cooja/contiki-ng-cooja.a(coap-transactions.o)
                              build/cooja/contiki-ng-cooja.a(coap-engine.o) (coap_send_transaction)
build/cooja/contiki-ng-cooja.a(coap-uip.o)
                              build/cooja/contiki-ng-cooja.a(coap-observe.o) (coap_endpoint_copy)
build/cooja/contiki-ng-cooja.a(coap.o)
                              build/cooja/contiki-ng-cooja.a(coap-engine.o) (coap_status_code)
build/cooja/contiki-ng-cooja.a(contiki-main.o)
                              build/cooja/mtype837065663.o (main)
build/cooja/contiki-ng-cooja.a(autostart.o)
                              build/cooja/contiki-ng-cooja.a(contiki-main.o) (autostart_start)
build/cooja/contiki-ng-cooja.a(ctimer.o)
                              build/cooja/contiki-ng-cooja.a(contiki-main.o) (ctimer_init)
build/cooja/contiki-ng-cooja.a(energest.o)
                              build/cooja/contiki-ng-cooja.a(contiki-main.o) (energest_init)
build/cooja/contiki-ng-cooja.a(etimer.o)
                              build/cooja/contiki-ng-cooja.a(contiki-main.o) (etimer_process)
build/cooja/contiki-ng-cooja.a(log.o)
                              build/cooja/contiki-ng-cooja.a(contiki-main.o) (curr_log_level_main)
build/cooja/contiki-ng-cooja.a(node-id.o)
                              build/cooja/contiki-ng-cooja.a(contiki-main.o) (node_id)
build/cooja/contiki-ng-cooja.a(process.o)
                              build/cooja/contiki-ng-cooja.a(ctimer.o) (process_current)
build/cooja/contiki-ng-cooja.a(rtimer.o)
                              build/cooja/contiki-ng-cooja.a(contiki-main.o) (rtimer_init)
build/cooja/contiki-ng-cooja.a(timer.o)
                              build/cooja/contiki-ng-cooja.a(etimer.o) (timer_set)
build/cooja/contiki-ng-cooja.a(list.o)
[...]
Memory Configuration

Name             Origin             Length             Attributes
*default*        0x0000000000000000 0xffffffffffffffff

Linker script and memory map

LOAD /usr/lib/gcc/x86_64-linux-gnu/11/../../../x86_64-linux-gnu/crti.o
LOAD /usr/lib/gcc/x86_64-linux-gnu/11/crtbeginS.o
LOAD coap_server_led.o
LOAD build/cooja/mtype837065663.o
LOAD build/cooja/contiki-ng-cooja.a
LOAD /usr/lib/gcc/x86_64-linux-gnu/11/libgcc.a
LOAD /usr/lib/gcc/x86_64-linux-gnu/11/libgcc_s.so
START GROUP
LOAD /usr/lib/gcc/x86_64-linux-gnu/11/../../../x86_64-linux-gnu/libgcc_s.so.1
LOAD /usr/lib/gcc/x86_64-linux-gnu/11/libgcc.a
END GROUP
LOAD /usr/lib/gcc/x86_64-linux-gnu/11/../../../x86_64-linux-gnu/libc.so
START GROUP
LOAD /lib/x86_64-linux-gnu/libc.so.6
LOAD /usr/lib/x86_64-linux-gnu/libc_nonshared.a
LOAD /lib64/ld-linux-x86-64.so.2
END GROUP
LOAD /usr/lib/gcc/x86_64-linux-gnu/11/libgcc.a
LOAD /usr/lib/gcc/x86_64-linux-gnu/11/libgcc_s.so
START GROUP
LOAD /usr/lib/gcc/x86_64-linux-gnu/11/../../../x86_64-linux-gnu/libgcc_s.so.1
LOAD /usr/lib/gcc/x86_64-linux-gnu/11/libgcc.a
END GROUP
LOAD /usr/lib/gcc/x86_64-linux-gnu/11/crtendS.o
LOAD /usr/lib/gcc/x86_64-linux-gnu/11/../../../x86_64-linux-gnu/crtn.o
                0x00000000000002a8                . = (SEGMENT_START ("text-segment", 0x0) + SIZEOF_HEADERS)

.note.gnu.property
                0x00000000000002a8       0x20
 .note.gnu.property
                0x00000000000002a8       0x20 /usr/lib/gcc/x86_64-linux-gnu/11/../../../x86_64-linux-gnu/crti.o

.note.gnu.build-id
                0x00000000000002c8       0x24
 *(.note.gnu.build-id)
 .note.gnu.build-id
                0x00000000000002c8       0x24 /usr/lib/gcc/x86_64-linux-gnu/11/../../../x86_64-linux-gnu/crti.o

.hash
 *(.hash)

.gnu.hash       0x00000000000002f0     0x15dc
 *(.gnu.hash)
 .gnu.hash      0x00000000000002f0     0x15dc /usr/lib/gcc/x86_64-linux-gnu/11/../../../x86_64-linux-gnu/crti.o

.dynsym         0x00000000000018d0     0x47a0
 *(.dynsym)
 .dynsym        0x00000000000018d0     0x47a0 /usr/lib/gcc/x86_64-linux-gnu/11/../../../x86_64-linux-gnu/crti.o

.dynstr         0x0000000000006070     0x37bd
 *(.dynstr)
 .dynstr        0x0000000000006070     0x37bd /usr/lib/gcc/x86_64-linux-gnu/11/../../../x86_64-linux-gnu/crti.o

.gnu.version    0x000000000000982e      0x5f8
 *(.gnu.version)
 .gnu.version   0x000000000000982e      0x5f8 /usr/lib/gcc/x86_64-linux-gnu/11/../../../x86_64-linux-gnu/crti.o

.gnu.version_d  0x0000000000009e28        0x0
 *(.gnu.version_d)
 .gnu.version_d
                0x0000000000009e28        0x0 /usr/lib/gcc/x86_64-linux-gnu/11/../../../x86_64-linux-gnu/crti.o

.gnu.version_r  0x0000000000009e28       0x40
 *(.gnu.version_r)
 .gnu.version_r
                0x0000000000009e28       0x40 /usr/lib/gcc/x86_64-linux-gnu/11/../../../x86_64-linux-gnu/crti.o

.rela.dyn       0x0000000000009e68     0x2238
 *(.rela.init)
 *(.rela.text .rela.text.* .rela.gnu.linkonce.t.*)
 .rela.text     0x0000000000009e68        0x0 /usr/lib/gcc/x86_64-linux-gnu/11/../../../x86_64-linux-gnu/crti.o
 *(.rela.fini)
 *(.rela.rodata .rela.rodata.* .rela.gnu.linkonce.r.*)
 *(.rela.data .rela.data.* .rela.gnu.linkonce.d.*)
 .rela.data.rel.local
                0x0000000000009e68      0x960 /usr/lib/gcc/x86_64-linux-gnu/11/../../../x86_64-linux-gnu/crti.o
 .rela.data.rel.ro
                0x000000000000a7c8      0x288 /usr/lib/gcc/x86_64-linux-gnu/11/../../../x86_64-linux-gnu/crti.o
 .rela.data.rel
                0x000000000000aa50      0x3a8 /usr/lib/gcc/x86_64-linux-gnu/11/../../../x86_64-linux-gnu/crti.o
 .rela.data.rel.ro.local
                0x000000000000adf8      0x618 /usr/lib/gcc/x86_64-linux-gnu/11/../../../x86_64-linux-gnu/crti.o
 *(.rela.tdata .rela.tdata.* .rela.gnu.linkonce.td.*)
 *(.rela.tbss .rela.tbss.* .rela.gnu.linkonce.tb.*)
 *(.rela.ctors)
 *(.rela.dtors)
 *(.rela.got)
 .rela.got      0x000000000000b410      0xc60 /usr/lib/gcc/x86_64-linux-gnu/11/../../../x86_64-linux-gnu/crti.o
 *(.rela.bss .rela.bss.* .rela.gnu.linkonce.b.*)
 *(.rela.ldata .rela.ldata.* .rela.gnu.linkonce.l.*)
 *(.rela.lbss .rela.lbss.* .rela.gnu.linkonce.lb.*)
 *(.rela.lrodata .rela.lrodata.* .rela.gnu.linkonce.lr.*)
 *(.rela.ifunc)
 .rela.ifunc    0x000000000000c070        0x0 /usr/lib/gcc/x86_64-linux-gnu/11/../../../x86_64-linux-gnu/crti.o
 .rela.fini_array
                0x000000000000c070       0x18 /usr/lib/gcc/x86_64-linux-gnu/11/../../../x86_64-linux-gnu/crti.o
 .rela.init_array
                0x000000000000c088       0x18 /usr/lib/gcc/x86_64-linux-gnu/11/../../../x86_64-linux-gnu/crti.o

.rela.plt       0x000000000000c0a0     0x2610
 *(.rela.plt)
 .rela.plt      0x000000000000c0a0     0x2610 /usr/lib/gcc/x86_64-linux-gnu/11/../../../x86_64-linux-gnu/crti.o
 *(.rela.iplt)

.relr.dyn
 *(.relr.dyn)
                0x000000000000f000                . = ALIGN (CONSTANT (MAXPAGESIZE))

.init           0x000000000000f000       0x1b
 *(SORT_NONE(.init))
 .init          0x000000000000f000       0x16 /usr/lib/gcc/x86_64-linux-gnu/11/../../../x86_64-linux-gnu/crti.o
                0x000000000000f000                _init
 .init          0x000000000000f016        0x5 /usr/lib/gcc/x86_64-linux-gnu/11/../../../x86_64-linux-gnu/crtn.o

.plt            0x000000000000f020     0x1970
 *(.plt)
 .plt           0x000000000000f020     0x1970 /usr/lib/gcc/x86_64-linux-gnu/11/../../../x86_64-linux-gnu/crti.o
 *(.iplt)

.plt.got        0x0000000000010990       0x30
 *(.plt.got)
 .plt.got       0x0000000000010990       0x30 /usr/lib/gcc/x86_64-linux-gnu/11/../../../x86_64-linux-gnu/crti.o

.plt.sec        0x00000000000109c0     0x1960
 *(.plt.sec)
 .plt.sec       0x00000000000109c0     0x1960 /usr/lib/gcc/x86_64-linux-gnu/11/../../../x86_64-linux-gnu/crti.o

.text           0x0000000000012320    0x208c0
 *(.text.unlikely .text.*_unlikely .text.unlikely.*)
 *(.text.exit .text.exit.*)
 *(.text.startup .text.startup.*)
 *(.text.hot .text.hot.*)
 *(SORT_BY_NAME(.text.sorted.*))
 *(.text .stub .text.* .gnu.linkonce.t.*)
 .text          0x0000000000012320        0x0 /usr/lib/gcc/x86_64-linux-gnu/11/../../../x86_64-linux-gnu/crti.o
 .text          0x0000000000012320       0xb9 /usr/lib/gcc/x86_64-linux-gnu/11/crtbeginS.o
 .text          0x00000000000123d9       0xca coap_server_led.o
 .text          0x00000000000124a3      0x374 build/cooja/mtype837065663.o
                0x0000000000012559                platform_init_stage_one
                0x000000000001256e                platform_init_stage_two
                0x0000000000012583                platform_init_stage_three
                0x0000000000012598                platform_main_loop
                0x0000000000012632                JNI_OnLoad
                0x0000000000012649                Java_org_contikios_cooja_corecomm_Lib76_init
                0x000000000001269c                Java_org_contikios_cooja_corecomm_Lib76_getMemory
                0x00000000000126fb                Java_org_contikios_cooja_corecomm_Lib76_setMemory
                0x000000000001275a                Java_org_contikios_cooja_corecomm_Lib76_tick
                0x00000000000127e8                Java_org_contikios_cooja_corecomm_Lib76_setReferenceAddress
 .text          0x0000000000012817       0x93 build/cooja/contiki-ng-cooja.a(simEnvChange.o)
                0x0000000000012817                doActionsBeforeTick
                0x0000000000012860                doActionsAfterTick
 .text          0x00000000000128aa       0xab build/cooja/contiki-ng-cooja.a(cooja_mt.o)
                0x00000000000128aa                cooja_mt_start
                0x00000000000128ea                cooja_mt_exec
                0x000000000001292d                cooja_mt_yield
 .text          0x0000000000012955      0x10e build/cooja/contiki-ng-cooja.a(cooja_mtarch.o)
                0x0000000000012955                cooja_mtarch_start
                0x00000000000129f8                cooja_sw
                0x0000000000012a25                cooja_mtarch_exec
                0x0000000000012a53                cooja_mtarch_yield
 .text          0x0000000000012a63       0xcc build/cooja/contiki-ng-cooja.a(rtimer-arch.o)
                0x0000000000012a63                rtimer_arch_init
                0x0000000000012a89                rtimer_arch_schedule
                0x0000000000012ab3                rtimer_arch_next
                0x0000000000012ac7                rtimer_arch_pending
                0x0000000000012ada                rtimer_arch_check
                0x0000000000012b1b                rtimer_arch_now
 .text          0x0000000000012b2f       0xe6 build/cooja/contiki-ng-cooja.a(beep.o)
                0x0000000000012b2f                beep_alarm
                0x0000000000012b4a                beep_beep
                0x0000000000012b62                beep
                0x0000000000012b77                beep_down
                0x0000000000012b8f                beep_on
                0x0000000000012ba4                beep_off
                0x0000000000012bb9                beep_spinup
                0x0000000000012bce                beep_quick
                0x0000000000012be6                beep_long
 .text          0x0000000000012c15       0x80 build/cooja/contiki-ng-cooja.a(leds-arch.o)
                0x0000000000012c2e                leds_arch_init
 .text          0x0000000000012c95       0x41 build/cooja/contiki-ng-cooja.a(moteid.o)
 .text          0x0000000000012cd6       0xfa build/cooja/contiki-ng-cooja.a(pir-sensor.o)
 .text          0x0000000000012dd0      0x18b build/cooja/contiki-ng-cooja.a(rs232.o)
                0x0000000000012dd0                rs232_init
                0x0000000000012ddb                rs232_set_speed
                0x0000000000012deb                rs232_set_input
                0x0000000000012e05                rs232_send
                0x0000000000012e24                rs232_print
                0x0000000000012e52                slip_arch_writeb
 .text          0x0000000000012f5b       0xfa build/cooja/contiki-ng-cooja.a(vib-sensor.o)
 .text          0x0000000000013055       0x6f build/cooja/contiki-ng-cooja.a(clock.o)
                0x0000000000013055                clock_init
                0x0000000000013060                clock_time
                0x0000000000013074                clock_seconds
                0x00000000000130a0                clock_delay
 .text          0x00000000000130c4      0x214 build/cooja/contiki-ng-cooja.a(cooja-log.o)
                0x00000000000130c4                simlog_char
                0x000000000001311e                simlog
                0x00000000000131a3                log_message
                0x00000000000131e8                log_set_putchar_with_slip
                0x00000000000131ff                dbg_putchar
                0x0000000000013280                dbg_send_bytes
 .text          0x00000000000132d8      0x39b build/cooja/contiki-ng-cooja.a(cfs-cooja.o)
                0x00000000000132d8                cfs_open
                0x0000000000013355                cfs_close
                0x000000000001336a                cfs_read
                0x0000000000013431                cfs_write
                0x0000000000013541                cfs_seek
                0x00000000000135f0                cfs_remove
                0x0000000000013620                cfs_opendir
                0x0000000000013637                cfs_readdir
                0x000000000001364e                cfs_closedir
 .text          0x0000000000013673      0x79f build/cooja/contiki-ng-cooja.a(cooja-radio.o)
                0x00000000000136d2                radio_set_channel
                0x00000000000136ec                radio_set_txpower
                0x0000000000013709                radio_signal_strength_last
                0x000000000001371c                radio_signal_strength_current
                0x000000000001372f                radio_LQI
 .text          0x0000000000013e12      0x163 build/cooja/contiki-ng-cooja.a(eeprom.o)
                0x0000000000013e12                eeprom_init
                0x0000000000013e21                eeprom_read
                0x0000000000013ec0                eeprom_write
 .text          0x0000000000013f75       0x2f build/cooja/contiki-ng-cooja.a(random.o)
                0x0000000000013f75                random_init
                0x0000000000013f95                random_rand
 .text          0x0000000000013fa4      0x35f build/cooja/contiki-ng-cooja.a(sensors.o)
                0x0000000000013fed                sensors_first
                0x0000000000014001                sensors_next
                0x0000000000014030                sensors_changed
                0x000000000001407d                sensors_find
 .text          0x0000000000014303      0x3ad build/cooja/contiki-ng-cooja.a(leds.o)
                0x0000000000014303                leds_init
                0x000000000001434e                leds_single_on
                0x00000000000143bb                leds_single_off
                0x0000000000014428                leds_single_toggle
                0x0000000000014460                leds_on
                0x00000000000144f1                leds_off
                0x0000000000014582                leds_toggle
                0x00000000000145de                leds_set
                0x0000000000014607                leds_get
 .text          0x00000000000146b0      0x41b build/cooja/contiki-ng-cooja.a(gpio-hal-arch.o)
                0x00000000000146b0                gpio_hal_arch_register_pin_callback
                0x0000000000014757                gpio_hal_arch_init
                0x00000000000147ad                gpio_hal_arch_no_port_interrupt_enable
                0x00000000000147fa                gpio_hal_arch_no_port_interrupt_disable
                0x0000000000014847                gpio_hal_arch_no_port_pin_cfg_set
                0x000000000001487d                gpio_hal_arch_no_port_pin_cfg_get
                0x00000000000148b1                gpio_hal_arch_no_port_pin_set_input
                0x00000000000148c4                gpio_hal_arch_no_port_pin_set_output
                0x00000000000148d7                gpio_hal_arch_no_port_set_pin
                0x00000000000148fb                gpio_hal_arch_no_port_clear_pin
                0x000000000001491f                gpio_hal_arch_no_port_read_pin
                0x000000000001494c                gpio_hal_arch_no_port_write_pin
                0x0000000000014976                gpio_hal_arch_no_port_set_pins
                0x00000000000149c5                gpio_hal_arch_no_port_clear_pins
                0x0000000000014a14                gpio_hal_arch_no_port_read_pins
                0x0000000000014a62                gpio_hal_arch_no_port_write_pins
 .text          0x0000000000014acb       0xa8 build/cooja/contiki-ng-cooja.a(buttons.o)
 .text          0x0000000000014b73      0x26e build/cooja/contiki-ng-cooja.a(res-leds.o)
 .text          0x0000000000014de1      0xdaa build/cooja/contiki-ng-cooja.a(coap-engine.o)
                0x0000000000014eb0                coap_add_handler
                0x0000000000014ed9                coap_remove_handler
                0x0000000000014f02                coap_call_handlers
                0x0000000000015043                coap_receive
                0x00000000000156f9                coap_engine_init
                0x0000000000015759                coap_activate_resource
                0x000000000001582a                coap_get_first_resource
                0x0000000000015843                coap_get_next_resource
 .text          0x0000000000015b8b      0xa9c build/cooja/contiki-ng-cooja.a(coap-observe.o)
                0x0000000000015cdc                coap_remove_observer
                0x0000000000015d1b                coap_remove_observer_by_client
                0x0000000000015d91                coap_remove_observer_by_token
                0x0000000000015e3f                coap_remove_observer_by_uri
                0x0000000000015efc                coap_remove_observer_by_mid
                0x0000000000015f86                coap_notify_observers
                0x0000000000015faa                coap_notify_observers_sub
                0x000000000001645c                coap_observe_handler
                0x00000000000165b0                coap_has_observers
 .text          0x0000000000016627      0x376 build/cooja/contiki-ng-cooja.a(coap-res-well-known-core.o)
 .text          0x000000000001699d      0x322 build/cooja/contiki-ng-cooja.a(coap-timer.o)
                0x0000000000016aaf                coap_timer_stop
                0x0000000000016ae5                coap_timer_set
                0x0000000000016b1c                coap_timer_reset
                0x0000000000016b56                coap_timer_time_to_next_expiration
                0x0000000000016baf                coap_timer_run
                0x0000000000016c76                coap_timer_init
 .text          0x0000000000016cbf      0x33a build/cooja/contiki-ng-cooja.a(coap-transactions.o)
                0x0000000000016d51                coap_new_transaction
                0x0000000000016dc8                coap_send_transaction
                0x0000000000016f47                coap_clear_transaction
                0x0000000000016f9d                coap_get_transaction_by_mid
 .text          0x0000000000016ff9      0x8b4 build/cooja/contiki-ng-cooja.a(coap-uip.o)
                0x0000000000016ff9                coap_endpoint_log
                0x0000000000017095                coap_endpoint_print
                0x0000000000017131                coap_endpoint_snprint
                0x00000000000172b7                coap_endpoint_copy
                0x00000000000172ff                coap_endpoint_cmp
                0x0000000000017454                coap_endpoint_parse
                0x0000000000017683                coap_endpoint_is_secure
                0x000000000001769c                coap_endpoint_is_connected
                0x00000000000176e2                coap_endpoint_connect
                0x0000000000017708                coap_endpoint_disconnect
                0x0000000000017717                coap_databuf
                0x000000000001772b                coap_transport_init
                0x000000000001778b                coap_sendto
 .text          0x00000000000178ad     0x24a7 build/cooja/contiki-ng-cooja.a(coap.o)
                0x0000000000017f85                coap_init_connection
                0x0000000000017f9c                coap_get_mid
                0x0000000000017fbe                coap_init_message
                0x0000000000018014                coap_serialize_message
                0x000000000001879d                coap_parse_message
                0x0000000000018fd1                coap_get_query_variable
                0x000000000001902d                coap_get_post_variable
                0x0000000000019087                coap_set_status_code
                0x00000000000190b9                coap_set_token
                0x0000000000019119                coap_get_header_content_format
                0x0000000000019161                coap_set_header_content_format
                0x0000000000019199                coap_get_header_accept
                0x00000000000191e4                coap_set_header_accept
                0x000000000001921f                coap_get_header_max_age
                0x0000000000019268                coap_set_header_max_age
                0x000000000001929d                coap_get_header_etag
                0x00000000000192e9                coap_set_header_etag
                0x000000000001935a                coap_get_header_if_match
                0x00000000000193ac                coap_set_header_if_match
                0x0000000000019429                coap_get_header_if_none_match
                0x0000000000019454                coap_set_header_if_none_match
                0x000000000001947c                coap_get_header_proxy_uri
                0x00000000000194c5                coap_set_header_proxy_uri
                0x0000000000019514                coap_get_header_uri_host
                0x000000000001955d                coap_set_header_uri_host
                0x00000000000195ac                coap_get_header_uri_path
                0x00000000000195fb                coap_set_header_uri_path
                0x0000000000019665                coap_get_header_uri_query
                0x00000000000196b4                coap_set_header_uri_query
                0x000000000001971e                coap_get_header_location_path
                0x0000000000019767                coap_set_header_location_path
                0x000000000001981d                coap_get_header_location_query
                0x000000000001986c                coap_set_header_location_query
                0x00000000000198d6                coap_get_header_observe
                0x000000000001991f                coap_set_header_observe
                0x0000000000019957                coap_get_header_block2
                0x00000000000199f9                coap_set_header_block2
                0x0000000000019a89                coap_get_header_block1
                0x0000000000019b2b                coap_set_header_block1
                0x0000000000019bb6                coap_get_header_size2
                0x0000000000019bfd                coap_set_header_size2
                0x0000000000019c35                coap_get_header_size1
                0x0000000000019c7c                coap_set_header_size1
                0x0000000000019cb4                coap_get_payload
                0x0000000000019d04                coap_set_payload
 .text          0x0000000000019d54      0x40a build/cooja/contiki-ng-cooja.a(contiki-main.o)
                0x0000000000019d54                main
 .text          0x000000000001a15e       0xbd build/cooja/contiki-ng-cooja.a(autostart.o)
                0x000000000001a15e                autostart_start
                0x000000000001a1bf                autostart_exit
 .text          0x000000000001a21b      0x441 build/cooja/contiki-ng-cooja.a(ctimer.o)
                0x000000000001a37d                ctimer_init
                0x000000000001a3b2                ctimer_set
                0x000000000001a3f6                ctimer_set_with_process
                0x000000000001a4b0                ctimer_reset
                0x000000000001a521                ctimer_restart
                0x000000000001a592                ctimer_stop
                0x000000000001a5f0                ctimer_expired
 .text          0x000000000001a65c       0x25 build/cooja/contiki-ng-cooja.a(energest.o)
                0x000000000001a65c                energest_init
                0x000000000001a667                energest_flush
                0x000000000001a672                energest_get_total_time
 .text          0x000000000001a681      0x57c build/cooja/contiki-ng-cooja.a(etimer.o)
                0x000000000001a929                etimer_request_poll
                0x000000000001a9db                etimer_set
                0x000000000001aa11                etimer_reset_with_new_interval
                0x000000000001aa4c                etimer_reset
                0x000000000001aa77                etimer_restart
                0x000000000001aaa2                etimer_adjust
                0x000000000001aad3                etimer_expired
                0x000000000001aaf2                etimer_expiration_time
                0x000000000001ab12                etimer_start_time
                0x000000000001ab27                etimer_pending
                0x000000000001ab41                etimer_next_expiration_time
                0x000000000001ab62                etimer_stop
 .text          0x000000000001abfd      0x539 build/cooja/contiki-ng-cooja.a(log.o)
                0x000000000001abfd                log_6addr
                0x000000000001ac63                log_6addr_compact_snprint
                0x000000000001ad3e                log_6addr_compact
                0x000000000001ada4                log_lladdr
                0x000000000001ae24                log_lladdr_compact
                0x000000000001aea6                log_bytes
                0x000000000001af06                log_set_level
                0x000000000001b014                log_get_level
                0x000000000001b0cb                log_level_to_str
 .text          0x000000000001b136       0x36 build/cooja/contiki-ng-cooja.a(node-id.o)
                0x000000000001b136                node_id_init
 .text          0x000000000001b16c      0x673 build/cooja/contiki-ng-cooja.a(process.o)
                0x000000000001b16c                process_alloc_event
                0x000000000001b186                process_start
                0x000000000001b3f6                process_exit
                0x000000000001b422                process_init
                0x000000000001b619                process_run
                0x000000000001b64e                process_nevents
                0x000000000001b66e                process_post
                0x000000000001b736                process_post_synch
                0x000000000001b784                process_poll
                0x000000000001b7c1                process_is_running
 .text          0x000000000001b7df      0x101 build/cooja/contiki-ng-cooja.a(rtimer.o)
                0x000000000001b7df                rtimer_init
                0x000000000001b7ef                rtimer_set
                0x000000000001b870                rtimer_run_next
 .text          0x000000000001b8e0       0xfd build/cooja/contiki-ng-cooja.a(timer.o)
                0x000000000001b8e0                timer_set
                0x000000000001b90f                timer_reset
                0x000000000001b94b                timer_restart
                0x000000000001b96a                timer_expired
                0x000000000001b9a5                timer_remaining
 .text          0x000000000001b9dd      0x39b build/cooja/contiki-ng-cooja.a(list.o)
                0x000000000001b9dd                list_init
                0x000000000001b9f7                list_head
                0x000000000001ba0c                list_copy
                0x000000000001ba2d                list_tail
                0x000000000001ba76                list_add
                0x000000000001bada                list_push
                0x000000000001bb1d                list_chop
                0x000000000001bbaa                list_pop
                0x000000000001bbe4                list_remove
                0x000000000001bc70                list_length
                0x000000000001bcab                list_insert
                0x000000000001bd0e                list_item_next
                0x000000000001bd31                list_contains
 .text          0x000000000001bd78      0x21a build/cooja/contiki-ng-cooja.a(memb.o)
                0x000000000001bd78                memb_init
                0x000000000001bddb                memb_alloc
                0x000000000001be55                memb_free
                0x000000000001bee8                memb_inmemb
                0x000000000001bf3f                memb_numfree
 .text          0x000000000001bf92      0x574 build/cooja/contiki-ng-cooja.a(button-hal.o)
                0x000000000001c15d                button_hal_get_by_id
                0x000000000001c1ab                button_hal_get_by_index
                0x000000000001c1e2                button_hal_get_state
                0x000000000001c245                button_hal_init
 .text          0x000000000001c506      0x181 build/cooja/contiki-ng-cooja.a(gpio-hal.o)
                0x000000000001c506                gpio_hal_register_handler
                0x000000000001c52f                gpio_hal_event_handler
                0x000000000001c59a                gpio_hal_init
                0x000000000001c5b9                gpio_hal_arch_port_toggle_pin
                0x000000000001c5f0                gpio_hal_arch_port_toggle_pins
                0x000000000001c621                gpio_hal_arch_no_port_toggle_pin
                0x000000000001c65b                gpio_hal_arch_no_port_toggle_pins
 .text          0x000000000001c687      0x238 build/cooja/contiki-ng-cooja.a(serial-line.o)
                0x000000000001c687                serial_line_input_byte
                0x000000000001c882                serial_line_init
 .text          0x000000000001c8bf       0x80 build/cooja/contiki-ng-cooja.a(linkaddr.o)
                0x000000000001c8bf                linkaddr_copy
                0x000000000001c8e0                linkaddr_cmp
                0x000000000001c916                linkaddr_set_node_addr
 .text          0x000000000001c93f      0x12b build/cooja/contiki-ng-cooja.a(netstack.o)
                0x000000000001c93f                netstack_process_ip_callback
                0x000000000001c9e0                netstack_ip_packet_processor_add
                0x000000000001ca10                uip_ds6_ip_packet_processor_rm
                0x000000000001ca39                netstack_init
 .text          0x000000000001ca6a      0x4a8 build/cooja/contiki-ng-cooja.a(packetbuf.o)
                0x000000000001ca6a                packetbuf_clear
                0x000000000001ca98                packetbuf_copyfrom
                0x000000000001caf1                packetbuf_copyto
                0x000000000001cb97                packetbuf_hdralloc
                0x000000000001cc26                packetbuf_hdrreduce
                0x000000000001cc76                packetbuf_set_datalen
                0x000000000001cc92                packetbuf_dataptr
                0x000000000001ccb7                packetbuf_hdrptr
                0x000000000001ccc8                packetbuf_datalen
                0x000000000001ccd9                packetbuf_hdrlen
                0x000000000001ccf5                packetbuf_totlen
                0x000000000001cd17                packetbuf_remaininglen
                0x000000000001cd2f                packetbuf_attr_clear
                0x000000000001cd94                packetbuf_attr_copyto
                0x000000000001cddf                packetbuf_attr_copyfrom
                0x000000000001ce2a                packetbuf_set_attr
                0x000000000001ce5a                packetbuf_attr
                0x000000000001ce7b                packetbuf_set_addr
                0x000000000001cec1                packetbuf_addr
                0x000000000001ceeb                packetbuf_holds_broadcast
 .text          0x000000000001cf12      0x382 build/cooja/contiki-ng-cooja.a(queuebuf.o)
                0x000000000001cf27                queuebuf_init
                0x000000000001cf50                queuebuf_numfree
                0x000000000001cf69                queuebuf_new_from_packetbuf
                0x000000000001d01c                queuebuf_update_attr_from_packetbuf
                0x000000000001d05f                queuebuf_update_from_packetbuf
                0x000000000001d0bb                queuebuf_free
                0x000000000001d117                queuebuf_to_packetbuf
                0x000000000001d190                queuebuf_dataptr
                0x000000000001d1d7                queuebuf_datalen
                0x000000000001d207                queuebuf_addr
                0x000000000001d24e                queuebuf_attr
                0x000000000001d289                queuebuf_debug_print
 .text          0x000000000001d294      0x116 build/cooja/contiki-ng-cooja.a(printf.o)
                0x000000000001d2c9                log_printf
 .text          0x000000000001d3aa       0x1e build/cooja/contiki-ng-cooja.a(putchar.o)
                0x000000000001d3aa                log_putchar
 .text          0x000000000001d3c8       0x3d build/cooja/contiki-ng-cooja.a(puts.o)
                0x000000000001d3c8                log_puts
 .text          0x000000000001d405      0x1f8 build/cooja/contiki-ng-cooja.a(snprintf.o)
                0x000000000001d490                log_snprintf
                0x000000000001d575                log_vsnprintf
 .text          0x000000000001d5fd     0x170b build/cooja/contiki-ng-cooja.a(strformat.o)
                0x000000000001d970                format_str
                0x000000000001da51                format_str_v
 .text          0x000000000001ed08      0x292 build/cooja/contiki-ng-cooja.a(csma.o)
 .text          0x000000000001ef9a     0x3747 build/cooja/contiki-ng-cooja.a(sicslowpan.o)
                0x000000000001f770                netstack_sniffer_add
                0x000000000001f78a                netstack_sniffer_remove
                0x00000000000226aa                sicslowpan_init
                0x00000000000226d1                sicslowpan_get_last_rssi
 .text          0x00000000000226e1      0x8dd build/cooja/contiki-ng-cooja.a(tcpip.o)
                0x0000000000022711                tcpip_output
                0x00000000000227a9                udp_attach
                0x00000000000227d7                udp_new
                0x0000000000022832                udp_broadcast_new
                0x00000000000229e6                tcpip_input
                0x0000000000022c0b                tcpip_ipv6_output
                0x0000000000022e64                tcpip_poll_udp
                0x0000000000022e92                tcpip_uipcall
 .text          0x0000000000022fbe      0x416 build/cooja/contiki-ng-cooja.a(uip-ds6-nbr.o)
                0x0000000000022fbe                uip_ds6_neighbors_init
                0x0000000000022fe7                uip_ds6_nbr_add
                0x0000000000023085                uip_ds6_nbr_rm
                0x00000000000230e2                uip_ds6_nbr_update_ll
                0x00000000000231e7                uip_ds6_nbr_get_ipaddr
                0x0000000000023207                uip_ds6_nbr_get_ll
                0x000000000002322f                uip_ds6_nbr_num
                0x0000000000023281                uip_ds6_nbr_head
                0x000000000002329a                uip_ds6_nbr_next
                0x00000000000232c2                uip_ds6_nbr_lookup
                0x000000000002332b                uip_ds6_nbr_ll_lookup
                0x0000000000023353                uip_ds6_nbr_ipaddr_from_lladdr
                0x0000000000023387                uip_ds6_nbr_lladdr_from_ipaddr
                0x00000000000233c3                uip_ds6_link_callback
 .text          0x00000000000233d4      0xbf9 build/cooja/contiki-ng-cooja.a(uip-ds6-route.o)
                0x00000000000234e5                uip_ds6_notification_add
                0x000000000002352c                uip_ds6_notification_rm
                0x0000000000023555                uip_ds6_route_init
                0x00000000000235c7                uip_ds6_route_count_nexthop_neighbors
                0x000000000002365c                uip_ds6_route_nexthop
                0x0000000000023690                uip_ds6_route_head
                0x00000000000236a9                uip_ds6_route_next
                0x00000000000236dd                uip_ds6_route_is_nexthop
                0x000000000002372f                uip_ds6_route_num_routes
                0x000000000002373f                uip_ds6_route_lookup
                0x000000000002382e                uip_ds6_route_add
                0x0000000000023ab0                uip_ds6_route_rm
                0x0000000000023c89                uip_ds6_route_rm_by_nexthop
                0x0000000000023cd5                uip_ds6_defrt_head
                0x0000000000023cee                uip_ds6_defrt_add
                0x0000000000023dc3                uip_ds6_defrt_rm
                0x0000000000023e56                uip_ds6_defrt_lookup
                0x0000000000023ecd                uip_ds6_defrt_choose
                0x0000000000023f50                uip_ds6_defrt_periodic
 .text          0x0000000000023fcd      0xebc build/cooja/contiki-ng-cooja.a(uip-ds6.o)
                0x0000000000023fcd                uip_ds6_default_prefix
                0x0000000000023fde                uip_ds6_set_default_prefix
                0x0000000000024006                uip_ds6_init
                0x00000000000242a5                uip_ds6_periodic
                0x0000000000024347                uip_ds6_list_loop
                0x0000000000024430                uip_ds6_prefix_add
                0x0000000000024501                uip_ds6_prefix_rm
                0x000000000002451f                uip_ds6_prefix_lookup
                0x0000000000024576                uip_ds6_is_addr_onlink
                0x000000000002460a                uip_ds6_addr_add
                0x0000000000024755                uip_ds6_addr_rm
                0x0000000000024810                uip_ds6_addr_lookup
                0x0000000000024865                uip_ds6_get_link_local
                0x000000000002490a                uip_ds6_get_global
                0x00000000000249af                uip_ds6_maddr_add
                0x0000000000024a2b                uip_ds6_maddr_rm
                0x0000000000024a49                uip_ds6_maddr_lookup
                0x0000000000024aa1                uip_ds6_aaddr_add
                0x0000000000024b1d                uip_ds6_aaddr_rm
                0x0000000000024b3b                uip_ds6_aaddr_lookup
                0x0000000000024b93                uip_ds6_select_src
                0x0000000000024d1d                uip_ds6_set_addr_iid
                0x0000000000024d56                uip_ds6_set_lladdr_from_iid
                0x0000000000024d8d                get_match_length
                0x0000000000024e3b                uip_ds6_compute_reachable_time
 .text          0x0000000000024e89      0x8b7 build/cooja/contiki-ng-cooja.a(uip-icmp6.o)
                0x0000000000024f06                uip_icmp6_input
                0x0000000000024f64                uip_icmp6_register_input_handler
                0x00000000000250f6                uip_icmp6_error_output
                0x000000000002545b                uip_icmp6_send
                0x00000000000256a7                uip_icmp6_echo_reply_callback_add
                0x00000000000256ee                uip_icmp6_echo_reply_callback_rm
                0x0000000000025717                uip_icmp6_init
 .text          0x0000000000025740      0x1b9 build/cooja/contiki-ng-cooja.a(uip-packetqueue.o)
                0x000000000002577f                uip_packetqueue_new
                0x0000000000025799                uip_packetqueue_alloc
                0x0000000000025813                uip_packetqueue_free
                0x000000000002586b                uip_packetqueue_buf
                0x0000000000025897                uip_packetqueue_buflen
                0x00000000000258c6                uip_packetqueue_set_buflen
 .text          0x00000000000258f9      0x147 build/cooja/contiki-ng-cooja.a(uip-udp-packet.o)
                0x00000000000258f9                uip_udp_packet_send
                0x000000000002597b                uip_udp_packet_sendto
 .text          0x0000000000025a40     0x1701 build/cooja/contiki-ng-cooja.a(uip6.o)
                0x0000000000025b04                uip_chksum
                0x0000000000025bea                uip_icmp6chksum
                0x0000000000025bfe                uip_udpchksum
                0x0000000000025c12                uip_init
                0x0000000000025c79                uip_remove_ext_hdr
                0x0000000000025d7a                uip_udp_new
                0x0000000000026128                uip_process
                0x0000000000026fc7                uip_htons
                0x0000000000026fea                uip_htonl
                0x0000000000027032                uip_send
 .text          0x0000000000027141      0x5b1 build/cooja/contiki-ng-cooja.a(uipbuf.o)
                0x0000000000027141                uipbuf_clear
                0x0000000000027173                uipbuf_add_ext_hdr
                0x000000000002720b                uipbuf_set_len
                0x000000000002723d                uipbuf_set_len_field
                0x0000000000027270                uipbuf_get_len_field
                0x000000000002729b                uipbuf_get_next_header
                0x000000000002740d                uipbuf_get_last_header
                0x00000000000274a0                uipbuf_search_header
                0x0000000000027567                uipbuf_get_attr
                0x0000000000027598                uipbuf_set_attr
                0x00000000000275d8                uipbuf_set_default_attr
                0x0000000000027618                uipbuf_clear_attr
                0x000000000002763f                uipbuf_set_attr_flag
                0x0000000000027662                uipbuf_clr_attr_flag
                0x000000000002768b                uipbuf_is_attr_flag
                0x00000000000276b0                uipbuf_init
 .text          0x00000000000276f2      0x57d build/cooja/contiki-ng-cooja.a(uiplib.o)
                0x00000000000276f2                uiplib_ip6addrconv
                0x00000000000278ce                uiplib_ip4addrconv
                0x00000000000279a0                uiplib_ipaddr_print
                0x0000000000027a06                uiplib_ipaddr_snprint
 .text          0x0000000000027c6f      0x66e build/cooja/contiki-ng-cooja.a(rpl.o)
                0x0000000000027c6f                rpl_lollipop_greater_than
                0x0000000000027cd3                rpl_get_global_address
                0x0000000000027e73                rpl_link_callback
                0x0000000000027edd                rpl_has_joined
                0x0000000000027f10                rpl_is_reachable
                0x0000000000027fb6                rpl_reset_prefix
                0x000000000002802d                rpl_set_prefix_from_addr
                0x0000000000028148                rpl_set_prefix
                0x00000000000282b2                rpl_set_leaf_only
                0x00000000000282cc                rpl_get_leaf_only
 .text          0x00000000000282dd      0x258 build/cooja/contiki-ng-cooja.a(slip-bridge.o)
                0x00000000000282dd                request_prefix
 .text          0x0000000000028535       0x49 build/cooja/contiki-ng-cooja.a(watchdog.o)
                0x0000000000028535                watchdog_init
                0x0000000000028540                watchdog_start
                0x000000000002854b                watchdog_periodic
                0x0000000000028568                watchdog_stop
                0x0000000000028573                watchdog_reboot
 .text          0x000000000002857e       0x61 build/cooja/contiki-ng-cooja.a(int-master.o)
                0x000000000002857e                int_master_enable
                0x0000000000028593                int_master_read_and_disable
                0x00000000000285b3                int_master_status_set
                0x00000000000285ca                int_master_is_enabled
 .text          0x00000000000285df       0x1a build/cooja/contiki-ng-cooja.a(slip-arch.o)
                0x00000000000285df                slip_arch_init
 .text          0x00000000000285f9      0x198 build/cooja/contiki-ng-cooja.a(rpl-border-router.o)
                0x00000000000285f9                print_local_addresses
                0x000000000002872f                set_prefix_64
                0x0000000000028772                rpl_border_router_init
 .text          0x0000000000028791      0x1e5 build/cooja/contiki-ng-cooja.a(coap-timer-default.o)
 .text          0x0000000000028976      0x125 build/cooja/contiki-ng-cooja.a(stimer.o)
                0x0000000000028976                stimer_set
                0x00000000000289a5                stimer_reset
                0x00000000000289e1                stimer_restart
                0x0000000000028a00                stimer_expired
                0x0000000000028a42                stimer_remaining
                0x0000000000028a7a                stimer_elapsed
 .text          0x0000000000028a9b      0x19d build/cooja/contiki-ng-cooja.a(ringbuf.o)
                0x0000000000028a9b                ringbuf_init
                0x0000000000028adc                ringbuf_put
                0x0000000000028b6b                ringbuf_get
                0x0000000000028be9                ringbuf_size
                0x0000000000028c05                ringbuf_elements
 .text          0x0000000000028c38      0x72b build/cooja/contiki-ng-cooja.a(slip.o)
                0x0000000000028c38                slip_set_input_callback
                0x0000000000028c52                slip_send
                0x0000000000028c7b                slip_write
                0x0000000000029212                slip_input_byte
 .text          0x0000000000029363      0x481 build/cooja/contiki-ng-cooja.a(link-stats.o)
                0x0000000000029363                link_stats_from_lladdr
                0x000000000002938b                link_stats_get_lladdr
                0x00000000000293b3                link_stats_is_fresh
                0x00000000000293fb                guess_etx_from_rssi
                0x0000000000029480                link_stats_packet_sent
                0x00000000000295e4                link_stats_input_callback
                0x0000000000029746                link_stats_reset
                0x00000000000297a2                link_stats_init
 .text          0x00000000000297e4      0xcb0 build/cooja/contiki-ng-cooja.a(nbr-table.o)
                0x0000000000029c42                nbr_table_count_entries
                0x0000000000029ce1                nbr_table_gc_get_worst
                0x0000000000029d24                nbr_table_can_accept_new
                0x0000000000029ed9                nbr_table_entry_is_allowed
                0x0000000000029f86                nbr_table_register
                0x000000000002a018                nbr_table_is_registered
                0x000000000002a06f                nbr_table_head
                0x000000000002a0dd                nbr_table_next
                0x000000000002a15a                nbr_table_add_lladdr
                0x000000000002a2ba                nbr_table_get_from_lladdr
                0x000000000002a319                nbr_table_remove
                0x000000000002a373                nbr_table_lock
                0x000000000002a3a8                nbr_table_unlock
                0x000000000002a3dd                nbr_table_get_lladdr
                0x000000000002a420                nbr_table_clear
                0x000000000002a45d                nbr_table_key_head
                0x000000000002a476                nbr_table_key_next
 .text          0x000000000002a494      0x1e0 build/cooja/contiki-ng-cooja.a(mac-sequence.o)
                0x000000000002a494                mac_sequence_is_duplicate
                0x000000000002a575                mac_sequence_register_seqno
 .text          0x000000000002a674      0x451 build/cooja/contiki-ng-cooja.a(framer-802154.o)
                0x000000000002a80f                framer_802154_setup_params
 .text          0x000000000002aac5      0xae3 build/cooja/contiki-ng-cooja.a(csma-output.o)
                0x000000000002b2a7                csma_output_packet
                0x000000000002b570                csma_output_init
 .text          0x000000000002b5a8       0x3d build/cooja/contiki-ng-cooja.a(csma-security.o)
                0x000000000002b5a8                csma_security_create_frame
                0x000000000002b5ce                csma_security_parse_frame
 .text          0x000000000002b5e5      0x87f build/cooja/contiki-ng-cooja.a(uip-nd6.o)
                0x000000000002be4a                uip_nd6_init
 .text          0x000000000002be64      0x7e7 build/cooja/contiki-ng-cooja.a(uip-sr.o)
                0x000000000002be64                uip_sr_num_nodes
                0x000000000002bf0f                uip_sr_get_node
                0x000000000002bf77                uip_sr_is_addr_reachable
                0x000000000002c03f                uip_sr_expire_parent
                0x000000000002c0ae                uip_sr_update_node
                0x000000000002c222                uip_sr_init
                0x000000000002c255                uip_sr_node_head
                0x000000000002c26e                uip_sr_node_next
                0x000000000002c28c                uip_sr_periodic
                0x000000000002c3c8                uip_sr_free_all
                0x000000000002c447                uip_sr_link_snprint
 .text          0x000000000002c64b      0x35a build/cooja/contiki-ng-cooja.a(rpl-dag-root.o)
                0x000000000002c64b                rpl_dag_root_print_links
                0x000000000002c7c0                rpl_dag_root_set_prefix
                0x000000000002c7fc                rpl_dag_root_start
                0x000000000002c965                rpl_dag_root_is_root
 .text          0x000000000002c9a5     0x1219 build/cooja/contiki-ng-cooja.a(rpl-dag.o)
                0x000000000002c9a5                rpl_dag_state_to_str
                0x000000000002ca03                rpl_dag_get_root_ipaddr
                0x000000000002ca4d                rpl_dag_leave
                0x000000000002caf8                rpl_dag_poison_and_leave
                0x000000000002cb16                rpl_dag_periodic
                0x000000000002cbda                rpl_is_addr_in_our_dag
                0x000000000002cc36                rpl_get_default_instance
                0x000000000002cc5d                rpl_get_any_dag
                0x000000000002ccca                rpl_refresh_routes
                0x000000000002cd2c                rpl_global_repair
                0x000000000002cdee                rpl_local_repair
                0x000000000002ce50                rpl_dag_ready_to_advertise
                0x000000000002cea8                rpl_dag_update_state
                0x000000000002d76b                rpl_process_dio
                0x000000000002d80d                rpl_process_dis
                0x000000000002d861                rpl_process_dao
                0x000000000002d90a                rpl_process_dao_ack
                0x000000000002d9ba                rpl_process_hbh
                0x000000000002da19                rpl_dag_init_root
                0x000000000002db9a                rpl_dag_init
 .text          0x000000000002dbbe      0xdef build/cooja/contiki-ng-cooja.a(rpl-ext-header.o)
                0x000000000002dbbe                rpl_ext_header_srh_get_next_hop
                0x000000000002dccf                rpl_ext_header_srh_update
                0x000000000002e35e                rpl_ext_header_hbh_update
                0x000000000002e6fe                rpl_ext_header_update
                0x000000000002e7a8                rpl_ext_header_remove
 .text          0x000000000002e9ad     0x16eb build/cooja/contiki-ng-cooja.a(rpl-icmp6.o)
                0x000000000002eb41                rpl_icmp6_update_nbr_table
                0x000000000002ebf6                rpl_icmp6_dis_output
                0x000000000002f31a                rpl_icmp6_dio_output
                0x000000000002fc4a                rpl_icmp6_dao_output
                0x000000000002ffbb                rpl_icmp6_dao_ack_output
                0x0000000000030051                rpl_icmp6_init
 .text          0x0000000000030098      0x36f build/cooja/contiki-ng-cooja.a(rpl-mrhof.o)
 .text          0x0000000000030407       0x8c build/cooja/contiki-ng-cooja.a(rpl-nbr-policy.o)
                0x000000000003044f                rpl_nbr_gc_get_worst
 .text          0x0000000000030493      0xadd build/cooja/contiki-ng-cooja.a(rpl-neighbor.o)
                0x0000000000030526                rpl_neighbor_snprint
                0x0000000000030854                rpl_neighbor_print_list
                0x000000000003092b                rpl_neighbor_count
                0x0000000000030a16                rpl_neighbor_get_from_lladdr
                0x0000000000030a41                rpl_neighbor_is_acceptable_parent
                0x0000000000030a8d                rpl_neighbor_get_link_metric
                0x0000000000030ad9                rpl_neighbor_rank_via_nbr
                0x0000000000030b25                rpl_neighbor_get_lladdr
                0x0000000000030b50                rpl_neighbor_get_ipaddr
                0x0000000000030b7e                rpl_neighbor_get_link_stats
                0x0000000000030bac                rpl_neighbor_is_fresh
                0x0000000000030bda                rpl_neighbor_is_parent
                0x0000000000030c13                rpl_neighbor_set_preferred_parent
                0x0000000000030cca                rpl_neighbor_remove_all
                0x0000000000030d30                rpl_neighbor_get_from_ipaddr
                0x0000000000030e69                rpl_neighbor_select_best
                0x0000000000030f49                rpl_neighbor_init
 .text          0x0000000000030f70      0xd3d build/cooja/contiki-ng-cooja.a(rpl-timers.o)
                0x0000000000030f70                rpl_timers_schedule_periodic_dis
                0x0000000000031126                rpl_timers_dio_reset
                0x00000000000312aa                rpl_timers_schedule_unicast_dio
                0x0000000000031491                rpl_timers_schedule_dao
                0x0000000000031597                rpl_timers_schedule_dao_ack
                0x000000000003165c                rpl_timers_notify_dao_ack
                0x00000000000316d1                get_probing_delay
                0x0000000000031718                get_probing_target
                0x0000000000031956                rpl_schedule_probing
                0x000000000003199d                rpl_schedule_probing_now
                0x0000000000031a2b                rpl_timers_unschedule_leaving
                0x0000000000031a75                rpl_timers_schedule_leaving
                0x0000000000031ad3                rpl_timers_init
                0x0000000000031b85                rpl_timers_stop_dag_timers
                0x0000000000031c27                rpl_timers_unschedule_state_update
                0x0000000000031c54                rpl_timers_schedule_state_update
 .text          0x0000000000031cad      0x21c build/cooja/contiki-ng-cooja.a(border-router-embedded.o)
 .text          0x0000000000031ec9       0x34 build/cooja/contiki-ng-cooja.a(assert.o)
                0x0000000000031ec9                _xassert
 .text          0x0000000000031efd       0x3a build/cooja/contiki-ng-cooja.a(mac.o)
                0x0000000000031efd                mac_call_sent_callback
 .text          0x0000000000031f37      0xca9 build/cooja/contiki-ng-cooja.a(frame802154.o)
                0x0000000000031f65                frame802154_get_pan_id
                0x0000000000031f76                frame802154_set_pan_id
                0x0000000000031f92                frame802154_has_panid
                0x0000000000032171                frame802154_check_dest_panid
                0x000000000003220f                frame802154_is_broadcast_addr
                0x0000000000032266                frame802154_extract_linkaddr
                0x0000000000032500                frame802154_hdrlen
                0x000000000003257f                frame802154_create_fcf
                0x0000000000032651                frame802154_create
                0x00000000000327fb                frame802154_parse_fcf
                0x00000000000328f2                frame802154_parse
 .text          0x0000000000032be0        0x0 /usr/lib/gcc/x86_64-linux-gnu/11/crtendS.o
 .text          0x0000000000032be0        0x0 /usr/lib/gcc/x86_64-linux-gnu/11/../../../x86_64-linux-gnu/crtn.o
 *(.gnu.warning)

.fini           0x0000000000032be0        0xd
 *(SORT_NONE(.fini))
 .fini          0x0000000000032be0        0x8 /usr/lib/gcc/x86_64-linux-gnu/11/../../../x86_64-linux-gnu/crti.o
                0x0000000000032be0                _fini
 .fini          0x0000000000032be8        0x5 /usr/lib/gcc/x86_64-linux-gnu/11/../../../x86_64-linux-gnu/crtn.o
                [!provide]                        PROVIDE (__etext = .)
                [!provide]                        PROVIDE (_etext = .)
                [!provide]                        PROVIDE (etext = .)
                0x0000000000033000                . = ALIGN (CONSTANT (MAXPAGESIZE))
                0x0000000000033000                . = SEGMENT_START ("rodata-segment", (ALIGN (CONSTANT (MAXPAGESIZE)) + (. & (CONSTANT (MAXPAGESIZE) - 0x1))))

.rodata         0x0000000000033000      0xc95
 *(.rodata .rodata.* .gnu.linkonce.r.*)
 .rodata        0x0000000000033000       0x93 coap_server_led.o
 .rodata        0x0000000000033093        0x6 build/cooja/contiki-ng-cooja.a(leds-arch.o)
                0x0000000000033093                leds_arch_leds
 .rodata        0x0000000000033099        0x4 build/cooja/contiki-ng-cooja.a(pir-sensor.o)
 .rodata        0x000000000003309d        0x3 build/cooja/contiki-ng-cooja.a(rs232.o)
 .rodata        0x00000000000330a0        0xa build/cooja/contiki-ng-cooja.a(vib-sensor.o)
 *fill*         0x00000000000330aa        0x6 
 .rodata        0x00000000000330b0       0x26 build/cooja/contiki-ng-cooja.a(cfs-cooja.o)
 *fill*         0x00000000000330d6        0x2 
 .rodata        0x00000000000330d8       0x68 build/cooja/contiki-ng-cooja.a(cooja-radio.o)
 .rodata        0x0000000000033140        0x8 build/cooja/contiki-ng-cooja.a(sensors.o)
 .rodata        0x0000000000033148       0x14 build/cooja/contiki-ng-cooja.a(buttons.o)
                0x0000000000033154                button_hal_button_count
 *fill*         0x000000000003315c        0x4 
 .rodata        0x0000000000033160       0x82 build/cooja/contiki-ng-cooja.a(res-leds.o)
 .rodata        0x00000000000331e2       0x41 build/cooja/contiki-ng-cooja.a(coap-engine.o)
 .rodata        0x0000000000033223       0x11 build/cooja/contiki-ng-cooja.a(coap-observe.o)
 .rodata        0x0000000000033234       0x19 build/cooja/contiki-ng-cooja.a(coap-res-well-known-core.o)
 .rodata        0x000000000003324d       0x35 build/cooja/contiki-ng-cooja.a(coap-uip.o)
 *fill*         0x0000000000033282        0x6 
 .rodata        0x0000000000033288      0x1b0 build/cooja/contiki-ng-cooja.a(coap.o)
 .rodata        0x0000000000033438       0xf4 build/cooja/contiki-ng-cooja.a(contiki-main.o)
 .rodata        0x000000000003352c        0xf build/cooja/contiki-ng-cooja.a(ctimer.o)
 .rodata        0x000000000003353b        0xc build/cooja/contiki-ng-cooja.a(etimer.o)
 *fill*         0x0000000000033547        0x1 
 .rodata        0x0000000000033548       0xc0 build/cooja/contiki-ng-cooja.a(log.o)
 .rodata        0x0000000000033608       0x13 build/cooja/contiki-ng-cooja.a(button-hal.o)
 .rodata        0x000000000003361b        0xe build/cooja/contiki-ng-cooja.a(serial-line.o)
 *fill*         0x0000000000033629        0x7 
 .rodata        0x0000000000033630        0x8 build/cooja/contiki-ng-cooja.a(linkaddr.o)
                0x0000000000033630                linkaddr_null
 *fill*         0x0000000000033638        0x8 
 .rodata        0x0000000000033640      0x280 build/cooja/contiki-ng-cooja.a(strformat.o)
 .rodata        0x00000000000338c0        0x5 build/cooja/contiki-ng-cooja.a(csma.o)
 .rodata        0x00000000000338c5       0x1d build/cooja/contiki-ng-cooja.a(sicslowpan.o)
                0x00000000000338c5                unc_llconf
                0x00000000000338c9                unc_ctxconf
                0x00000000000338cd                unc_mxconf
                0x00000000000338d1                llprefix
 .rodata        0x00000000000338e2        0xd build/cooja/contiki-ng-cooja.a(tcpip.o)
 *fill*         0x00000000000338ef        0x1 
 .rodata        0x00000000000338f0       0xb9 build/cooja/contiki-ng-cooja.a(uip-ds6-route.o)
 .rodata        0x00000000000339a9       0x2d build/cooja/contiki-ng-cooja.a(uiplib.o)
 .rodata        0x00000000000339d6        0x9 build/cooja/contiki-ng-cooja.a(rpl.o)
 .rodata        0x00000000000339df       0x11 build/cooja/contiki-ng-cooja.a(slip-bridge.o)
 .rodata        0x00000000000339f0       0x31 build/cooja/contiki-ng-cooja.a(rpl-border-router.o)
 .rodata        0x0000000000033a21       0x13 build/cooja/contiki-ng-cooja.a(coap-timer-default.o)
 .rodata        0x0000000000033a34        0xc build/cooja/contiki-ng-cooja.a(slip.o)
 .rodata        0x0000000000033a40       0x2a build/cooja/contiki-ng-cooja.a(csma-output.o)
 .rodata        0x0000000000033a6a       0x44 build/cooja/contiki-ng-cooja.a(uip-sr.o)
 .rodata        0x0000000000033aae       0xd7 build/cooja/contiki-ng-cooja.a(rpl-dag.o)
 *fill*         0x0000000000033b85        0x3 
 .rodata        0x0000000000033b88       0x58 build/cooja/contiki-ng-cooja.a(rpl-neighbor.o)
 .rodata        0x0000000000033be0        0xc build/cooja/contiki-ng-cooja.a(rpl-timers.o)
 .rodata        0x0000000000033bec       0x80 build/cooja/contiki-ng-cooja.a(border-router-embedded.o)
 *fill*         0x0000000000033c6c        0x4 
 .rodata        0x0000000000033c70       0x25 build/cooja/contiki-ng-cooja.a(assert.o)

.rodata1
 *(.rodata1)

.eh_frame_hdr   0x0000000000033c98     0x1b44
 *(.eh_frame_hdr)
 .eh_frame_hdr  0x0000000000033c98     0x1b44 coap_server_led.o
                0x0000000000033c98                __GNU_EH_FRAME_HDR
 *(.eh_frame_entry .eh_frame_entry.*)

.eh_frame       0x00000000000357e0     0x6d80
 *(.eh_frame)
 .eh_frame      0x00000000000357e0       0x40 /usr/lib/gcc/x86_64-linux-gnu/11/../../../x86_64-linux-gnu/crti.o
 .eh_frame      0x0000000000035820       0x18 /usr/lib/gcc/x86_64-linux-gnu/11/../../../x86_64-linux-gnu/crti.o
                                         0x30 (size before relaxing)
 .eh_frame      0x0000000000035838       0x18 /usr/lib/gcc/x86_64-linux-gnu/11/../../../x86_64-linux-gnu/crti.o
                                         0x30 (size before relaxing)
 .eh_frame      0x0000000000035850       0x20 coap_server_led.o
                                         0x38 (size before relaxing)
 .eh_frame      0x0000000000035870      0x198 build/cooja/mtype837065663.o
                                        0x1b0 (size before relaxing)
 .eh_frame      0x0000000000035a08       0x40 build/cooja/contiki-ng-cooja.a(simEnvChange.o)
                                         0x58 (size before relaxing)
 .eh_frame      0x0000000000035a48       0x60 build/cooja/contiki-ng-cooja.a(cooja_mt.o)
                                         0x78 (size before relaxing)
 .eh_frame      0x0000000000035aa8       0x80 build/cooja/contiki-ng-cooja.a(cooja_mtarch.o)
                                         0x98 (size before relaxing)
 .eh_frame      0x0000000000035b28       0xc0 build/cooja/contiki-ng-cooja.a(rtimer-arch.o)
                                         0xd8 (size before relaxing)
 .eh_frame      0x0000000000035be8      0x160 build/cooja/contiki-ng-cooja.a(beep.o)
                                        0x178 (size before relaxing)
 .eh_frame      0x0000000000035d48       0x80 build/cooja/contiki-ng-cooja.a(leds-arch.o)
                                         0x98 (size before relaxing)
 .eh_frame      0x0000000000035dc8       0x40 build/cooja/contiki-ng-cooja.a(moteid.o)
                                         0x58 (size before relaxing)
 .eh_frame      0x0000000000035e08       0xa0 build/cooja/contiki-ng-cooja.a(pir-sensor.o)
                                         0xb8 (size before relaxing)
 .eh_frame      0x0000000000035ea8      0x100 build/cooja/contiki-ng-cooja.a(rs232.o)
                                        0x118 (size before relaxing)
 .eh_frame      0x0000000000035fa8       0xa0 build/cooja/contiki-ng-cooja.a(vib-sensor.o)
                                         0xb8 (size before relaxing)
 .eh_frame      0x0000000000036048       0xc0 build/cooja/contiki-ng-cooja.a(clock.o)
                                         0xd8 (size before relaxing)
 .eh_frame      0x0000000000036108      0x100 build/cooja/contiki-ng-cooja.a(cooja-log.o)
                                        0x118 (size before relaxing)
 .eh_frame      0x0000000000036208      0x160 build/cooja/contiki-ng-cooja.a(cfs-cooja.o)
                                        0x178 (size before relaxing)
 .eh_frame      0x0000000000036368      0x360 build/cooja/contiki-ng-cooja.a(cooja-radio.o)
                                        0x378 (size before relaxing)
 .eh_frame      0x00000000000366c8       0xa0 build/cooja/contiki-ng-cooja.a(eeprom.o)
                                         0xb8 (size before relaxing)
 .eh_frame      0x0000000000036768       0x40 build/cooja/contiki-ng-cooja.a(random.o)
                                         0x58 (size before relaxing)
 .eh_frame      0x00000000000367a8       0xc0 build/cooja/contiki-ng-cooja.a(sensors.o)
                                         0xd8 (size before relaxing)
 .eh_frame      0x0000000000036868      0x120 build/cooja/contiki-ng-cooja.a(leds.o)
                                        0x138 (size before relaxing)
 .eh_frame      0x0000000000036988      0x220 build/cooja/contiki-ng-cooja.a(gpio-hal-arch.o)
                                        0x238 (size before relaxing)
 .eh_frame      0x0000000000036ba8       0xa0 build/cooja/contiki-ng-cooja.a(buttons.o)
                                         0xb8 (size before relaxing)
 .eh_frame      0x0000000000036c48       0x20 build/cooja/contiki-ng-cooja.a(res-leds.o)
                                         0x38 (size before relaxing)
 .eh_frame      0x0000000000036c68      0x220 build/cooja/contiki-ng-cooja.a(coap-engine.o)
                                        0x238 (size before relaxing)
 .eh_frame      0x0000000000036e88      0x188 build/cooja/contiki-ng-cooja.a(coap-observe.o)
                                        0x1a0 (size before relaxing)
 .eh_frame      0x0000000000037010       0x20 build/cooja/contiki-ng-cooja.a(coap-res-well-known-core.o)
                                         0x38 (size before relaxing)
 .eh_frame      0x0000000000037030      0x108 build/cooja/contiki-ng-cooja.a(coap-timer.o)
                                        0x120 (size before relaxing)
 .eh_frame      0x0000000000037138      0x100 build/cooja/contiki-ng-cooja.a(coap-transactions.o)
                                        0x118 (size before relaxing)
 .eh_frame      0x0000000000037238      0x248 build/cooja/contiki-ng-cooja.a(coap-uip.o)
                                        0x260 (size before relaxing)
 .eh_frame      0x0000000000037480      0x6e8 build/cooja/contiki-ng-cooja.a(coap.o)
                                        0x700 (size before relaxing)
 .eh_frame      0x0000000000037b68       0x20 build/cooja/contiki-ng-cooja.a(contiki-main.o)
                                         0x38 (size before relaxing)
 .eh_frame      0x0000000000037b88       0x40 build/cooja/contiki-ng-cooja.a(autostart.o)
                                         0x58 (size before relaxing)
 .eh_frame      0x0000000000037bc8      0x100 build/cooja/contiki-ng-cooja.a(ctimer.o)
                                        0x118 (size before relaxing)
 .eh_frame      0x0000000000037cc8       0x60 build/cooja/contiki-ng-cooja.a(energest.o)
                                         0x78 (size before relaxing)
 .eh_frame      0x0000000000037d28      0x1e0 build/cooja/contiki-ng-cooja.a(etimer.o)
                                        0x1f8 (size before relaxing)
 .eh_frame      0x0000000000037f08      0x120 build/cooja/contiki-ng-cooja.a(log.o)
                                        0x138 (size before relaxing)
 .eh_frame      0x0000000000038028       0x20 build/cooja/contiki-ng-cooja.a(node-id.o)
                                         0x38 (size before relaxing)
 .eh_frame      0x0000000000038048      0x1c8 build/cooja/contiki-ng-cooja.a(process.o)
                                        0x1e0 (size before relaxing)
 .eh_frame      0x0000000000038210       0x60 build/cooja/contiki-ng-cooja.a(rtimer.o)
                                         0x78 (size before relaxing)
 .eh_frame      0x0000000000038270       0xa0 build/cooja/contiki-ng-cooja.a(timer.o)
                                         0xb8 (size before relaxing)
 .eh_frame      0x0000000000038310      0x1a0 build/cooja/contiki-ng-cooja.a(list.o)
                                        0x1b8 (size before relaxing)
 .eh_frame      0x00000000000384b0       0xa0 build/cooja/contiki-ng-cooja.a(memb.o)
                                         0xb8 (size before relaxing)
 .eh_frame      0x0000000000038550      0x160 build/cooja/contiki-ng-cooja.a(button-hal.o)
                                        0x178 (size before relaxing)
 .eh_frame      0x00000000000386b0       0xe0 build/cooja/contiki-ng-cooja.a(gpio-hal.o)
                                         0xf8 (size before relaxing)
 .eh_frame      0x0000000000038790       0x60 build/cooja/contiki-ng-cooja.a(serial-line.o)
                                         0x78 (size before relaxing)
 .eh_frame      0x00000000000387f0       0x60 build/cooja/contiki-ng-cooja.a(linkaddr.o)
                                         0x78 (size before relaxing)
 .eh_frame      0x0000000000038850       0x80 build/cooja/contiki-ng-cooja.a(netstack.o)
                                         0x98 (size before relaxing)
 .eh_frame      0x00000000000388d0      0x288 build/cooja/contiki-ng-cooja.a(packetbuf.o)
                                        0x2a0 (size before relaxing)
 .eh_frame      0x0000000000038b58      0x1a0 build/cooja/contiki-ng-cooja.a(queuebuf.o)
                                        0x1b8 (size before relaxing)
 .eh_frame      0x0000000000038cf8       0x40 build/cooja/contiki-ng-cooja.a(printf.o)
                                         0x58 (size before relaxing)
 .eh_frame      0x0000000000038d38       0x20 build/cooja/contiki-ng-cooja.a(putchar.o)
                                         0x38 (size before relaxing)
 .eh_frame      0x0000000000038d58       0x20 build/cooja/contiki-ng-cooja.a(puts.o)
                                         0x38 (size before relaxing)
 .eh_frame      0x0000000000038d78       0x60 build/cooja/contiki-ng-cooja.a(snprintf.o)
                                         0x78 (size before relaxing)
 .eh_frame      0x0000000000038dd8      0x120 build/cooja/contiki-ng-cooja.a(strformat.o)
                                        0x138 (size before relaxing)
 .eh_frame      0x0000000000038ef8       0xe0 build/cooja/contiki-ng-cooja.a(csma.o)
                                         0xf8 (size before relaxing)
 .eh_frame      0x0000000000038fd8      0x2e0 build/cooja/contiki-ng-cooja.a(sicslowpan.o)
                                        0x2f8 (size before relaxing)
 .eh_frame      0x00000000000392b8      0x248 build/cooja/contiki-ng-cooja.a(tcpip.o)
                                        0x260 (size before relaxing)
 .eh_frame      0x0000000000039500      0x1c0 build/cooja/contiki-ng-cooja.a(uip-ds6-nbr.o)
                                        0x1d8 (size before relaxing)
 .eh_frame      0x00000000000396c0      0x300 build/cooja/contiki-ng-cooja.a(uip-ds6-route.o)
                                        0x318 (size before relaxing)
 .eh_frame      0x00000000000399c0      0x328 build/cooja/contiki-ng-cooja.a(uip-ds6.o)
                                        0x340 (size before relaxing)
 .eh_frame      0x0000000000039ce8      0x148 build/cooja/contiki-ng-cooja.a(uip-icmp6.o)
                                        0x160 (size before relaxing)
 .eh_frame      0x0000000000039e30       0xe0 build/cooja/contiki-ng-cooja.a(uip-packetqueue.o)
                                         0xf8 (size before relaxing)
 .eh_frame      0x0000000000039f10       0x40 build/cooja/contiki-ng-cooja.a(uip-udp-packet.o)
                                         0x58 (size before relaxing)
 .eh_frame      0x0000000000039f50      0x1e8 build/cooja/contiki-ng-cooja.a(uip6.o)
                                        0x200 (size before relaxing)
 .eh_frame      0x000000000003a138      0x200 build/cooja/contiki-ng-cooja.a(uipbuf.o)
                                        0x218 (size before relaxing)
 .eh_frame      0x000000000003a338       0x80 build/cooja/contiki-ng-cooja.a(uiplib.o)
                                         0x98 (size before relaxing)
 .eh_frame      0x000000000003a3b8      0x1e0 build/cooja/contiki-ng-cooja.a(rpl.o)
                                        0x1f8 (size before relaxing)
 .eh_frame      0x000000000003a598       0x80 build/cooja/contiki-ng-cooja.a(slip-bridge.o)
                                         0x98 (size before relaxing)
 .eh_frame      0x000000000003a618       0xa0 build/cooja/contiki-ng-cooja.a(watchdog.o)
                                         0xb8 (size before relaxing)
 .eh_frame      0x000000000003a6b8       0x80 build/cooja/contiki-ng-cooja.a(int-master.o)
                                         0x98 (size before relaxing)
 .eh_frame      0x000000000003a738       0x20 build/cooja/contiki-ng-cooja.a(slip-arch.o)
                                         0x38 (size before relaxing)
 .eh_frame      0x000000000003a758       0x60 build/cooja/contiki-ng-cooja.a(rpl-border-router.o)
                                         0x78 (size before relaxing)
 .eh_frame      0x000000000003a7b8       0xa0 build/cooja/contiki-ng-cooja.a(coap-timer-default.o)
                                         0xb8 (size before relaxing)
 .eh_frame      0x000000000003a858       0xc0 build/cooja/contiki-ng-cooja.a(stimer.o)
                                         0xd8 (size before relaxing)
 .eh_frame      0x000000000003a918       0xa0 build/cooja/contiki-ng-cooja.a(ringbuf.o)
                                         0xb8 (size before relaxing)
 .eh_frame      0x000000000003a9b8       0xe0 build/cooja/contiki-ng-cooja.a(slip.o)
                                         0xf8 (size before relaxing)
 .eh_frame      0x000000000003aa98      0x120 build/cooja/contiki-ng-cooja.a(link-stats.o)
                                        0x138 (size before relaxing)
 .eh_frame      0x000000000003abb8      0x3e0 build/cooja/contiki-ng-cooja.a(nbr-table.o)
                                        0x3f8 (size before relaxing)
 .eh_frame      0x000000000003af98       0x48 build/cooja/contiki-ng-cooja.a(mac-sequence.o)
                                         0x60 (size before relaxing)
 .eh_frame      0x000000000003afe0       0xa8 build/cooja/contiki-ng-cooja.a(framer-802154.o)
                                         0xc0 (size before relaxing)
 .eh_frame      0x000000000003b088      0x1c8 build/cooja/contiki-ng-cooja.a(csma-output.o)
                                        0x1e0 (size before relaxing)
 .eh_frame      0x000000000003b250       0x40 build/cooja/contiki-ng-cooja.a(csma-security.o)
                                         0x58 (size before relaxing)
 .eh_frame      0x000000000003b290       0x80 build/cooja/contiki-ng-cooja.a(uip-nd6.o)
                                         0x98 (size before relaxing)
 .eh_frame      0x000000000003b310      0x180 build/cooja/contiki-ng-cooja.a(uip-sr.o)
                                        0x198 (size before relaxing)
 .eh_frame      0x000000000003b490       0xa0 build/cooja/contiki-ng-cooja.a(rpl-dag-root.o)
                                         0xb8 (size before relaxing)
 .eh_frame      0x000000000003b530      0x360 build/cooja/contiki-ng-cooja.a(rpl-dag.o)
                                        0x378 (size before relaxing)
 .eh_frame      0x000000000003b890      0x128 build/cooja/contiki-ng-cooja.a(rpl-ext-header.o)
                                        0x140 (size before relaxing)
 .eh_frame      0x000000000003b9b8      0x1c0 build/cooja/contiki-ng-cooja.a(rpl-icmp6.o)
                                        0x1d8 (size before relaxing)
 .eh_frame      0x000000000003bb78      0x148 build/cooja/contiki-ng-cooja.a(rpl-mrhof.o)
                                        0x160 (size before relaxing)
 .eh_frame      0x000000000003bcc0       0x40 build/cooja/contiki-ng-cooja.a(rpl-nbr-policy.o)
                                         0x58 (size before relaxing)
 .eh_frame      0x000000000003bd00      0x2b0 build/cooja/contiki-ng-cooja.a(rpl-neighbor.o)
                                        0x2c8 (size before relaxing)
 .eh_frame      0x000000000003bfb0      0x3a8 build/cooja/contiki-ng-cooja.a(rpl-timers.o)
                                        0x3c0 (size before relaxing)
 .eh_frame      0x000000000003c358       0x20 build/cooja/contiki-ng-cooja.a(border-router-embedded.o)
                                         0x38 (size before relaxing)
 .eh_frame      0x000000000003c378       0x20 build/cooja/contiki-ng-cooja.a(assert.o)
                                         0x38 (size before relaxing)
 .eh_frame      0x000000000003c398       0x20 build/cooja/contiki-ng-cooja.a(mac.o)
                                         0x38 (size before relaxing)
 .eh_frame      0x000000000003c3b8      0x1a4 build/cooja/contiki-ng-cooja.a(frame802154.o)
                                        0x1c0 (size before relaxing)
 .eh_frame      0x000000000003c55c        0x4 /usr/lib/gcc/x86_64-linux-gnu/11/crtendS.o
 *(.eh_frame.*)

.gcc_except_table
 *(.gcc_except_table .gcc_except_table.*)

.gnu_extab
 *(.gnu_extab*)

.exception_ranges
 *(.exception_ranges*)
                0x000000000003d690                . = DATA_SEGMENT_ALIGN (CONSTANT (MAXPAGESIZE), CONSTANT (COMMONPAGESIZE))

.eh_frame
 *(.eh_frame)
 *(.eh_frame.*)

.gnu_extab
 *(.gnu_extab)

.gcc_except_table
 *(.gcc_except_table .gcc_except_table.*)

.exception_ranges
 *(.exception_ranges*)

.tdata
 *(.tdata .tdata.* .gnu.linkonce.td.*)

.tbss
 *(.tbss .tbss.* .gnu.linkonce.tb.*)
 *(.tcommon)

.preinit_array
 *(.preinit_array)

.init_array     0x000000000003d690        0x8
 *(SORT_BY_INIT_PRIORITY(.init_array.*) SORT_BY_INIT_PRIORITY(.ctors.*))
 *(.init_array EXCLUDE_FILE(*crtend?.o *crtend.o *crtbegin?.o *crtbegin.o) .ctors)
 .init_array    0x000000000003d690        0x8 /usr/lib/gcc/x86_64-linux-gnu/11/crtbeginS.o

.fini_array     0x000000000003d698        0x8
 *(SORT_BY_INIT_PRIORITY(.fini_array.*) SORT_BY_INIT_PRIORITY(.dtors.*))
 *(.fini_array EXCLUDE_FILE(*crtend?.o *crtend.o *crtbegin?.o *crtbegin.o) .dtors)
 .fini_array    0x000000000003d698        0x8 /usr/lib/gcc/x86_64-linux-gnu/11/crtbeginS.o

.ctors
 *crtbegin.o(.ctors)
 *crtbegin?.o(.ctors)
 *(EXCLUDE_FILE(*crtend?.o *crtend.o) .ctors)
 *(SORT_BY_NAME(.ctors.*))
 *(.ctors)

.dtors
 *crtbegin.o(.dtors)
 *crtbegin?.o(.dtors)
 *(EXCLUDE_FILE(*crtend?.o *crtend.o) .dtors)
 *(SORT_BY_NAME(.dtors.*))
 *(.dtors)

.jcr
 *(.jcr)

.data.rel.ro    0x000000000003d6a0      0x370
 *(.data.rel.ro.local* .gnu.linkonce.d.rel.ro.local.*)
 .data.rel.ro.local
                0x000000000003d6a0       0x10 build/cooja/contiki-ng-cooja.a(beep.o)
                0x000000000003d6a0                beep_interface
 .data.rel.ro.local
                0x000000000003d6b0       0x10 build/cooja/contiki-ng-cooja.a(leds-arch.o)
                0x000000000003d6b0                leds_interface
 .data.rel.ro.local
                0x000000000003d6c0       0x10 build/cooja/contiki-ng-cooja.a(moteid.o)
                0x000000000003d6c0                moteid_interface
 *fill*         0x000000000003d6d0       0x10 
 .data.rel.ro.local
                0x000000000003d6e0       0x40 build/cooja/contiki-ng-cooja.a(pir-sensor.o)
                0x000000000003d6e0                pir_interface
                0x000000000003d700                pir_sensor
 .data.rel.ro.local
                0x000000000003d720       0x10 build/cooja/contiki-ng-cooja.a(rs232.o)
                0x000000000003d720                rs232_interface
 *fill*         0x000000000003d730       0x10 
 .data.rel.ro.local
                0x000000000003d740       0x40 build/cooja/contiki-ng-cooja.a(vib-sensor.o)
                0x000000000003d740                vib_interface
                0x000000000003d760                vib_sensor
 .data.rel.ro.local
                0x000000000003d780       0x10 build/cooja/contiki-ng-cooja.a(clock.o)
                0x000000000003d780                clock_interface
 .data.rel.ro.local
                0x000000000003d790       0x10 build/cooja/contiki-ng-cooja.a(cooja-log.o)
                0x000000000003d790                simlog_interface
 .data.rel.ro.local
                0x000000000003d7a0       0x10 build/cooja/contiki-ng-cooja.a(cfs-cooja.o)
                0x000000000003d7a0                cfs_interface
 *fill*         0x000000000003d7b0       0x10 
 .data.rel.ro.local
                0x000000000003d7c0       0x90 build/cooja/contiki-ng-cooja.a(cooja-radio.o)
                0x000000000003d7c0                radio_interface
                0x000000000003d7e0                cooja_radio_driver
 .data.rel.ro.local
                0x000000000003d850       0x10 build/cooja/contiki-ng-cooja.a(eeprom.o)
                0x000000000003d850                eeprom_interface
 .data.rel.ro.local
                0x000000000003d860       0x40 build/cooja/contiki-ng-cooja.a(buttons.o)
                0x000000000003d860                button_interface
                0x000000000003d880                button_sensor
 .data.rel.ro.local
                0x000000000003d8a0       0x38 build/cooja/contiki-ng-cooja.a(csma.o)
                0x000000000003d8a0                csma_driver
 *fill*         0x000000000003d8d8        0x8 
 .data.rel.ro.local
                0x000000000003d8e0       0x10 build/cooja/contiki-ng-cooja.a(slip-bridge.o)
                0x000000000003d8e0                rpl_interface
 .data.rel.ro.local
                0x000000000003d8f0       0x18 build/cooja/contiki-ng-cooja.a(coap-timer-default.o)
                0x000000000003d8f0                coap_timer_default_driver
 *fill*         0x000000000003d908        0x8 
 .data.rel.ro.local
                0x000000000003d910       0x18 build/cooja/contiki-ng-cooja.a(framer-802154.o)
                0x000000000003d910                framer_802154
 *(.data.rel.ro .data.rel.ro.* .gnu.linkonce.d.rel.ro.*)
 .data.rel.ro   0x000000000003d928        0x0 /usr/lib/gcc/x86_64-linux-gnu/11/../../../x86_64-linux-gnu/crti.o
 *fill*         0x000000000003d928        0x8 
 .data.rel.ro   0x000000000003d930       0x10 coap_server_led.o
                0x000000000003d930                autostart_processes
 .data.rel.ro   0x000000000003d940       0x20 build/cooja/contiki-ng-cooja.a(sicslowpan.o)
                0x000000000003d940                sicslowpan_driver
 .data.rel.ro   0x000000000003d960       0xa8 build/cooja/contiki-ng-cooja.a(rpl.o)
                0x000000000003d960                rpl_lite_driver
 .data.rel.ro   0x000000000003da08        0x8 build/cooja/contiki-ng-cooja.a(rpl-dag.o)

.dynamic        0x000000000003da10      0x1c0
 *(.dynamic)
 .dynamic       0x000000000003da10      0x1c0 /usr/lib/gcc/x86_64-linux-gnu/11/../../../x86_64-linux-gnu/crti.o
                0x000000000003da10                _DYNAMIC

.got            0x000000000003dbd0      0x420
 *(.got)
 .got           0x000000000003dbd0      0x420 /usr/lib/gcc/x86_64-linux-gnu/11/../../../x86_64-linux-gnu/crti.o
 *(.igot)
                0x000000000003efe8                . = DATA_SEGMENT_RELRO_END (., (SIZEOF (.got.plt) >= 0x18)?0x18:0x0)

.got.plt        0x000000000003e000      0xcc8
 *(.got.plt)
 .got.plt       0x000000000003e000      0xcc8 /usr/lib/gcc/x86_64-linux-gnu/11/../../../x86_64-linux-gnu/crti.o
                0x000000000003e000                _GLOBAL_OFFSET_TABLE_
 *(.igot.plt)

.data           0x000000000003ece0      0x982
 *(.data .data.* .gnu.linkonce.d.*)
 .data          0x000000000003ece0        0x0 /usr/lib/gcc/x86_64-linux-gnu/11/../../../x86_64-linux-gnu/crti.o
 .data          0x000000000003ece0        0x0 /usr/lib/gcc/x86_64-linux-gnu/11/crtbeginS.o
 .data.rel.local
                0x000000000003ece0        0x8 /usr/lib/gcc/x86_64-linux-gnu/11/crtbeginS.o
                0x000000000003ece0                __dso_handle
 .data          0x000000000003ece8        0x0 coap_server_led.o
 *fill*         0x000000000003ece8       0x18 
 .data.rel.local
                0x000000000003ed00       0x20 coap_server_led.o
                0x000000000003ed00                contiki_ng_br_coap_server
 .data          0x000000000003ed20        0x0 build/cooja/mtype837065663.o
 .data.rel      0x000000000003ed20       0xa0 build/cooja/mtype837065663.o
                0x000000000003ed20                simInterfaces
                0x000000000003eda0                sensors
 .data          0x000000000003edc0        0x0 build/cooja/contiki-ng-cooja.a(simEnvChange.o)
 .data          0x000000000003edc0        0x0 build/cooja/contiki-ng-cooja.a(cooja_mt.o)
 .data          0x000000000003edc0        0x0 build/cooja/contiki-ng-cooja.a(cooja_mtarch.o)
 .data          0x000000000003edc0        0x0 build/cooja/contiki-ng-cooja.a(rtimer-arch.o)
 .data          0x000000000003edc0        0x0 build/cooja/contiki-ng-cooja.a(beep.o)
 .data          0x000000000003edc0        0x0 build/cooja/contiki-ng-cooja.a(leds-arch.o)
 .data          0x000000000003edc0        0x0 build/cooja/contiki-ng-cooja.a(moteid.o)
 .data          0x000000000003edc0        0x0 build/cooja/contiki-ng-cooja.a(pir-sensor.o)
 .data          0x000000000003edc0        0x0 build/cooja/contiki-ng-cooja.a(rs232.o)
 .data          0x000000000003edc0        0x0 build/cooja/contiki-ng-cooja.a(vib-sensor.o)
 .data          0x000000000003edc0        0x0 build/cooja/contiki-ng-cooja.a(clock.o)
 .data          0x000000000003edc0        0x0 build/cooja/contiki-ng-cooja.a(cooja-log.o)
 .data          0x000000000003edc0        0x0 build/cooja/contiki-ng-cooja.a(cfs-cooja.o)
 .data          0x000000000003edc0       0x20 build/cooja/contiki-ng-cooja.a(cooja-radio.o)
                0x000000000003edc0                simRadioHWOn
                0x000000000003edc4                simSignalStrength
                0x000000000003edc8                simLastSignalStrength
                0x000000000003edcc                simPower
                0x000000000003edd0                simRadioChannel
                0x000000000003edd4                simLQI
                0x000000000003edd8                simLastLQI
 .data.rel.local
                0x000000000003ede0       0x20 build/cooja/contiki-ng-cooja.a(cooja-radio.o)
                0x000000000003ede0                cooja_radio_process
 .data          0x000000000003ee00        0x0 build/cooja/contiki-ng-cooja.a(eeprom.o)
 .data          0x000000000003ee00        0x0 build/cooja/contiki-ng-cooja.a(random.o)
 .data          0x000000000003ee00        0x0 build/cooja/contiki-ng-cooja.a(sensors.o)
 .data.rel.local
                0x000000000003ee00       0x20 build/cooja/contiki-ng-cooja.a(sensors.o)
                0x000000000003ee00                sensors_process
 .data          0x000000000003ee20        0x0 build/cooja/contiki-ng-cooja.a(leds.o)
 .data          0x000000000003ee20        0x0 build/cooja/contiki-ng-cooja.a(gpio-hal-arch.o)
 .data          0x000000000003ee20        0x1 build/cooja/contiki-ng-cooja.a(buttons.o)
                0x000000000003ee20                simButtonIsActive
 *fill*         0x000000000003ee21       0x1f 
 .data.rel.local
                0x000000000003ee40       0xb0 build/cooja/contiki-ng-cooja.a(buttons.o)
                0x000000000003eee0                button_hal_buttons
 .data          0x000000000003eef0        0x0 build/cooja/contiki-ng-cooja.a(res-leds.o)
 *fill*         0x000000000003eef0       0x10 
 .data.rel.local
                0x000000000003ef00       0x48 build/cooja/contiki-ng-cooja.a(res-leds.o)
                0x000000000003ef00                res_leds
 .data          0x000000000003ef48        0x0 build/cooja/contiki-ng-cooja.a(coap-engine.o)
 .data.rel.local
                0x000000000003ef48       0x10 build/cooja/contiki-ng-cooja.a(coap-engine.o)
 .data          0x000000000003ef58        0x0 build/cooja/contiki-ng-cooja.a(coap-observe.o)
 *fill*         0x000000000003ef58        0x8 
 .data.rel.local
                0x000000000003ef60       0x20 build/cooja/contiki-ng-cooja.a(coap-observe.o)
 .data          0x000000000003ef80        0x0 build/cooja/contiki-ng-cooja.a(coap-res-well-known-core.o)
 .data.rel.local
                0x000000000003ef80       0x48 build/cooja/contiki-ng-cooja.a(coap-res-well-known-core.o)
                0x000000000003ef80                res_well_known_core
 .data          0x000000000003efc8        0x0 build/cooja/contiki-ng-cooja.a(coap-timer.o)
 .data.rel.local
                0x000000000003efc8        0x8 build/cooja/contiki-ng-cooja.a(coap-timer.o)
 .data          0x000000000003efd0        0x0 build/cooja/contiki-ng-cooja.a(coap-transactions.o)
 .data.rel.local
                0x000000000003efd0       0x20 build/cooja/contiki-ng-cooja.a(coap-transactions.o)
 .data          0x000000000003eff0        0x0 build/cooja/contiki-ng-cooja.a(coap-uip.o)
 *fill*         0x000000000003eff0       0x10 
 .data.rel.local
                0x000000000003f000       0x20 build/cooja/contiki-ng-cooja.a(coap-uip.o)
                0x000000000003f000                coap_engine
 .data          0x000000000003f020        0x0 build/cooja/contiki-ng-cooja.a(coap.o)
 .data.rel.local
                0x000000000003f020        0x8 build/cooja/contiki-ng-cooja.a(coap.o)
                0x000000000003f020                coap_error_message
 .data          0x000000000003f028        0x0 build/cooja/contiki-ng-cooja.a(contiki-main.o)
 .data          0x000000000003f028        0x0 build/cooja/contiki-ng-cooja.a(autostart.o)
 .data          0x000000000003f028        0x0 build/cooja/contiki-ng-cooja.a(ctimer.o)
 *fill*         0x000000000003f028       0x18 
 .data.rel.local
                0x000000000003f040       0x40 build/cooja/contiki-ng-cooja.a(ctimer.o)
                0x000000000003f060                ctimer_process
 .data          0x000000000003f080        0x0 build/cooja/contiki-ng-cooja.a(energest.o)
 .data          0x000000000003f080        0x0 build/cooja/contiki-ng-cooja.a(etimer.o)
 .data.rel.local
                0x000000000003f080       0x20 build/cooja/contiki-ng-cooja.a(etimer.o)
                0x000000000003f080                etimer_process
 .data          0x000000000003f0a0        0x4 build/cooja/contiki-ng-cooja.a(log.o)
                0x000000000003f0a0                curr_log_level_main
 *fill*         0x000000000003f0a4       0x1c 
 .data.rel      0x000000000003f0c0      0x138 build/cooja/contiki-ng-cooja.a(log.o)
                0x000000000003f0c0                all_modules
 .data          0x000000000003f1f8        0x0 build/cooja/contiki-ng-cooja.a(node-id.o)
 .data          0x000000000003f1f8        0x0 build/cooja/contiki-ng-cooja.a(process.o)
 .data          0x000000000003f1f8        0x0 build/cooja/contiki-ng-cooja.a(rtimer.o)
 .data          0x000000000003f1f8        0x0 build/cooja/contiki-ng-cooja.a(timer.o)
 .data          0x000000000003f1f8        0x0 build/cooja/contiki-ng-cooja.a(list.o)
 .data          0x000000000003f1f8        0x0 build/cooja/contiki-ng-cooja.a(memb.o)
 .data          0x000000000003f1f8        0x0 build/cooja/contiki-ng-cooja.a(button-hal.o)
 *fill*         0x000000000003f1f8        0x8 
 .data.rel.local
                0x000000000003f200       0x20 build/cooja/contiki-ng-cooja.a(button-hal.o)
                0x000000000003f200                button_hal_process
 .data          0x000000000003f220        0x0 build/cooja/contiki-ng-cooja.a(gpio-hal.o)
 .data.rel.local
                0x000000000003f220        0x8 build/cooja/contiki-ng-cooja.a(gpio-hal.o)
 .data          0x000000000003f228        0x0 build/cooja/contiki-ng-cooja.a(serial-line.o)
 *fill*         0x000000000003f228       0x18 
 .data.rel.local
                0x000000000003f240       0x20 build/cooja/contiki-ng-cooja.a(serial-line.o)
                0x000000000003f240                serial_line_process
 .data          0x000000000003f260        0x0 build/cooja/contiki-ng-cooja.a(linkaddr.o)
 .data          0x000000000003f260        0x0 build/cooja/contiki-ng-cooja.a(netstack.o)
 .data.rel.local
                0x000000000003f260        0x8 build/cooja/contiki-ng-cooja.a(netstack.o)
 .data          0x000000000003f268        0x0 build/cooja/contiki-ng-cooja.a(packetbuf.o)
 .data.rel.local
                0x000000000003f268        0x8 build/cooja/contiki-ng-cooja.a(packetbuf.o)
 .data          0x000000000003f270        0x0 build/cooja/contiki-ng-cooja.a(queuebuf.o)
 .data.rel.local
                0x000000000003f270       0x38 build/cooja/contiki-ng-cooja.a(queuebuf.o)
 .data          0x000000000003f2a8        0x0 build/cooja/contiki-ng-cooja.a(printf.o)
 *fill*         0x000000000003f2a8        0x8 
 .data.rel.local
                0x000000000003f2b0       0x10 build/cooja/contiki-ng-cooja.a(printf.o)
 .data          0x000000000003f2c0        0x0 build/cooja/contiki-ng-cooja.a(putchar.o)
 .data          0x000000000003f2c0        0x0 build/cooja/contiki-ng-cooja.a(puts.o)
 .data          0x000000000003f2c0        0x0 build/cooja/contiki-ng-cooja.a(snprintf.o)
 .data          0x000000000003f2c0        0x0 build/cooja/contiki-ng-cooja.a(strformat.o)
 .data          0x000000000003f2c0        0x0 build/cooja/contiki-ng-cooja.a(csma.o)
 .data          0x000000000003f2c0        0x0 build/cooja/contiki-ng-cooja.a(sicslowpan.o)
 .data          0x000000000003f2c0        0x0 build/cooja/contiki-ng-cooja.a(tcpip.o)
 .data.rel.local
                0x000000000003f2c0       0x20 build/cooja/contiki-ng-cooja.a(tcpip.o)
                0x000000000003f2c0                tcpip_process
 .data          0x000000000003f2e0        0x0 build/cooja/contiki-ng-cooja.a(uip-ds6-nbr.o)
 .data.rel.local
                0x000000000003f2e0       0x20 build/cooja/contiki-ng-cooja.a(uip-ds6-nbr.o)
 .data          0x000000000003f300        0x0 build/cooja/contiki-ng-cooja.a(uip-ds6-route.o)
 .data.rel.local
                0x000000000003f300       0x80 build/cooja/contiki-ng-cooja.a(uip-ds6-route.o)
                0x000000000003f318                nbr_routes
 .data          0x000000000003f380        0x0 build/cooja/contiki-ng-cooja.a(uip-ds6.o)